[    0.000000] Linux version 5.10.9-1-default (geeko@buildhost) (gcc (SUSE Linux) 10.2.1 20201202 [revision e563687cf9d3d1278f45aaebd03e0f66531076c9], GNU ld (GNU Binutils; openSUSE Tumbleweed) 2.35.1.20201112-1) #1 SMP Wed Jan 20 07:26:11 UTC 2021 (b7732a5)
[    0.000000] Command line: BOOT_IMAGE=/boot/vmlinuz-5.10.9-1-default root=UUID=ca37cd4c-3972-4adc-8bc0-4ef58521a319 splash=silent resume=/dev/disk/by-uuid/d4a44229-f984-4439-bba3-022698f6b4af quiet mitigations=auto
[    0.000000] x86/fpu: Supporting XSAVE feature 0x001: 'x87 floating point registers'
[    0.000000] x86/fpu: Supporting XSAVE feature 0x002: 'SSE registers'
[    0.000000] x86/fpu: Supporting XSAVE feature 0x004: 'AVX registers'
[    0.000000] x86/fpu: xstate_offset[2]:  576, xstate_sizes[2]:  256
[    0.000000] x86/fpu: Enabled xstate features 0x7, context size is 832 bytes, using 'compacted' format.
[    0.000000] BIOS-provided physical RAM map:
[    0.000000] BIOS-e820: [mem 0x0000000000000000-0x000000000009efff] usable
[    0.000000] BIOS-e820: [mem 0x000000000009f000-0x00000000000bffff] reserved
[    0.000000] BIOS-e820: [mem 0x0000000000100000-0x0000000009afffff] usable
[    0.000000] BIOS-e820: [mem 0x0000000009b00000-0x0000000009dfffff] reserved
[    0.000000] BIOS-e820: [mem 0x0000000009e00000-0x0000000009efffff] usable
[    0.000000] BIOS-e820: [mem 0x0000000009f00000-0x0000000009f0cfff] ACPI NVS
[    0.000000] BIOS-e820: [mem 0x0000000009f0d000-0x00000000bab68fff] usable
[    0.000000] BIOS-e820: [mem 0x00000000bab69000-0x00000000bbd68fff] reserved
[    0.000000] BIOS-e820: [mem 0x00000000bbd69000-0x00000000c9f7efff] usable
[    0.000000] BIOS-e820: [mem 0x00000000c9f7f000-0x00000000ccf7efff] reserved
[    0.000000] BIOS-e820: [mem 0x00000000ccf7f000-0x00000000cdf7efff] ACPI NVS
[    0.000000] BIOS-e820: [mem 0x00000000cdf7f000-0x00000000cdffefff] ACPI data
[    0.000000] BIOS-e820: [mem 0x00000000cdfff000-0x00000000cdffffff] usable
[    0.000000] BIOS-e820: [mem 0x00000000ce000000-0x00000000ceffffff] reserved
[    0.000000] BIOS-e820: [mem 0x00000000f8000000-0x00000000fbffffff] reserved
[    0.000000] BIOS-e820: [mem 0x00000000fde00000-0x00000000fdefffff] reserved
[    0.000000] BIOS-e820: [mem 0x00000000fec00000-0x00000000fec00fff] reserved
[    0.000000] BIOS-e820: [mem 0x00000000fec10000-0x00000000fec10fff] reserved
[    0.000000] BIOS-e820: [mem 0x00000000fed80000-0x00000000fed80fff] reserved
[    0.000000] BIOS-e820: [mem 0x00000000fee00000-0x00000000fee00fff] reserved
[    0.000000] BIOS-e820: [mem 0x00000000ff000000-0x00000000fff1ffff] reserved
[    0.000000] BIOS-e820: [mem 0x0000000100000000-0x000000020f33ffff] usable
[    0.000000] BIOS-e820: [mem 0x000000020f340000-0x000000022fffffff] reserved
[    0.000000] NX (Execute Disable) protection: active
[    0.000000] e820: update [mem 0xb5097018-0xb50b6e57] usable ==> usable
[    0.000000] e820: update [mem 0xb5097018-0xb50b6e57] usable ==> usable
[    0.000000] e820: update [mem 0xb5088018-0xb5096057] usable ==> usable
[    0.000000] e820: update [mem 0xb5088018-0xb5096057] usable ==> usable
[    0.000000] e820: update [mem 0xb507a018-0xb5087457] usable ==> usable
[    0.000000] e820: update [mem 0xb507a018-0xb5087457] usable ==> usable
[    0.000000] extended physical RAM map:
[    0.000000] reserve setup_data: [mem 0x0000000000000000-0x000000000009efff] usable
[    0.000000] reserve setup_data: [mem 0x000000000009f000-0x00000000000bffff] reserved
[    0.000000] reserve setup_data: [mem 0x0000000000100000-0x0000000009afffff] usable
[    0.000000] reserve setup_data: [mem 0x0000000009b00000-0x0000000009dfffff] reserved
[    0.000000] reserve setup_data: [mem 0x0000000009e00000-0x0000000009efffff] usable
[    0.000000] reserve setup_data: [mem 0x0000000009f00000-0x0000000009f0cfff] ACPI NVS
[    0.000000] reserve setup_data: [mem 0x0000000009f0d000-0x00000000b507a017] usable
[    0.000000] reserve setup_data: [mem 0x00000000b507a018-0x00000000b5087457] usable
[    0.000000] reserve setup_data: [mem 0x00000000b5087458-0x00000000b5088017] usable
[    0.000000] reserve setup_data: [mem 0x00000000b5088018-0x00000000b5096057] usable
[    0.000000] reserve setup_data: [mem 0x00000000b5096058-0x00000000b5097017] usable
[    0.000000] reserve setup_data: [mem 0x00000000b5097018-0x00000000b50b6e57] usable
[    0.000000] reserve setup_data: [mem 0x00000000b50b6e58-0x00000000bab68fff] usable
[    0.000000] reserve setup_data: [mem 0x00000000bab69000-0x00000000bbd68fff] reserved
[    0.000000] reserve setup_data: [mem 0x00000000bbd69000-0x00000000c9f7efff] usable
[    0.000000] reserve setup_data: [mem 0x00000000c9f7f000-0x00000000ccf7efff] reserved
[    0.000000] reserve setup_data: [mem 0x00000000ccf7f000-0x00000000cdf7efff] ACPI NVS
[    0.000000] reserve setup_data: [mem 0x00000000cdf7f000-0x00000000cdffefff] ACPI data
[    0.000000] reserve setup_data: [mem 0x00000000cdfff000-0x00000000cdffffff] usable
[    0.000000] reserve setup_data: [mem 0x00000000ce000000-0x00000000ceffffff] reserved
[    0.000000] reserve setup_data: [mem 0x00000000f8000000-0x00000000fbffffff] reserved
[    0.000000] reserve setup_data: [mem 0x00000000fde00000-0x00000000fdefffff] reserved
[    0.000000] reserve setup_data: [mem 0x00000000fec00000-0x00000000fec00fff] reserved
[    0.000000] reserve setup_data: [mem 0x00000000fec10000-0x00000000fec10fff] reserved
[    0.000000] reserve setup_data: [mem 0x00000000fed80000-0x00000000fed80fff] reserved
[    0.000000] reserve setup_data: [mem 0x00000000fee00000-0x00000000fee00fff] reserved
[    0.000000] reserve setup_data: [mem 0x00000000ff000000-0x00000000fff1ffff] reserved
[    0.000000] reserve setup_data: [mem 0x0000000100000000-0x000000020f33ffff] usable
[    0.000000] reserve setup_data: [mem 0x000000020f340000-0x000000022fffffff] reserved
[    0.000000] efi: EFI v2.70 by INSYDE Corp.
[    0.000000] efi: ACPI=0xcdffe000 ACPI 2.0=0xcdffe014 TPMFinalLog=0xcdedc000 SMBIOS=0xcb70d000 SMBIOS 3.0=0xcb70b000 ESRT=0xb64aa598 MEMATTR=0xb50c7018 RNG=0xcb708118 TPMEventLog=0xb50b7018 
[    0.000000] efi: seeding entropy pool
[    0.000000] random: fast init done
[    0.000000] SMBIOS 3.2.0 present.
[    0.000000] DMI: LENOVO 82B5/LNVNB161216, BIOS EUCN28WW 10/20/2020
[    0.000000] tsc: Fast TSC calibration using PIT
[    0.000000] tsc: Detected 2894.527 MHz processor
[    0.000349] e820: update [mem 0x00000000-0x00000fff] usable ==> reserved
[    0.000350] e820: remove [mem 0x000a0000-0x000fffff] usable
[    0.000355] last_pfn = 0x20f340 max_arch_pfn = 0x400000000
[    0.000360] MTRR default type: uncachable
[    0.000360] MTRR fixed ranges enabled:
[    0.000361]   00000-9FFFF write-back
[    0.000361]   A0000-BFFFF uncachable
[    0.000362]   C0000-DFFFF write-through
[    0.000362]   E0000-FFFFF uncachable
[    0.000363] MTRR variable ranges enabled:
[    0.000364]   0 base 000000000000 mask FFFF80000000 write-back
[    0.000365]   1 base 000080000000 mask FFFFC0000000 write-back
[    0.000365]   2 base 0000C0000000 mask FFFFF0000000 write-back
[    0.000366]   3 base 0000FF000000 mask FFFFFF000000 write-protect
[    0.000366]   4 disabled
[    0.000366]   5 disabled
[    0.000367]   6 disabled
[    0.000367]   7 disabled
[    0.000368] TOM2: 0000000230000000 aka 8960M
[    0.000666] x86/PAT: Configuration [0-7]: WB  WC  UC- UC  WB  WP  UC- WT  
[    0.000765] last_pfn = 0xce000 max_arch_pfn = 0x400000000
[    0.004674] esrt: Reserving ESRT space from 0x00000000b64aa598 to 0x00000000b64aa5f8.
[    0.004679] e820: update [mem 0xb64aa000-0xb64aafff] usable ==> reserved
[    0.004695] check: Scanning 1 areas for low memory corruption
[    0.004699] Using GB pages for direct mapping
[    0.005413] Secure boot enabled
[    0.005414] RAMDISK: [mem 0x3f10f000-0x3fffafff]
[    0.005425] ACPI: Early table checksum verification disabled
[    0.005428] ACPI: RSDP 0x00000000CDFFE014 000024 (v02 LENOVO)
[    0.005430] ACPI: XSDT 0x00000000CDFC2188 000124 (v01 LENOVO CB-01    00000001      01000013)
[    0.005435] ACPI: FACP 0x00000000CDFEC000 00010C (v05 LENOVO CB-01    00000001      01000013)
[    0.005438] ACPI: DSDT 0x00000000CDFD9000 00F8C1 (v01 LENOVO CB-01    00000001      01000013)
[    0.005440] ACPI: FACS 0x00000000CDED9000 000040
[    0.005442] ACPI: UEFI 0x00000000CDF7E000 000236 (v01 LENOVO CB-01    00000001 ACPI 00040000)
[    0.005444] ACPI: SSDT 0x00000000CDFFC000 000C5D (v01 LENOVO CB-01    00000001 INTL 20130117)
[    0.005446] ACPI: SSDT 0x00000000CDFF4000 007216 (v02 LENOVO CB-01    00000001 MSFT 04000000)
[    0.005448] ACPI: IVRS 0x00000000CDFF3000 0001A4 (v02 LENOVO CB-01    00000001 AMD  00000000)
[    0.005449] ACPI: SSDT 0x00000000CDFF2000 000228 (v01 LENOVO CB-01    00000001 INTL 20130117)
[    0.005451] ACPI: SSDT 0x00000000CDFF1000 00047E (v01 LENOVO CB-01    00000001 INTL 20130117)
[    0.005453] ACPI: TPM2 0x00000000CDFF0000 000034 (v04 LENOVO CB-01    00000001      01000013)
[    0.005455] ACPI: MSDM 0x00000000CDFEF000 000055 (v03 LENOVO CB-01    00000001 ACPI 00040000)
[    0.005457] ACPI: ASF! 0x00000000CDFEE000 0000A5 (v32 LENOVO CB-01    00000001      01000013)
[    0.005459] ACPI: BOOT 0x00000000CDFED000 000028 (v01 LENOVO CB-01    00000001      01000013)
[    0.005461] ACPI: HPET 0x00000000CDFEB000 000038 (v01 LENOVO CB-01    00000001      01000013)
[    0.005463] ACPI: APIC 0x00000000CDFEA000 000138 (v03 LENOVO CB-01    00000001      01000013)
[    0.005464] ACPI: MCFG 0x00000000CDFE9000 00003C (v01 LENOVO CB-01    00000001      01000013)
[    0.005466] ACPI: SSDT 0x00000000CDFD8000 000080 (v01 LENOVO CB-01    00000001      01000013)
[    0.005468] ACPI: SSDT 0x00000000CDFD7000 000D0C (v01 LENOVO CB-01    00000001 INTL 20130117)
[    0.005470] ACPI: VFCT 0x00000000CDFC9000 00D484 (v01 LENOVO CB-01    00000001 AMD  31504F47)
[    0.005472] ACPI: SSDT 0x00000000CDFC5000 0039F4 (v01 LENOVO CB-01    00000001 AMD  00000001)
[    0.005473] ACPI: CRAT 0x00000000CDFC4000 000F28 (v01 LENOVO CB-01    00000001 AMD  00000001)
[    0.005475] ACPI: CDIT 0x00000000CDFC3000 000029 (v01 LENOVO CB-01    00000001 AMD  00000001)
[    0.005477] ACPI: SSDT 0x00000000CDFFD000 00005C (v02 LENOVO CB-01    00000001 INTL 20160527)
[    0.005479] ACPI: SSDT 0x00000000CDFC1000 00005C (v02 LENOVO CB-01    00000001 INTL 20160527)
[    0.005480] ACPI: SSDT 0x00000000CDFC0000 0000F8 (v01 LENOVO CB-01    00000001 INTL 20130117)
[    0.005482] ACPI: SSDT 0x00000000CDFBF000 00028D (v01 LENOVO CB-01    00000001 INTL 20130117)
[    0.005484] ACPI: SSDT 0x00000000CDFBE000 000D37 (v01 LENOVO CB-01    00000001 INTL 20130117)
[    0.005486] ACPI: SSDT 0x00000000CDFBC000 0010A5 (v01 LENOVO CB-01    00000001 INTL 20130117)
[    0.005488] ACPI: SSDT 0x00000000CDFB8000 0030C8 (v01 LENOVO CB-01    00000001 INTL 20130117)
[    0.005490] ACPI: FPDT 0x00000000CDFB7000 000044 (v01 LENOVO CB-01    00000001      01000013)
[    0.005492] ACPI: WSMT 0x00000000CDFB5000 000028 (v01 LENOVO CB-01    00000001 ACPI 00040000)
[    0.005493] ACPI: SSDT 0x00000000CDFB4000 00007D (v01 LENOVO CB-01    00000001 INTL 20130117)
[    0.005495] ACPI: SSDT 0x00000000CDFB3000 000517 (v01 LENOVO CB-01    00000001 INTL 20130117)
[    0.005497] ACPI: BGRT 0x00000000CDFB6000 000038 (v01 LENOVO CB-01    00000001 ACPI 00040000)
[    0.005502] ACPI: Local APIC address 0xfee00000
[    0.005548] No NUMA configuration found
[    0.005548] Faking a node at [mem 0x0000000000000000-0x000000020f33ffff]
[    0.005554] NODE_DATA(0) allocated [mem 0x20f32a000-0x20f33ffff]
[    0.005588] Zone ranges:
[    0.005589]   DMA      [mem 0x0000000000001000-0x0000000000ffffff]
[    0.005590]   DMA32    [mem 0x0000000001000000-0x00000000ffffffff]
[    0.005591]   Normal   [mem 0x0000000100000000-0x000000020f33ffff]
[    0.005591]   Device   empty
[    0.005592] Movable zone start for each node
[    0.005593] Early memory node ranges
[    0.005594]   node   0: [mem 0x0000000000001000-0x000000000009efff]
[    0.005594]   node   0: [mem 0x0000000000100000-0x0000000009afffff]
[    0.005595]   node   0: [mem 0x0000000009e00000-0x0000000009efffff]
[    0.005595]   node   0: [mem 0x0000000009f0d000-0x00000000bab68fff]
[    0.005596]   node   0: [mem 0x00000000bbd69000-0x00000000c9f7efff]
[    0.005596]   node   0: [mem 0x00000000cdfff000-0x00000000cdffffff]
[    0.005597]   node   0: [mem 0x0000000100000000-0x000000020f33ffff]
[    0.005773] Zeroed struct page in unavailable ranges: 33455 pages
[    0.005774] Initmem setup node 0 [mem 0x0000000000001000-0x000000020f33ffff]
[    0.005775] On node 0 totalpages: 1932625
[    0.005775]   DMA zone: 64 pages used for memmap
[    0.005776]   DMA zone: 23 pages reserved
[    0.005777]   DMA zone: 3998 pages, LIFO batch:0
[    0.005801]   DMA32 zone: 12778 pages used for memmap
[    0.005802]   DMA32 zone: 817779 pages, LIFO batch:63
[    0.013621]   Normal zone: 17357 pages used for memmap
[    0.013625]   Normal zone: 1110848 pages, LIFO batch:63
[    0.014431] ACPI: PM-Timer IO Port: 0x408
[    0.014433] ACPI: Local APIC address 0xfee00000
[    0.014439] ACPI: LAPIC_NMI (acpi_id[0x00] high edge lint[0x1])
[    0.014439] ACPI: LAPIC_NMI (acpi_id[0x01] high edge lint[0x1])
[    0.014440] ACPI: LAPIC_NMI (acpi_id[0x02] high edge lint[0x1])
[    0.014440] ACPI: LAPIC_NMI (acpi_id[0x03] high edge lint[0x1])
[    0.014440] ACPI: LAPIC_NMI (acpi_id[0x04] high edge lint[0x1])
[    0.014441] ACPI: LAPIC_NMI (acpi_id[0x05] high edge lint[0x1])
[    0.014441] ACPI: LAPIC_NMI (acpi_id[0x06] high edge lint[0x1])
[    0.014442] ACPI: LAPIC_NMI (acpi_id[0x07] high edge lint[0x1])
[    0.014442] ACPI: LAPIC_NMI (acpi_id[0x08] high edge lint[0x1])
[    0.014442] ACPI: LAPIC_NMI (acpi_id[0x09] high edge lint[0x1])
[    0.014443] ACPI: LAPIC_NMI (acpi_id[0x0a] high edge lint[0x1])
[    0.014443] ACPI: LAPIC_NMI (acpi_id[0x0b] high edge lint[0x1])
[    0.014443] ACPI: LAPIC_NMI (acpi_id[0x0c] high edge lint[0x1])
[    0.014444] ACPI: LAPIC_NMI (acpi_id[0x0d] high edge lint[0x1])
[    0.014444] ACPI: LAPIC_NMI (acpi_id[0x0e] high edge lint[0x1])
[    0.014445] ACPI: LAPIC_NMI (acpi_id[0x0f] high edge lint[0x1])
[    0.014458] IOAPIC[0]: apic_id 33, version 33, address 0xfec00000, GSI 0-23
[    0.014462] IOAPIC[1]: apic_id 34, version 33, address 0xfec01000, GSI 24-55
[    0.014463] ACPI: INT_SRC_OVR (bus 0 bus_irq 0 global_irq 2 dfl dfl)
[    0.014464] ACPI: INT_SRC_OVR (bus 0 bus_irq 9 global_irq 9 low level)
[    0.014465] ACPI: IRQ0 used by override.
[    0.014466] ACPI: IRQ9 used by override.
[    0.014467] Using ACPI (MADT) for SMP configuration information
[    0.014468] ACPI: HPET id: 0x10228210 base: 0xfed00000
[    0.014476] e820: update [mem 0xb43c0000-0xb49aefff] usable ==> reserved
[    0.014486] smpboot: Allowing 16 CPUs, 0 hotplug CPUs
[    0.014505] PM: hibernation: Registered nosave memory: [mem 0x00000000-0x00000fff]
[    0.014507] PM: hibernation: Registered nosave memory: [mem 0x0009f000-0x000bffff]
[    0.014507] PM: hibernation: Registered nosave memory: [mem 0x000c0000-0x000fffff]
[    0.014508] PM: hibernation: Registered nosave memory: [mem 0x09b00000-0x09dfffff]
[    0.014509] PM: hibernation: Registered nosave memory: [mem 0x09f00000-0x09f0cfff]
[    0.014510] PM: hibernation: Registered nosave memory: [mem 0xb43c0000-0xb49aefff]
[    0.014511] PM: hibernation: Registered nosave memory: [mem 0xb507a000-0xb507afff]
[    0.014512] PM: hibernation: Registered nosave memory: [mem 0xb5087000-0xb5087fff]
[    0.014513] PM: hibernation: Registered nosave memory: [mem 0xb5088000-0xb5088fff]
[    0.014514] PM: hibernation: Registered nosave memory: [mem 0xb5096000-0xb5096fff]
[    0.014514] PM: hibernation: Registered nosave memory: [mem 0xb5097000-0xb5097fff]
[    0.014515] PM: hibernation: Registered nosave memory: [mem 0xb50b6000-0xb50b6fff]
[    0.014516] PM: hibernation: Registered nosave memory: [mem 0xb64aa000-0xb64aafff]
[    0.014518] PM: hibernation: Registered nosave memory: [mem 0xbab69000-0xbbd68fff]
[    0.014519] PM: hibernation: Registered nosave memory: [mem 0xc9f7f000-0xccf7efff]
[    0.014519] PM: hibernation: Registered nosave memory: [mem 0xccf7f000-0xcdf7efff]
[    0.014520] PM: hibernation: Registered nosave memory: [mem 0xcdf7f000-0xcdffefff]
[    0.014521] PM: hibernation: Registered nosave memory: [mem 0xce000000-0xceffffff]
[    0.014521] PM: hibernation: Registered nosave memory: [mem 0xcf000000-0xf7ffffff]
[    0.014521] PM: hibernation: Registered nosave memory: [mem 0xf8000000-0xfbffffff]
[    0.014522] PM: hibernation: Registered nosave memory: [mem 0xfc000000-0xfddfffff]
[    0.014522] PM: hibernation: Registered nosave memory: [mem 0xfde00000-0xfdefffff]
[    0.014523] PM: hibernation: Registered nosave memory: [mem 0xfdf00000-0xfebfffff]
[    0.014523] PM: hibernation: Registered nosave memory: [mem 0xfec00000-0xfec00fff]
[    0.014523] PM: hibernation: Registered nosave memory: [mem 0xfec01000-0xfec0ffff]
[    0.014524] PM: hibernation: Registered nosave memory: [mem 0xfec10000-0xfec10fff]
[    0.014524] PM: hibernation: Registered nosave memory: [mem 0xfec11000-0xfed7ffff]
[    0.014524] PM: hibernation: Registered nosave memory: [mem 0xfed80000-0xfed80fff]
[    0.014525] PM: hibernation: Registered nosave memory: [mem 0xfed81000-0xfedfffff]
[    0.014525] PM: hibernation: Registered nosave memory: [mem 0xfee00000-0xfee00fff]
[    0.014525] PM: hibernation: Registered nosave memory: [mem 0xfee01000-0xfeffffff]
[    0.014526] PM: hibernation: Registered nosave memory: [mem 0xff000000-0xfff1ffff]
[    0.014526] PM: hibernation: Registered nosave memory: [mem 0xfff20000-0xffffffff]
[    0.014527] [mem 0xcf000000-0xf7ffffff] available for PCI devices
[    0.014528] Booting paravirtualized kernel on bare hardware
[    0.014531] clocksource: refined-jiffies: mask: 0xffffffff max_cycles: 0xffffffff, max_idle_ns: 7645519600211568 ns
[    0.017851] setup_percpu: NR_CPUS:512 nr_cpumask_bits:512 nr_cpu_ids:16 nr_node_ids:1
[    0.018654] percpu: Embedded 58 pages/cpu s200704 r8192 d28672 u262144
[    0.018660] pcpu-alloc: s200704 r8192 d28672 u262144 alloc=1*2097152
[    0.018661] pcpu-alloc: [0] 00 01 02 03 04 05 06 07 [0] 08 09 10 11 12 13 14 15 
[    0.018684] Built 1 zonelists, mobility grouping on.  Total pages: 1902403
[    0.018685] Policy zone: Normal
[    0.018686] Kernel command line: BOOT_IMAGE=/boot/vmlinuz-5.10.9-1-default root=UUID=ca37cd4c-3972-4adc-8bc0-4ef58521a319 splash=silent resume=/dev/disk/by-uuid/d4a44229-f984-4439-bba3-022698f6b4af quiet mitigations=auto
[    0.018721] printk: log_buf_len individual max cpu contribution: 32768 bytes
[    0.018722] printk: log_buf_len total cpu_extra contributions: 491520 bytes
[    0.018722] printk: log_buf_len min size: 262144 bytes
[    0.019565] printk: log_buf_len: 1048576 bytes
[    0.019565] printk: early log buf free: 244576(93%)
[    0.020787] Dentry cache hash table entries: 1048576 (order: 11, 8388608 bytes, linear)
[    0.021385] Inode-cache hash table entries: 524288 (order: 10, 4194304 bytes, linear)
[    0.021427] mem auto-init: stack:off, heap alloc:off, heap free:off
[    0.041987] Memory: 3158104K/7730500K available (14344K kernel code, 2573K rwdata, 8460K rodata, 2092K init, 13672K bss, 403860K reserved, 0K cma-reserved)
[    0.041996] random: get_random_u64 called from __kmem_cache_create+0x28/0x520 with crng_init=1
[    0.042117] SLUB: HWalign=64, Order=0-3, MinObjects=0, CPUs=16, Nodes=1
[    0.042128] ftrace: allocating 41211 entries in 161 pages
[    0.051708] ftrace: allocated 161 pages with 3 groups
[    0.051819] rcu: Hierarchical RCU implementation.
[    0.051820] rcu: 	RCU event tracing is enabled.
[    0.051820] rcu: 	RCU restricting CPUs from NR_CPUS=512 to nr_cpu_ids=16.
[    0.051821] 	Trampoline variant of Tasks RCU enabled.
[    0.051821] 	Rude variant of Tasks RCU enabled.
[    0.051821] 	Tracing variant of Tasks RCU enabled.
[    0.051822] rcu: RCU calculated value of scheduler-enlistment delay is 25 jiffies.
[    0.051823] rcu: Adjusting geometry for rcu_fanout_leaf=16, nr_cpu_ids=16
[    0.054259] NR_IRQS: 33024, nr_irqs: 1096, preallocated irqs: 16
[    0.054635] random: crng done (trusting CPU's manufacturer)
[    0.054657] Console: colour dummy device 80x25
[    0.054667] printk: console [tty0] enabled
[    0.054680] ACPI: Core revision 20200925
[    0.054879] clocksource: hpet: mask: 0xffffffff max_cycles: 0xffffffff, max_idle_ns: 133484873504 ns
[    0.054897] APIC: Switch to symmetric I/O mode setup
[    0.055599] AMD-Vi: ivrs, add hid:AMDI0020, uid:\_SB.FUR0, rdevid:160
[    0.055599] AMD-Vi: ivrs, add hid:AMDI0020, uid:\_SB.FUR1, rdevid:160
[    0.055600] AMD-Vi: ivrs, add hid:AMDI0020, uid:\_SB.FUR2, rdevid:160
[    0.055600] AMD-Vi: ivrs, add hid:AMDI0020, uid:\_SB.FUR3, rdevid:160
[    0.151437] Switched APIC routing to physical flat.
[    0.152157] ..TIMER: vector=0x30 apic1=0 pin1=2 apic2=-1 pin2=-1
[    0.170904] clocksource: tsc-early: mask: 0xffffffffffffffff max_cycles: 0x29b910cb848, max_idle_ns: 440795272948 ns
[    0.170909] Calibrating delay loop (skipped), value calculated using timer frequency.. 5789.05 BogoMIPS (lpj=11578108)
[    0.170912] pid_max: default: 32768 minimum: 301
[    0.174964] LSM: Security Framework initializing
[    0.174999] AppArmor: AppArmor initialized
[    0.175054] Mount-cache hash table entries: 16384 (order: 5, 131072 bytes, linear)
[    0.175072] Mountpoint-cache hash table entries: 16384 (order: 5, 131072 bytes, linear)
[    0.175337] x86/cpu: User Mode Instruction Prevention (UMIP) activated
[    0.175392] LVT offset 1 assigned for vector 0xf9
[    0.175488] LVT offset 2 assigned for vector 0xf4
[    0.175513] Last level iTLB entries: 4KB 1024, 2MB 1024, 4MB 512
[    0.175514] Last level dTLB entries: 4KB 2048, 2MB 2048, 4MB 1024, 1GB 0
[    0.175518] Spectre V1 : Mitigation: usercopy/swapgs barriers and __user pointer sanitization
[    0.175520] Spectre V2 : Mitigation: Full AMD retpoline
[    0.175521] Spectre V2 : Spectre v2 / SpectreRSB mitigation: Filling RSB on context switch
[    0.175521] Spectre V2 : Enabling Restricted Speculation for firmware calls
[    0.175523] Spectre V2 : mitigation: Enabling conditional Indirect Branch Prediction Barrier
[    0.175523] Spectre V2 : User space: Mitigation: STIBP via seccomp and prctl
[    0.175524] Speculative Store Bypass: Mitigation: Speculative Store Bypass disabled via prctl and seccomp
[    0.175812] Freeing SMP alternatives memory: 36K
[    0.287749] smpboot: CPU0: AMD Ryzen 7 4800H with Radeon Graphics (family: 0x17, model: 0x60, stepping: 0x1)
[    0.287918] Performance Events: Fam17h+ core perfctr, AMD PMU driver.
[    0.287922] ... version:                0
[    0.287922] ... bit width:              48
[    0.287923] ... generic registers:      6
[    0.287923] ... value mask:             0000ffffffffffff
[    0.287923] ... max period:             00007fffffffffff
[    0.287924] ... fixed-purpose events:   0
[    0.287924] ... event mask:             000000000000003f
[    0.287976] rcu: Hierarchical SRCU implementation.
[    0.288291] NMI watchdog: Enabled. Permanently consumes one hw-PMU counter.
[    0.288437] smp: Bringing up secondary CPUs ...
[    0.288511] x86: Booting SMP configuration:
[    0.288512] .... node  #0, CPUs:        #1  #2  #3  #4  #5  #6  #7  #8
[    0.305221] TSC synchronization [CPU#0 -> CPU#8]:
[    0.305221] Measured 4524 cycles TSC warp between CPUs, turning off TSC clock.
[    0.305222] tsc: Marking TSC unstable due to check_tsc_sync_source failed
[    0.305224]   #9 #10 #11 #12 #13 #14 #15
[    0.307175] smp: Brought up 1 node, 16 CPUs
[    0.307175] smpboot: Max logical packages: 1
[    0.307175] smpboot: Total of 16 processors activated (92624.86 BogoMIPS)
[    0.318142] node 0 deferred pages initialised in 8ms
[    0.318974] devtmpfs: initialized
[    0.318974] x86/mm: Memory block size: 128MB
[    0.319643] PM: Registering ACPI NVS region [mem 0x09f00000-0x09f0cfff] (53248 bytes)
[    0.319643] PM: Registering ACPI NVS region [mem 0xccf7f000-0xcdf7efff] (16777216 bytes)
[    0.319643] clocksource: jiffies: mask: 0xffffffff max_cycles: 0xffffffff, max_idle_ns: 7645041785100000 ns
[    0.319643] futex hash table entries: 4096 (order: 6, 262144 bytes, linear)
[    0.319643] pinctrl core: initialized pinctrl subsystem
[    0.319643] PM: RTC time: 11:06:17, date: 2021-02-03
[    0.319801] NET: Registered protocol family 16
[    0.319890] DMA: preallocated 1024 KiB GFP_KERNEL pool for atomic allocations
[    0.319894] DMA: preallocated 1024 KiB GFP_KERNEL|GFP_DMA pool for atomic allocations
[    0.319898] DMA: preallocated 1024 KiB GFP_KERNEL|GFP_DMA32 pool for atomic allocations
[    0.319902] audit: initializing netlink subsys (disabled)
[    0.319907] audit: type=2000 audit(1612350376.172:1): state=initialized audit_enabled=0 res=1
[    0.319907] thermal_sys: Registered thermal governor 'fair_share'
[    0.319907] thermal_sys: Registered thermal governor 'bang_bang'
[    0.319907] thermal_sys: Registered thermal governor 'step_wise'
[    0.319907] thermal_sys: Registered thermal governor 'user_space'
[    0.319907] cpuidle: using governor ladder
[    0.319907] cpuidle: using governor menu
[    0.319907] Simple Boot Flag at 0x44 set to 0x1
[    0.319907] ACPI: bus type PCI registered
[    0.319907] acpiphp: ACPI Hot Plug PCI Controller Driver version: 0.5
[    0.319907] PCI: MMCONFIG for domain 0000 [bus 00-3f] at [mem 0xf8000000-0xfbffffff] (base 0xf8000000)
[    0.319907] PCI: MMCONFIG at [mem 0xf8000000-0xfbffffff] reserved in E820
[    0.319907] PCI: Using configuration type 1 for base access
[    0.322987] HugeTLB registered 1.00 GiB page size, pre-allocated 0 pages
[    0.322987] HugeTLB registered 2.00 MiB page size, pre-allocated 0 pages
[    0.326949] ACPI: Added _OSI(Module Device)
[    0.326949] ACPI: Added _OSI(Processor Device)
[    0.326950] ACPI: Added _OSI(3.0 _SCP Extensions)
[    0.326950] ACPI: Added _OSI(Processor Aggregator Device)
[    0.326951] ACPI: Added _OSI(Linux-Dell-Video)
[    0.326952] ACPI: Added _OSI(Linux-Lenovo-NV-HDMI-Audio)
[    0.326952] ACPI: Added _OSI(Linux-HPI-Hybrid-Graphics)
[    0.336700] ACPI: 16 ACPI AML tables successfully acquired and loaded
[    0.337888] ACPI: [Firmware Bug]: BIOS _OSI(Linux) query ignored
[    0.339591] ACPI: EC: EC started
[    0.339591] ACPI: EC: interrupt blocked
[    0.359038] ACPI: EC: EC_CMD/EC_SC=0x66, EC_DATA=0x62
[    0.359043] ACPI: \_SB_.PCI0.LPC0.EC0_: Boot DSDT EC used to handle transactions
[    0.359044] ACPI: Interpreter enabled
[    0.359079] ACPI: (supports S0 S3 S4 S5)
[    0.359080] ACPI: Using IOAPIC for interrupt routing
[    0.359451] PCI: Using host bridge windows from ACPI; if necessary, use "pci=nocrs" and report a bug
[    0.360339] ACPI: Enabled 4 GPEs in block 00 to 1F
[    0.361148] ACPI: Power Resource [PG00] (on)
[    0.384904] ACPI: Power Resource [P0S0] (on)
[    0.384922] ACPI: Power Resource [P3S0] (on)
[    0.384996] ACPI: Power Resource [P0S1] (on)
[    0.385014] ACPI: Power Resource [P3S1] (on)
[    0.389919] ACPI: PCI Root Bridge [PCI0] (domain 0000 [bus 00-ff])
[    0.389924] acpi PNP0A08:00: _OSC: OS supports [ExtendedConfig ASPM ClockPM Segments MSI EDR HPX-Type3]
[    0.390039] acpi PNP0A08:00: _OSC: platform does not support [SHPCHotplug LTR DPC]
[    0.390146] acpi PNP0A08:00: _OSC: OS now controls [PCIeHotplug PME AER PCIeCapability]
[    0.390155] acpi PNP0A08:00: [Firmware Info]: MMCONFIG for domain 0000 [bus 00-3f] only partially covers this bridge
[    0.390339] PCI host bridge to bus 0000:00
[    0.390340] pci_bus 0000:00: root bus resource [io  0x0000-0x0cf7 window]
[    0.390341] pci_bus 0000:00: root bus resource [io  0x0d00-0xffff window]
[    0.390341] pci_bus 0000:00: root bus resource [mem 0x000a0000-0x000bffff window]
[    0.390342] pci_bus 0000:00: root bus resource [mem 0x000c0000-0x000c3fff window]
[    0.390343] pci_bus 0000:00: root bus resource [mem 0x000c4000-0x000c7fff window]
[    0.390343] pci_bus 0000:00: root bus resource [mem 0x000c8000-0x000cbfff window]
[    0.390344] pci_bus 0000:00: root bus resource [mem 0x000cc000-0x000cffff window]
[    0.390344] pci_bus 0000:00: root bus resource [mem 0x000d0000-0x000d3fff window]
[    0.390345] pci_bus 0000:00: root bus resource [mem 0x000d4000-0x000d7fff window]
[    0.390345] pci_bus 0000:00: root bus resource [mem 0x000d8000-0x000dbfff window]
[    0.390346] pci_bus 0000:00: root bus resource [mem 0x000dc000-0x000dffff window]
[    0.390346] pci_bus 0000:00: root bus resource [mem 0x000e0000-0x000e3fff window]
[    0.390347] pci_bus 0000:00: root bus resource [mem 0x000e4000-0x000e7fff window]
[    0.390347] pci_bus 0000:00: root bus resource [mem 0x000e8000-0x000ebfff window]
[    0.390348] pci_bus 0000:00: root bus resource [mem 0x000ec000-0x000effff window]
[    0.390348] pci_bus 0000:00: root bus resource [mem 0xd0000000-0xf7ffffff window]
[    0.390349] pci_bus 0000:00: root bus resource [mem 0xfc000000-0xfed3ffff window]
[    0.390349] pci_bus 0000:00: root bus resource [mem 0x250200000-0xfcffffffff window]
[    0.390350] pci_bus 0000:00: root bus resource [bus 00-ff]
[    0.390359] pci 0000:00:00.0: [1022:1630] type 00 class 0x060000
[    0.390421] pci 0000:00:00.2: [1022:1631] type 00 class 0x080600
[    0.390488] pci 0000:00:01.0: [1022:1632] type 00 class 0x060000
[    0.390538] pci 0000:00:01.1: [1022:1633] type 01 class 0x060400
[    0.390591] pci 0000:00:01.1: PME# supported from D0 D3hot D3cold
[    0.390670] pci 0000:00:01.2: [1022:1634] type 01 class 0x060400
[    0.390722] pci 0000:00:01.2: PME# supported from D0 D3hot D3cold
[    0.390806] pci 0000:00:02.0: [1022:1632] type 00 class 0x060000
[    0.390858] pci 0000:00:02.1: [1022:1634] type 01 class 0x060400
[    0.390912] pci 0000:00:02.1: PME# supported from D0 D3hot D3cold
[    0.390984] pci 0000:00:02.2: [1022:1634] type 01 class 0x060400
[    0.391036] pci 0000:00:02.2: PME# supported from D0 D3hot D3cold
[    0.391119] pci 0000:00:08.0: [1022:1632] type 00 class 0x060000
[    0.391169] pci 0000:00:08.1: [1022:1635] type 01 class 0x060400
[    0.391188] pci 0000:00:08.1: enabling Extended Tags
[    0.391214] pci 0000:00:08.1: PME# supported from D0 D3hot D3cold
[    0.391273] pci 0000:00:08.2: [1022:1635] type 01 class 0x060400
[    0.391291] pci 0000:00:08.2: enabling Extended Tags
[    0.391317] pci 0000:00:08.2: PME# supported from D0 D3hot D3cold
[    0.391400] pci 0000:00:14.0: [1022:790b] type 00 class 0x0c0500
[    0.391506] pci 0000:00:14.3: [1022:790e] type 00 class 0x060100
[    0.391614] pci 0000:00:18.0: [1022:1448] type 00 class 0x060000
[    0.391644] pci 0000:00:18.1: [1022:1449] type 00 class 0x060000
[    0.391673] pci 0000:00:18.2: [1022:144a] type 00 class 0x060000
[    0.391704] pci 0000:00:18.3: [1022:144b] type 00 class 0x060000
[    0.391735] pci 0000:00:18.4: [1022:144c] type 00 class 0x060000
[    0.391763] pci 0000:00:18.5: [1022:144d] type 00 class 0x060000
[    0.391791] pci 0000:00:18.6: [1022:144e] type 00 class 0x060000
[    0.391819] pci 0000:00:18.7: [1022:144f] type 00 class 0x060000
[    0.391908] pci 0000:01:00.0: [10de:1f95] type 00 class 0x030000
[    0.391917] pci 0000:01:00.0: reg 0x10: [mem 0xd0000000-0xd0ffffff]
[    0.391925] pci 0000:01:00.0: reg 0x14: [mem 0xfcc0000000-0xfccfffffff 64bit pref]
[    0.391933] pci 0000:01:00.0: reg 0x1c: [mem 0xfcd0000000-0xfcd1ffffff 64bit pref]
[    0.391938] pci 0000:01:00.0: reg 0x24: [io  0x3000-0x307f]
[    0.391943] pci 0000:01:00.0: reg 0x30: [mem 0xfff80000-0xffffffff pref]
[    0.391995] pci 0000:01:00.0: PME# supported from D0 D3hot D3cold
[    0.392060] pci 0000:01:00.0: 63.008 Gb/s available PCIe bandwidth, limited by 8.0 GT/s PCIe x8 link at 0000:00:01.1 (capable of 126.016 Gb/s with 8.0 GT/s PCIe x16 link)
[    0.392174] pci 0000:01:00.1: [10de:10fa] type 00 class 0x040300
[    0.392183] pci 0000:01:00.1: reg 0x10: [mem 0xd1000000-0xd1003fff]
[    0.392286] pci 0000:00:01.1: PCI bridge to [bus 01]
[    0.392289] pci 0000:00:01.1:   bridge window [io  0x3000-0x3fff]
[    0.392290] pci 0000:00:01.1:   bridge window [mem 0xd0000000-0xd10fffff]
[    0.392293] pci 0000:00:01.1:   bridge window [mem 0xfcc0000000-0xfcd1ffffff 64bit pref]
[    0.392341] pci 0000:02:00.0: [1344:5405] type 00 class 0x010802
[    0.392353] pci 0000:02:00.0: reg 0x10: [mem 0xd1800000-0xd1803fff 64bit]
[    0.392495] pci 0000:00:01.2: PCI bridge to [bus 02]
[    0.392498] pci 0000:00:01.2:   bridge window [mem 0xd1800000-0xd18fffff]
[    0.392549] pci 0000:03:00.0: [10ec:8168] type 00 class 0x020000
[    0.392564] pci 0000:03:00.0: reg 0x10: [io  0x2000-0x20ff]
[    0.392585] pci 0000:03:00.0: reg 0x18: [mem 0xd1704000-0xd1704fff 64bit]
[    0.392598] pci 0000:03:00.0: reg 0x20: [mem 0xd1700000-0xd1703fff 64bit]
[    0.392684] pci 0000:03:00.0: supports D1 D2
[    0.392684] pci 0000:03:00.0: PME# supported from D0 D1 D2 D3hot D3cold
[    0.392801] pci 0000:00:02.1: PCI bridge to [bus 03]
[    0.392803] pci 0000:00:02.1:   bridge window [io  0x2000-0x2fff]
[    0.392805] pci 0000:00:02.1:   bridge window [mem 0xd1700000-0xd17fffff]
[    0.393063] pci 0000:04:00.0: [8086:2723] type 00 class 0x028000
[    0.393111] pci 0000:04:00.0: reg 0x10: [mem 0xd1600000-0xd1603fff 64bit]
[    0.393247] pci 0000:04:00.0: PME# supported from D0 D3hot D3cold
[    0.393623] pci 0000:00:02.2: PCI bridge to [bus 04]
[    0.393627] pci 0000:00:02.2:   bridge window [mem 0xd1600000-0xd16fffff]
[    0.393685] pci 0000:05:00.0: [1002:1636] type 00 class 0x030000
[    0.393694] pci 0000:05:00.0: reg 0x10: [mem 0xfce0000000-0xfcefffffff 64bit pref]
[    0.393701] pci 0000:05:00.0: reg 0x18: [mem 0xfcf0000000-0xfcf01fffff 64bit pref]
[    0.393705] pci 0000:05:00.0: reg 0x20: [io  0x1000-0x10ff]
[    0.393709] pci 0000:05:00.0: reg 0x24: [mem 0xd1500000-0xd157ffff]
[    0.393716] pci 0000:05:00.0: enabling Extended Tags
[    0.393726] pci 0000:05:00.0: BAR 0: assigned to efifb
[    0.393761] pci 0000:05:00.0: PME# supported from D1 D2 D3hot D3cold
[    0.393838] pci 0000:05:00.2: [1022:15df] type 00 class 0x108000
[    0.393849] pci 0000:05:00.2: reg 0x18: [mem 0xd1400000-0xd14fffff]
[    0.393857] pci 0000:05:00.2: reg 0x24: [mem 0xd15c8000-0xd15c9fff]
[    0.393862] pci 0000:05:00.2: enabling Extended Tags
[    0.393931] pci 0000:05:00.3: [1022:1639] type 00 class 0x0c0330
[    0.393940] pci 0000:05:00.3: reg 0x10: [mem 0xd1300000-0xd13fffff 64bit]
[    0.393961] pci 0000:05:00.3: enabling Extended Tags
[    0.393989] pci 0000:05:00.3: PME# supported from D0 D3hot D3cold
[    0.394035] pci 0000:05:00.4: [1022:1639] type 00 class 0x0c0330
[    0.394044] pci 0000:05:00.4: reg 0x10: [mem 0xd1200000-0xd12fffff 64bit]
[    0.394065] pci 0000:05:00.4: enabling Extended Tags
[    0.394092] pci 0000:05:00.4: PME# supported from D0 D3hot D3cold
[    0.394140] pci 0000:05:00.5: [1022:15e2] type 00 class 0x048000
[    0.394146] pci 0000:05:00.5: reg 0x10: [mem 0xd1580000-0xd15bffff]
[    0.394164] pci 0000:05:00.5: enabling Extended Tags
[    0.394189] pci 0000:05:00.5: PME# supported from D0 D3hot D3cold
[    0.394243] pci 0000:05:00.6: [1022:15e3] type 00 class 0x040300
[    0.394250] pci 0000:05:00.6: reg 0x10: [mem 0xd15c0000-0xd15c7fff]
[    0.394268] pci 0000:05:00.6: enabling Extended Tags
[    0.394293] pci 0000:05:00.6: PME# supported from D0 D3hot D3cold
[    0.394353] pci 0000:00:08.1: PCI bridge to [bus 05]
[    0.394355] pci 0000:00:08.1:   bridge window [io  0x1000-0x1fff]
[    0.394357] pci 0000:00:08.1:   bridge window [mem 0xd1200000-0xd15fffff]
[    0.394359] pci 0000:00:08.1:   bridge window [mem 0xfce0000000-0xfcf01fffff 64bit pref]
[    0.394394] pci 0000:06:00.0: [1022:7901] type 00 class 0x010601
[    0.394419] pci 0000:06:00.0: reg 0x24: [mem 0xd1101000-0xd11017ff]
[    0.394426] pci 0000:06:00.0: enabling Extended Tags
[    0.394511] pci 0000:06:00.1: [1022:7901] type 00 class 0x010601
[    0.394536] pci 0000:06:00.1: reg 0x24: [mem 0xd1100000-0xd11007ff]
[    0.394543] pci 0000:06:00.1: enabling Extended Tags
[    0.394612] pci 0000:00:08.2: PCI bridge to [bus 06]
[    0.394615] pci 0000:00:08.2:   bridge window [mem 0xd1100000-0xd11fffff]
[    0.395101] ACPI: PCI Interrupt Link [LNKA] (IRQs 3 5 6 10 11) *0, disabled.
[    0.395158] ACPI: PCI Interrupt Link [LNKB] (IRQs 3 5 6 10 11) *0, disabled.
[    0.395201] ACPI: PCI Interrupt Link [LNKC] (IRQs 3 5 6 10 11) *0, disabled.
[    0.395256] ACPI: PCI Interrupt Link [LNKD] (IRQs 3 5 6 10 11) *0, disabled.
[    0.395306] ACPI: PCI Interrupt Link [LNKE] (IRQs 3 5 6 10 11) *0, disabled.
[    0.395346] ACPI: PCI Interrupt Link [LNKF] (IRQs 3 5 6 10 11) *0, disabled.
[    0.395386] ACPI: PCI Interrupt Link [LNKG] (IRQs 3 5 6 10 11) *0, disabled.
[    0.395426] ACPI: PCI Interrupt Link [LNKH] (IRQs 3 5 6 10 11) *0, disabled.
[    0.395959] ACPI: EC: interrupt unblocked
[    0.395959] ACPI: EC: event unblocked
[    0.395964] ACPI: EC: EC_CMD/EC_SC=0x66, EC_DATA=0x62
[    0.395965] ACPI: EC: GPE=0x3
[    0.395966] ACPI: \_SB_.PCI0.LPC0.EC0_: Boot DSDT EC initialization complete
[    0.395966] ACPI: \_SB_.PCI0.LPC0.EC0_: EC: Used to handle transactions and events
[    0.396006] iommu: Default domain type: Passthrough 
[    0.396006] pci 0000:01:00.0: vgaarb: VGA device added: decodes=io+mem,owns=none,locks=none
[    0.396006] pci 0000:05:00.0: vgaarb: VGA device added: decodes=io+mem,owns=none,locks=none
[    0.396006] pci 0000:01:00.0: vgaarb: bridge control possible
[    0.396006] pci 0000:05:00.0: vgaarb: bridge control possible
[    0.396006] pci 0000:05:00.0: vgaarb: setting as boot device
[    0.396006] vgaarb: loaded
[    0.396006] SCSI subsystem initialized
[    0.396006] libata version 3.00 loaded.
[    0.398909] pps_core: LinuxPPS API ver. 1 registered
[    0.398909] pps_core: Software ver. 5.3.6 - Copyright 2005-2007 Rodolfo Giometti <giometti@linux.it>
[    0.398909] PTP clock support registered
[    0.398909] EDAC MC: Ver: 3.0.0
[    0.398965] Registered efivars operations
[    0.399001] NetLabel: Initializing
[    0.399002] NetLabel:  domain hash size = 128
[    0.399002] NetLabel:  protocols = UNLABELED CIPSOv4 CALIPSO
[    0.399010] NetLabel:  unlabeled traffic allowed by default
[    0.399013] PCI: Using ACPI for IRQ routing
[    0.400941] PCI: pci_cache_line_size set to 64 bytes
[    0.401426] e820: reserve RAM buffer [mem 0x0009f000-0x0009ffff]
[    0.401426] e820: reserve RAM buffer [mem 0x09b00000-0x0bffffff]
[    0.401427] e820: reserve RAM buffer [mem 0x09f00000-0x0bffffff]
[    0.401427] e820: reserve RAM buffer [mem 0xb43c0000-0xb7ffffff]
[    0.401428] e820: reserve RAM buffer [mem 0xb507a018-0xb7ffffff]
[    0.401429] e820: reserve RAM buffer [mem 0xb5088018-0xb7ffffff]
[    0.401430] e820: reserve RAM buffer [mem 0xb5097018-0xb7ffffff]
[    0.401430] e820: reserve RAM buffer [mem 0xb64aa000-0xb7ffffff]
[    0.401431] e820: reserve RAM buffer [mem 0xbab69000-0xbbffffff]
[    0.401431] e820: reserve RAM buffer [mem 0xc9f7f000-0xcbffffff]
[    0.401431] e820: reserve RAM buffer [mem 0xce000000-0xcfffffff]
[    0.401432] e820: reserve RAM buffer [mem 0x20f340000-0x20fffffff]
[    0.402937] hpet0: at MMIO 0xfed00000, IRQs 2, 8, 0
[    0.402940] hpet0: 3 comparators, 32-bit 14.318180 MHz counter
[    0.404148] clocksource: Switched to clocksource hpet
[    0.411260] VFS: Disk quotas dquot_6.6.0
[    0.411272] VFS: Dquot-cache hash table entries: 512 (order 0, 4096 bytes)
[    0.411367] AppArmor: AppArmor Filesystem Enabled
[    0.411382] pnp: PnP ACPI init
[    0.411569] system 00:00: [mem 0xfec00000-0xfec01fff] could not be reserved
[    0.411571] system 00:00: [mem 0xfee00000-0xfee00fff] has been reserved
[    0.411571] system 00:00: [mem 0xfde00000-0xfdefffff] has been reserved
[    0.411576] system 00:00: Plug and Play ACPI device, IDs PNP0c02 (active)
[    0.411674] pnp 00:01: Plug and Play ACPI device, IDs PNP0b00 (active)
[    0.411692] pnp 00:02: Plug and Play ACPI device, IDs FUJ7401 PNP0303 (active)
[    0.411714] system 00:03: [io  0x0400-0x04cf] has been reserved
[    0.411714] system 00:03: [io  0x04d0-0x04d1] has been reserved
[    0.411715] system 00:03: [io  0x04d6] has been reserved
[    0.411716] system 00:03: [io  0x0c00-0x0c01] has been reserved
[    0.411716] system 00:03: [io  0x0c14] has been reserved
[    0.411717] system 00:03: [io  0x0c50-0x0c52] has been reserved
[    0.411718] system 00:03: [io  0x0c6c] has been reserved
[    0.411718] system 00:03: [io  0x0c6f] has been reserved
[    0.411719] system 00:03: [io  0x0cd0-0x0cdb] has been reserved
[    0.411720] system 00:03: Plug and Play ACPI device, IDs PNP0c02 (active)
[    0.411759] system 00:04: [mem 0x000e0000-0x000fffff] could not be reserved
[    0.411760] system 00:04: [mem 0xff000000-0xffffffff] could not be reserved
[    0.411761] system 00:04: Plug and Play ACPI device, IDs PNP0c01 (active)
[    0.412343] pnp: PnP ACPI: found 5 devices
[    0.420020] clocksource: acpi_pm: mask: 0xffffff max_cycles: 0xffffff, max_idle_ns: 2085701024 ns
[    0.420129] NET: Registered protocol family 2
[    0.420385] tcp_listen_portaddr_hash hash table entries: 4096 (order: 4, 65536 bytes, linear)
[    0.420402] TCP established hash table entries: 65536 (order: 7, 524288 bytes, linear)
[    0.420564] TCP bind hash table entries: 65536 (order: 8, 1048576 bytes, linear)
[    0.420761] TCP: Hash tables configured (established 65536 bind 65536)
[    0.420862] MPTCP token hash table entries: 8192 (order: 5, 196608 bytes, linear)
[    0.420897] UDP hash table entries: 4096 (order: 5, 131072 bytes, linear)
[    0.420924] UDP-Lite hash table entries: 4096 (order: 5, 131072 bytes, linear)
[    0.421020] NET: Registered protocol family 1
[    0.421028] NET: Registered protocol family 44
[    0.421036] pci 0000:01:00.0: can't claim BAR 6 [mem 0xfff80000-0xffffffff pref]: no compatible bridge window
[    0.421056] pci 0000:01:00.0: BAR 6: assigned [mem 0xd1080000-0xd10fffff pref]
[    0.421059] pci 0000:00:01.1: PCI bridge to [bus 01]
[    0.421063] pci 0000:00:01.1:   bridge window [io  0x3000-0x3fff]
[    0.421067] pci 0000:00:01.1:   bridge window [mem 0xd0000000-0xd10fffff]
[    0.421070] pci 0000:00:01.1:   bridge window [mem 0xfcc0000000-0xfcd1ffffff 64bit pref]
[    0.421075] pci 0000:00:01.2: PCI bridge to [bus 02]
[    0.421079] pci 0000:00:01.2:   bridge window [mem 0xd1800000-0xd18fffff]
[    0.421085] pci 0000:00:02.1: PCI bridge to [bus 03]
[    0.421087] pci 0000:00:02.1:   bridge window [io  0x2000-0x2fff]
[    0.421091] pci 0000:00:02.1:   bridge window [mem 0xd1700000-0xd17fffff]
[    0.421097] pci 0000:00:02.2: PCI bridge to [bus 04]
[    0.421100] pci 0000:00:02.2:   bridge window [mem 0xd1600000-0xd16fffff]
[    0.421108] pci 0000:00:08.1: PCI bridge to [bus 05]
[    0.421110] pci 0000:00:08.1:   bridge window [io  0x1000-0x1fff]
[    0.421113] pci 0000:00:08.1:   bridge window [mem 0xd1200000-0xd15fffff]
[    0.421116] pci 0000:00:08.1:   bridge window [mem 0xfce0000000-0xfcf01fffff 64bit pref]
[    0.421121] pci 0000:00:08.2: PCI bridge to [bus 06]
[    0.421124] pci 0000:00:08.2:   bridge window [mem 0xd1100000-0xd11fffff]
[    0.421132] pci_bus 0000:00: resource 4 [io  0x0000-0x0cf7 window]
[    0.421134] pci_bus 0000:00: resource 5 [io  0x0d00-0xffff window]
[    0.421135] pci_bus 0000:00: resource 6 [mem 0x000a0000-0x000bffff window]
[    0.421137] pci_bus 0000:00: resource 7 [mem 0x000c0000-0x000c3fff window]
[    0.421139] pci_bus 0000:00: resource 8 [mem 0x000c4000-0x000c7fff window]
[    0.421140] pci_bus 0000:00: resource 9 [mem 0x000c8000-0x000cbfff window]
[    0.421142] pci_bus 0000:00: resource 10 [mem 0x000cc000-0x000cffff window]
[    0.421144] pci_bus 0000:00: resource 11 [mem 0x000d0000-0x000d3fff window]
[    0.421145] pci_bus 0000:00: resource 12 [mem 0x000d4000-0x000d7fff window]
[    0.421147] pci_bus 0000:00: resource 13 [mem 0x000d8000-0x000dbfff window]
[    0.421149] pci_bus 0000:00: resource 14 [mem 0x000dc000-0x000dffff window]
[    0.421150] pci_bus 0000:00: resource 15 [mem 0x000e0000-0x000e3fff window]
[    0.421152] pci_bus 0000:00: resource 16 [mem 0x000e4000-0x000e7fff window]
[    0.421154] pci_bus 0000:00: resource 17 [mem 0x000e8000-0x000ebfff window]
[    0.421155] pci_bus 0000:00: resource 18 [mem 0x000ec000-0x000effff window]
[    0.421157] pci_bus 0000:00: resource 19 [mem 0xd0000000-0xf7ffffff window]
[    0.421159] pci_bus 0000:00: resource 20 [mem 0xfc000000-0xfed3ffff window]
[    0.421160] pci_bus 0000:00: resource 21 [mem 0x250200000-0xfcffffffff window]
[    0.421162] pci_bus 0000:01: resource 0 [io  0x3000-0x3fff]
[    0.421164] pci_bus 0000:01: resource 1 [mem 0xd0000000-0xd10fffff]
[    0.421165] pci_bus 0000:01: resource 2 [mem 0xfcc0000000-0xfcd1ffffff 64bit pref]
[    0.421167] pci_bus 0000:02: resource 1 [mem 0xd1800000-0xd18fffff]
[    0.421169] pci_bus 0000:03: resource 0 [io  0x2000-0x2fff]
[    0.421171] pci_bus 0000:03: resource 1 [mem 0xd1700000-0xd17fffff]
[    0.421172] pci_bus 0000:04: resource 1 [mem 0xd1600000-0xd16fffff]
[    0.421174] pci_bus 0000:05: resource 0 [io  0x1000-0x1fff]
[    0.421176] pci_bus 0000:05: resource 1 [mem 0xd1200000-0xd15fffff]
[    0.421177] pci_bus 0000:05: resource 2 [mem 0xfce0000000-0xfcf01fffff 64bit pref]
[    0.421179] pci_bus 0000:06: resource 1 [mem 0xd1100000-0xd11fffff]
[    0.421400] pci 0000:01:00.1: D0 power state depends on 0000:01:00.0
[    0.434541] pci 0000:05:00.3: quirk_usb_early_handoff+0x0/0x700 took 12589 usecs
[    0.483443] pci 0000:05:00.4: quirk_usb_early_handoff+0x0/0x700 took 47751 usecs
[    0.483451] PCI: CLS 64 bytes, default 64
[    0.483476] Trying to unpack rootfs image as initramfs...
[    1.238815] Freeing initrd memory: 15280K
[    1.238858] pci 0000:00:00.2: AMD-Vi: Unable to read/write to IOMMU perf counter.
[    1.239013] pci 0000:00:00.2: can't derive routing for PCI INT A
[    1.239014] pci 0000:00:00.2: PCI INT A: not connected
[    1.239044] pci 0000:00:01.0: Adding to iommu group 0
[    1.239051] pci 0000:00:01.1: Adding to iommu group 1
[    1.239059] pci 0000:00:01.2: Adding to iommu group 2
[    1.239069] pci 0000:00:02.0: Adding to iommu group 3
[    1.239075] pci 0000:00:02.1: Adding to iommu group 4
[    1.239081] pci 0000:00:02.2: Adding to iommu group 5
[    1.239093] pci 0000:00:08.0: Adding to iommu group 6
[    1.239098] pci 0000:00:08.1: Adding to iommu group 6
[    1.239104] pci 0000:00:08.2: Adding to iommu group 6
[    1.239113] pci 0000:00:14.0: Adding to iommu group 7
[    1.239118] pci 0000:00:14.3: Adding to iommu group 7
[    1.239139] pci 0000:00:18.0: Adding to iommu group 8
[    1.239144] pci 0000:00:18.1: Adding to iommu group 8
[    1.239150] pci 0000:00:18.2: Adding to iommu group 8
[    1.239155] pci 0000:00:18.3: Adding to iommu group 8
[    1.239160] pci 0000:00:18.4: Adding to iommu group 8
[    1.239165] pci 0000:00:18.5: Adding to iommu group 8
[    1.239170] pci 0000:00:18.6: Adding to iommu group 8
[    1.239175] pci 0000:00:18.7: Adding to iommu group 8
[    1.239186] pci 0000:01:00.0: Adding to iommu group 9
[    1.239193] pci 0000:01:00.1: Adding to iommu group 9
[    1.239200] pci 0000:02:00.0: Adding to iommu group 10
[    1.239207] pci 0000:03:00.0: Adding to iommu group 11
[    1.239213] pci 0000:04:00.0: Adding to iommu group 12
[    1.239224] pci 0000:05:00.0: Adding to iommu group 6
[    1.239228] pci 0000:05:00.2: Adding to iommu group 6
[    1.239231] pci 0000:05:00.3: Adding to iommu group 6
[    1.239234] pci 0000:05:00.4: Adding to iommu group 6
[    1.239236] pci 0000:05:00.5: Adding to iommu group 6
[    1.239239] pci 0000:05:00.6: Adding to iommu group 6
[    1.239242] pci 0000:06:00.0: Adding to iommu group 6
[    1.239245] pci 0000:06:00.1: Adding to iommu group 6
[    1.239668] pci 0000:00:00.2: AMD-Vi: Found IOMMU cap 0x40
[    1.239668] pci 0000:00:00.2: AMD-Vi: Extended features (0x206d73ef22254ade):
[    1.239669]  PPR X2APIC NX GT IA GA PC GA_vAPIC
[    1.239671] AMD-Vi: Interrupt remapping enabled
[    1.239672] AMD-Vi: Virtual APIC enabled
[    1.239672] AMD-Vi: X2APIC enabled
[    1.239859] AMD-Vi: Lazy IO/TLB flushing enabled
[    1.239860] PCI-DMA: Using software bounce buffering for IO (SWIOTLB)
[    1.239861] software IO TLB: mapped [mem 0x00000000c4fee000-0x00000000c8fee000] (64MB)
[    1.240449] RAPL PMU: API unit is 2^-32 Joules, 1 fixed counters, 163840 ms ovfl timer
[    1.240450] RAPL PMU: hw unit of domain package 2^-16 Joules
[    1.240453] amd_uncore: 4  amd_df counters detected
[    1.240455] amd_uncore: 6  amd_l3 counters detected
[    1.241330] LVT offset 0 assigned for vector 0x400
[    1.241785] perf: AMD IBS detected (0x000003ff)
[    1.241812] check: Scanning for low memory corruption every 60 seconds
[    1.242172] Initialise system trusted keyrings
[    1.242188] Key type blacklist registered
[    1.242278] workingset: timestamp_bits=37 max_order=21 bucket_order=0
[    1.242972] zbud: loaded
[    1.243323] integrity: Platform Keyring initialized
[    1.245752] Key type asymmetric registered
[    1.245753] Asymmetric key parser 'x509' registered
[    1.245760] Block layer SCSI generic (bsg) driver version 0.4 loaded (major 247)
[    1.245873] io scheduler mq-deadline registered
[    1.245874] io scheduler kyber registered
[    1.245888] io scheduler bfq registered
[    1.251025] pcieport 0000:00:01.1: PME: Signaling with IRQ 26
[    1.251147] pcieport 0000:00:01.2: PME: Signaling with IRQ 27
[    1.251253] pcieport 0000:00:02.1: PME: Signaling with IRQ 28
[    1.251357] pcieport 0000:00:02.2: PME: Signaling with IRQ 29
[    1.251454] pcieport 0000:00:08.1: PME: Signaling with IRQ 30
[    1.251673] pcieport 0000:00:08.2: PME: Signaling with IRQ 31
[    1.251757] shpchp: Standard Hot Plug PCI Controller Driver version: 0.4
[    1.251774] efifb: probing for efifb
[    1.251842] efifb: framebuffer at 0xfce0000000, using 8100k, total 8100k
[    1.251843] efifb: mode is 1920x1080x32, linelength=7680, pages=1
[    1.251843] efifb: scrolling: redraw
[    1.251845] efifb: Truecolor: size=8:8:8:8, shift=24:16:8:0
[    1.251958] Console: switching to colour frame buffer device 240x67
[    1.254573] fb0: EFI VGA frame buffer device
[    1.254634] Monitor-Mwait will be used to enter C-1 state
[    1.254653] ACPI: \_SB_.PLTF.C000: Found 3 idle states
[    1.254905] ACPI: \_SB_.PLTF.C001: Found 3 idle states
[    1.255065] ACPI: \_SB_.PLTF.C002: Found 3 idle states
[    1.255285] ACPI: \_SB_.PLTF.C003: Found 3 idle states
[    1.255359] ACPI: \_SB_.PLTF.C004: Found 3 idle states
[    1.255742] ACPI: \_SB_.PLTF.C005: Found 3 idle states
[    1.255902] ACPI: \_SB_.PLTF.C006: Found 3 idle states
[    1.256171] ACPI: \_SB_.PLTF.C007: Found 3 idle states
[    1.256412] ACPI: \_SB_.PLTF.C008: Found 3 idle states
[    1.256802] ACPI: \_SB_.PLTF.C009: Found 3 idle states
[    1.257195] ACPI: \_SB_.PLTF.C00A: Found 3 idle states
[    1.257568] ACPI: \_SB_.PLTF.C00B: Found 3 idle states
[    1.258164] ACPI: \_SB_.PLTF.C00C: Found 3 idle states
[    1.258542] ACPI: \_SB_.PLTF.C00D: Found 3 idle states
[    1.258709] ACPI: \_SB_.PLTF.C00E: Found 3 idle states
[    1.258963] ACPI: \_SB_.PLTF.C00F: Found 3 idle states
[    1.259285] Serial: 8250/16550 driver, 32 ports, IRQ sharing enabled
[    1.260444] Non-volatile memory driver v1.3
[    1.260460] Linux agpgart interface v0.103
[    1.276255] ahci 0000:06:00.0: version 3.0
[    1.276411] ahci 0000:06:00.0: AHCI 0001.0301 32 slots 1 ports 6 Gbps 0x1 impl SATA mode
[    1.276413] ahci 0000:06:00.0: flags: 64bit ncq sntf ilck pm led clo only pmp fbs pio slum part 
[    1.276721] scsi host0: ahci
[    1.276781] ata1: SATA max UDMA/133 abar m2048@0xd1101000 port 0xd1101100 irq 33
[    1.276923] ahci 0000:06:00.1: AHCI 0001.0301 32 slots 1 ports 6 Gbps 0x1 impl SATA mode
[    1.276924] ahci 0000:06:00.1: flags: 64bit ncq sntf ilck pm led clo only pmp fbs pio slum part 
[    1.277132] scsi host1: ahci
[    1.277175] ata2: SATA max UDMA/133 abar m2048@0xd1100000 port 0xd1100100 irq 35
[    1.277210] i8042: PNP: PS/2 Controller [PNP0303:KBC0] at 0x60,0x64 irq 1
[    1.277211] i8042: PNP: PS/2 appears to have AUX port disabled, if this is incorrect please boot with i8042.nopnp
[    1.278285] serio: i8042 KBD port at 0x60,0x64 irq 1
[    1.278375] mousedev: PS/2 mouse device common for all mice
[    1.278401] rtc_cmos 00:01: RTC can wake from S4
[    1.278563] rtc_cmos 00:01: registered as rtc0
[    1.278636] rtc_cmos 00:01: setting system clock to 2021-02-03T11:06:18 UTC (1612350378)
[    1.278653] rtc_cmos 00:01: alarms up to one month, 114 bytes nvram, hpet irqs
[    1.279449] ledtrig-cpu: registered to indicate activity on CPUs
[    1.279452] EFI Variables Facility v0.08 2004-May-17
[    1.282013] hid: raw HID events driver (C) Jiri Kosina
[    1.282109] drop_monitor: Initializing network drop monitor service
[    1.282213] NET: Registered protocol family 10
[    1.284868] input: AT Translated Set 2 keyboard as /devices/platform/i8042/serio0/input/input0
[    1.289881] Segment Routing with IPv6
[    1.289883] RPL Segment Routing with IPv6
[    1.292005] microcode: CPU0: patch_level=0x08600103
[    1.292026] microcode: CPU1: patch_level=0x08600103
[    1.292034] microcode: CPU2: patch_level=0x08600103
[    1.292043] microcode: CPU3: patch_level=0x08600103
[    1.292065] microcode: CPU4: patch_level=0x08600103
[    1.292080] microcode: CPU5: patch_level=0x08600103
[    1.292083] microcode: CPU6: patch_level=0x08600103
[    1.292095] microcode: CPU7: patch_level=0x08600103
[    1.292133] microcode: CPU8: patch_level=0x08600103
[    1.292165] microcode: CPU9: patch_level=0x08600103
[    1.292207] microcode: CPU10: patch_level=0x08600103
[    1.292234] microcode: CPU11: patch_level=0x08600103
[    1.292261] microcode: CPU12: patch_level=0x08600103
[    1.292277] microcode: CPU13: patch_level=0x08600103
[    1.292306] microcode: CPU14: patch_level=0x08600103
[    1.292324] microcode: CPU15: patch_level=0x08600103
[    1.292328] microcode: Microcode Update Driver: v2.2.
[    1.292895] resctrl: L3 allocation detected
[    1.292897] resctrl: L3DATA allocation detected
[    1.292897] resctrl: L3CODE allocation detected
[    1.292898] resctrl: MB allocation detected
[    1.292898] resctrl: L3 monitoring detected
[    1.292903] IPI shorthand broadcast: enabled
[    1.292991] registered taskstats version 1
[    1.292994] Loading compiled-in X.509 certificates
[    1.293027] Loaded X.509 cert 'openSUSE Secure Boot Signkey: c8bdc7ac1a1d85966217fd93ebfc14f4a200b814'
[    1.293047] zswap: loaded using pool lzo/zbud
[    1.293267] page_owner is disabled
[    1.293382] Key type ._fscrypt registered
[    1.293383] Key type .fscrypt registered
[    1.293383] Key type fscrypt-provisioning registered
[    1.296704] Key type encrypted registered
[    1.296709] AppArmor: AppArmor sha1 policy hashing enabled
[    1.297909] integrity: Loading X.509 certificate: UEFI:db
[    1.297945] integrity: Loaded X.509 cert 'Microsoft Windows Production PCA 2011: a92902398e16c49778cd90f99e4f9ae17c55af53'
[    1.297946] integrity: Loading X.509 certificate: UEFI:db
[    1.297979] integrity: Loaded X.509 cert 'Microsoft Corporation UEFI CA 2011: 13adbf4309bd82709c8cd54f316ed522988a1bd4'
[    1.297980] integrity: Loading X.509 certificate: UEFI:db
[    1.298433] integrity: Loaded X.509 cert 'OK Certificate: c8c73a37546046ab495c33f4d0856052'
[    1.298435] integrity: Loading X.509 certificate: UEFI:db
[    1.298442] integrity: Problem loading X.509 certificate -65
[    1.298475] integrity: Error adding keys to platform keyring UEFI:db
[    1.298476] integrity: Loading X.509 certificate: UEFI:db
[    1.298501] integrity: Loaded X.509 cert 'EUJinn: 2d9ec14a26c9fcae420ef406a6e9492b'
[    1.299737] integrity: Loading X.509 certificate: UEFI:MokListRT
[    1.299869] integrity: Loaded X.509 cert 'ubuntu Secure Boot Module Signature key: 56f628d560e6dd89f6701cb550faa80049abc76a'
[    1.299869] integrity: Loading X.509 certificate: UEFI:MokListRT
[    1.299973] integrity: Loaded X.509 cert 'Kernel OBS Project: 1fb41512acbc8eebdf828d877e4367bf6c719af3'
[    1.299974] integrity: Loading X.509 certificate: UEFI:MokListRT
[    1.300080] integrity: Loaded X.509 cert 'openSUSE Secure Boot CA: 6842600de22c4c477e95be23dfea9513e5971762'
[    1.300084] ima: Allocated hash algorithm: sha256
[    1.314328] ima: No architecture policies found
[    1.314365] evm: Initialising EVM extended attributes:
[    1.314366] evm: security.selinux
[    1.314367] evm: security.apparmor
[    1.314368] evm: security.ima
[    1.314369] evm: security.capability
[    1.314370] evm: HMAC attrs: 0x1
[    1.315138] PM:   Magic number: 9:429:124
[    1.315413] RAS: Correctable Errors collector initialized.
[    1.589160] ata2: SATA link down (SStatus 0 SControl 300)
[    1.751201] ata1: SATA link up 6.0 Gbps (SStatus 133 SControl 300)
[    1.752149] ata1.00: ATA-10: WDC WD10SPZX-08Z10, 05.01A05, max UDMA/133
[    1.752155] ata1.00: 1953525168 sectors, multi 16: LBA48 NCQ (depth 32), AA
[    1.753612] ata1.00: configured for UDMA/133
[    1.753850] scsi 0:0:0:0: Direct-Access     ATA      WDC WD10SPZX-08Z 1A05 PQ: 0 ANSI: 5
[    1.754156] sd 0:0:0:0: [sda] 1953525168 512-byte logical blocks: (1.00 TB/932 GiB)
[    1.754159] sd 0:0:0:0: [sda] 4096-byte physical blocks
[    1.754169] sd 0:0:0:0: [sda] Write Protect is off
[    1.754170] sd 0:0:0:0: [sda] Mode Sense: 00 3a 00 00
[    1.754186] sd 0:0:0:0: [sda] Write cache: enabled, read cache: enabled, doesn't support DPO or FUA
[    1.877634]  sda: sda1 sda2 sda3 sda4
[    1.878630] sd 0:0:0:0: [sda] Attached SCSI disk
[    1.878673] Unstable clock detected, switching default tracing clock to "global"
               If you want to keep using the local clock, then add:
                 "trace_clock=local"
               on the kernel command line
[    1.880520] Freeing unused decrypted memory: 2036K
[    1.881302] Freeing unused kernel image (initmem) memory: 2092K
[    1.899787] Write protecting the kernel read-only data: 26624k
[    1.900606] Freeing unused kernel image (text/rodata gap) memory: 2036K
[    1.901051] Freeing unused kernel image (rodata/data gap) memory: 1780K
[    1.901057] Run /init as init process
[    1.901058]   with arguments:
[    1.901059]     /init
[    1.901059]   with environment:
[    1.901060]     HOME=/
[    1.901060]     TERM=linux
[    1.901060]     BOOT_IMAGE=/boot/vmlinuz-5.10.9-1-default
[    1.901061]     splash=silent
[    1.916445] systemd[1]: systemd 246.9+suse.78.g520e53b6d8 running in system mode. (+PAM +AUDIT +SELINUX -IMA +APPARMOR -SMACK +SYSVINIT +UTMP +LIBCRYPTSETUP +GCRYPT +GNUTLS +ACL +XZ +LZ4 +ZSTD +SECCOMP +BLKID +ELFUTILS +KMOD +IDN2 -IDN +PCRE2 default-hierarchy=hybrid)
[    1.935070] systemd[1]: Detected architecture x86-64.
[    1.935074] systemd[1]: Running in initial RAM disk.
[    1.975970] systemd[1]: Set hostname to <Kaguya>.
[    2.017029] systemd[1]: /usr/lib/systemd/system/plymouth-start.service:15: Unit configured to use KillMode=none. This is unsafe, as it disables systemd's process lifecycle management for the service. Please update your service to use a safer KillMode=, such as 'mixed' or 'control-group'. Support for KillMode=none is deprecated and will eventually be removed.
[    2.021888] systemd[1]: Queued start job for default target Initrd Default Target.
[    2.022031] systemd[1]: Reached target Local File Systems.
[    2.022078] systemd[1]: Reached target Slices.
[    2.022097] systemd[1]: Reached target Swap.
[    2.022116] systemd[1]: Reached target Timers.
[    2.022180] systemd[1]: Listening on Journal Socket (/dev/log).
[    2.022230] systemd[1]: Listening on Journal Socket.
[    2.022299] systemd[1]: Listening on udev Control Socket.
[    2.022345] systemd[1]: Listening on udev Kernel Socket.
[    2.022366] systemd[1]: Reached target Sockets.
[    2.023477] systemd[1]: Started Entropy Daemon based on the HAVEGE algorithm.
[    2.024019] systemd[1]: Starting Create list of static device nodes for the current kernel...
[    2.025447] systemd[1]: Starting Journal Service...
[    2.026121] systemd[1]: Starting Load Kernel Modules...
[    2.028052] systemd[1]: Starting Setup Virtual Console...
[    2.029691] systemd[1]: Finished Create list of static device nodes for the current kernel.
[    2.030851] systemd[1]: Starting Create Static Device Nodes in /dev...
[    2.035574] systemd[1]: Finished Create Static Device Nodes in /dev.
[    2.041828] corefreqk: loading out-of-tree module taints kernel.
[    2.042046] corefreqk: module verification failed: signature and/or required key missing - tainting kernel
[    2.059715] systemd[1]: Finished Setup Virtual Console.
[    2.060421] systemd[1]: Starting dracut ask for additional cmdline parameters...
[    2.064832] systemd[1]: Started Journal Service.
[    2.107779] CoreFreq(12:13): Processor [ 8F_60] Architecture [Zen2/Renoir] SMT [16/16]
[    2.111205] alua: device handler registered
[    2.111984] emc: device handler registered
[    2.112848] rdac: device handler registered
[    2.119876] device-mapper: uevent: version 1.0.3
[    2.119937] device-mapper: ioctl: 4.43.0-ioctl (2020-10-01) initialised: dm-devel@redhat.com
[    2.124697] sd 0:0:0:0: Attached scsi generic sg0 type 0
[    2.191139] raid6: avx2x4   gen() 30519 MB/s
[    2.259233] raid6: avx2x4   xor()  6970 MB/s
[    2.327189] raid6: avx2x2   gen() 31019 MB/s
[    2.395123] raid6: avx2x2   xor() 24830 MB/s
[    2.463150] raid6: avx2x1   gen() 28530 MB/s
[    2.531125] raid6: avx2x1   xor() 18407 MB/s
[    2.599124] raid6: sse2x4   gen() 17718 MB/s
[    2.667121] raid6: sse2x4   xor()  6197 MB/s
[    2.735174] raid6: sse2x2   gen() 19703 MB/s
[    2.803370] raid6: sse2x2   xor() 12961 MB/s
[    2.871121] raid6: sse2x1   gen() 15489 MB/s
[    2.939177] raid6: sse2x1   xor()  9467 MB/s
[    2.939179] raid6: using algorithm avx2x2 gen() 31019 MB/s
[    2.939179] raid6: .... xor() 24830 MB/s, rmw enabled
[    2.939180] raid6: using avx2x2 recovery algorithm
[    2.940367] xor: automatically using best checksumming function   avx       
[    3.016112] Btrfs loaded, crc32c=crc32c-intel, assert=on
[    3.079696] input: Lid Switch as /devices/LNXSYSTM:00/LNXSYBUS:00/PNP0C0D:00/input/input1
[    3.079832] ACPI: Lid Switch [LID0]
[    3.079874] input: Power Button as /devices/LNXSYSTM:00/LNXSYBUS:00/PNP0C0C:00/input/input2
[    3.079909] ACPI: Power Button [PWRB]
[    3.079950] input: Power Button as /devices/LNXSYSTM:00/LNXPWRBN:00/input/input3
[    3.080084] ACPI: Power Button [PWRF]
[    3.080736] i2c_hid i2c-MSFT0001:00: supply vdd not found, using dummy regulator
[    3.080753] i2c_hid i2c-MSFT0001:00: supply vddl not found, using dummy regulator
[    3.087789] [Firmware Bug]: ACPI(PEGP) defines _DOD but not _DOS
[    3.087845] ACPI: Video Device [PEGP] (multi-head: yes  rom: no  post: no)
[    3.088262] acpi device:01: registered as cooling_device16
[    3.088289] input: Video Bus as /devices/LNXSYSTM:00/LNXSYBUS:00/PNP0A08:00/device:00/LNXVIDEO:00/input/input4
[    3.088385] ACPI: Video Device [VGA] (multi-head: yes  rom: no  post: no)
[    3.088542] acpi device:0f: registered as cooling_device17
[    3.088579] input: Video Bus as /devices/LNXSYSTM:00/LNXSYBUS:00/PNP0A08:00/device:0e/LNXVIDEO:01/input/input5
[    3.090955] acpi PNP0C14:01: duplicate WMI GUID 05901221-D566-11D1-B2F0-00A0C9062910 (first instance was on PNP0C14:00)
[    3.091105] acpi PNP0C14:02: duplicate WMI GUID 05901221-D566-11D1-B2F0-00A0C9062910 (first instance was on PNP0C14:00)
[    3.091160] acpi PNP0C14:03: duplicate WMI GUID 05901221-D566-11D1-B2F0-00A0C9062910 (first instance was on PNP0C14:00)
[    3.096301] ccp 0000:05:00.2: enabling device (0000 -> 0002)
[    3.096516] ccp 0000:05:00.2: ccp: unable to access the device: you might be running a broken BIOS.
[    3.100710] nvme nvme0: pci function 0000:02:00.0
[    3.103569] cryptd: max_cpu_qlen set to 1000
[    3.106669] ccp 0000:05:00.2: tee enabled
[    3.106674] ccp 0000:05:00.2: psp enabled
[    3.107503] ACPI: bus type USB registered
[    3.107530] usbcore: registered new interface driver usbfs
[    3.107537] usbcore: registered new interface driver hub
[    3.107552] usbcore: registered new device driver usb
[    3.111925] AVX2 version of gcm_enc/dec engaged.
[    3.111928] AES CTR mode by8 optimization enabled
[    3.125105] xhci_hcd 0000:05:00.3: xHCI Host Controller
[    3.125111] xhci_hcd 0000:05:00.3: new USB bus registered, assigned bus number 1
[    3.125196] xhci_hcd 0000:05:00.3: hcc params 0x0268ffe5 hci version 0x110 quirks 0x0000000000000410
[    3.125488] usb usb1: New USB device found, idVendor=1d6b, idProduct=0002, bcdDevice= 5.10
[    3.125488] usb usb1: New USB device strings: Mfr=3, Product=2, SerialNumber=1
[    3.125489] usb usb1: Product: xHCI Host Controller
[    3.125490] usb usb1: Manufacturer: Linux 5.10.9-1-default xhci-hcd
[    3.125490] usb usb1: SerialNumber: 0000:05:00.3
[    3.125584] hub 1-0:1.0: USB hub found
[    3.125592] hub 1-0:1.0: 4 ports detected
[    3.125775] xhci_hcd 0000:05:00.3: xHCI Host Controller
[    3.125777] xhci_hcd 0000:05:00.3: new USB bus registered, assigned bus number 2
[    3.125778] xhci_hcd 0000:05:00.3: Host supports USB 3.1 Enhanced SuperSpeed
[    3.125788] usb usb2: We don't know the algorithms for LPM for this host, disabling LPM.
[    3.125799] usb usb2: New USB device found, idVendor=1d6b, idProduct=0003, bcdDevice= 5.10
[    3.125799] usb usb2: New USB device strings: Mfr=3, Product=2, SerialNumber=1
[    3.125800] usb usb2: Product: xHCI Host Controller
[    3.125800] usb usb2: Manufacturer: Linux 5.10.9-1-default xhci-hcd
[    3.125801] usb usb2: SerialNumber: 0000:05:00.3
[    3.125859] hub 2-0:1.0: USB hub found
[    3.125863] hub 2-0:1.0: 2 ports detected
[    3.125997] xhci_hcd 0000:05:00.4: xHCI Host Controller
[    3.125999] xhci_hcd 0000:05:00.4: new USB bus registered, assigned bus number 3
[    3.126083] xhci_hcd 0000:05:00.4: hcc params 0x0268ffe5 hci version 0x110 quirks 0x0000000000000410
[    3.126333] usb usb3: New USB device found, idVendor=1d6b, idProduct=0002, bcdDevice= 5.10
[    3.126334] usb usb3: New USB device strings: Mfr=3, Product=2, SerialNumber=1
[    3.126335] usb usb3: Product: xHCI Host Controller
[    3.126335] usb usb3: Manufacturer: Linux 5.10.9-1-default xhci-hcd
[    3.126336] usb usb3: SerialNumber: 0000:05:00.4
[    3.126432] hub 3-0:1.0: USB hub found
[    3.126437] hub 3-0:1.0: 4 ports detected
[    3.126567] xhci_hcd 0000:05:00.4: xHCI Host Controller
[    3.126568] xhci_hcd 0000:05:00.4: new USB bus registered, assigned bus number 4
[    3.126570] xhci_hcd 0000:05:00.4: Host supports USB 3.1 Enhanced SuperSpeed
[    3.126578] usb usb4: We don't know the algorithms for LPM for this host, disabling LPM.
[    3.126587] usb usb4: New USB device found, idVendor=1d6b, idProduct=0003, bcdDevice= 5.10
[    3.126588] usb usb4: New USB device strings: Mfr=3, Product=2, SerialNumber=1
[    3.126588] usb usb4: Product: xHCI Host Controller
[    3.126588] usb usb4: Manufacturer: Linux 5.10.9-1-default xhci-hcd
[    3.126589] usb usb4: SerialNumber: 0000:05:00.4
[    3.126645] hub 4-0:1.0: USB hub found
[    3.126648] hub 4-0:1.0: 2 ports detected
[    3.136875] nvme nvme0: 16/0/0 default/read/poll queues
[    3.140740]  nvme0n1: p1 p2 p3 p4 p5
[    3.183381] battery: ACPI: Battery Slot [BAT0] (battery present)
[    3.350199] input: MSFT0001:00 04F3:3186 Mouse as /devices/platform/AMDI0010:03/i2c-0/i2c-MSFT0001:00/0018:04F3:3186.0001/input/input6
[    3.350304] input: MSFT0001:00 04F3:3186 Touchpad as /devices/platform/AMDI0010:03/i2c-0/i2c-MSFT0001:00/0018:04F3:3186.0001/input/input7
[    3.350364] hid-generic 0018:04F3:3186.0001: input,hidraw0: I2C HID v1.00 Mouse [MSFT0001:00 04F3:3186] on i2c-MSFT0001:00
[    3.362958] BTRFS: device fsid ca37cd4c-3972-4adc-8bc0-4ef58521a319 devid 1 transid 19973 /dev/nvme0n1p5 scanned by systemd-udevd (407)
[    3.458985] usb 3-1: new high-speed USB device number 2 using xhci_hcd
[    3.459002] usb 1-3: new high-speed USB device number 2 using xhci_hcd
[    3.518282] input: MSFT0001:00 04F3:3186 Mouse as /devices/platform/AMDI0010:03/i2c-0/i2c-MSFT0001:00/0018:04F3:3186.0001/input/input8
[    3.518798] input: MSFT0001:00 04F3:3186 Touchpad as /devices/platform/AMDI0010:03/i2c-0/i2c-MSFT0001:00/0018:04F3:3186.0001/input/input9
[    3.518877] hid-multitouch 0018:04F3:3186.0001: input,hidraw0: I2C HID v1.00 Mouse [MSFT0001:00 04F3:3186] on i2c-MSFT0001:00
[    3.621925] usb 3-1: New USB device found, idVendor=05e3, idProduct=0610, bcdDevice=23.07
[    3.621928] usb 3-1: New USB device strings: Mfr=1, Product=2, SerialNumber=0
[    3.621929] usb 3-1: Product: USB2.1 Hub
[    3.621929] usb 3-1: Manufacturer: GenesysLogic
[    3.675055] hub 3-1:1.0: USB hub found
[    3.675622] hub 3-1:1.0: 2 ports detected
[    3.689471] usb 1-3: New USB device found, idVendor=174f, idProduct=244c, bcdDevice= 0.13
[    3.689473] usb 1-3: New USB device strings: Mfr=3, Product=1, SerialNumber=2
[    3.689474] usb 1-3: Product: Integrated Camera
[    3.689475] usb 1-3: Manufacturer: Generic
[    3.689475] usb 1-3: SerialNumber: 0001
[    3.747378] usb 4-1: new SuperSpeed Gen 1 USB device number 2 using xhci_hcd
[    3.769825] usb 4-1: New USB device found, idVendor=05e3, idProduct=0620, bcdDevice=23.07
[    3.769827] usb 4-1: New USB device strings: Mfr=1, Product=2, SerialNumber=0
[    3.769828] usb 4-1: Product: USB3.2 Hub
[    3.769829] usb 4-1: Manufacturer: GenesysLogic
[    3.799961] hub 4-1:1.0: USB hub found
[    3.800236] hub 4-1:1.0: 2 ports detected
[    3.852190] BTRFS info (device nvme0n1p5): disk space caching is enabled
[    3.852192] BTRFS info (device nvme0n1p5): has skinny extents
[    3.858241] BTRFS info (device nvme0n1p5): enabling ssd optimizations
[    3.899065] usb 3-3: new full-speed USB device number 3 using xhci_hcd
[    4.083264] usb 3-3: New USB device found, idVendor=8087, idProduct=0029, bcdDevice= 0.01
[    4.083268] usb 3-3: New USB device strings: Mfr=0, Product=0, SerialNumber=0
[    4.195168] systemd[1]: RTC configured in localtime, applying delta of 330 minutes to system time.
[    4.198346] systemd[1]: systemd 246.9+suse.78.g520e53b6d8 running in system mode. (+PAM +AUDIT +SELINUX -IMA +APPARMOR -SMACK +SYSVINIT +UTMP +LIBCRYPTSETUP +GCRYPT +GNUTLS +ACL +XZ +LZ4 +ZSTD +SECCOMP +BLKID +ELFUTILS +KMOD +IDN2 -IDN +PCRE2 default-hierarchy=hybrid)
[    4.216559] systemd[1]: Detected architecture x86-64.
[    4.217244] systemd[1]: Set hostname to <Kaguya>.
[    4.218963] usb 3-4: new full-speed USB device number 4 using xhci_hcd
[    4.289266] systemd[1]: /usr/lib/systemd/system/plymouth-start.service:15: Unit configured to use KillMode=none. This is unsafe, as it disables systemd's process lifecycle management for the service. Please update your service to use a safer KillMode=, such as 'mixed' or 'control-group'. Support for KillMode=none is deprecated and will eventually be removed.
[    4.305479] systemd[1]: /usr/lib/systemd/system/gpm.service:11: Standard output type syslog is obsolete, automatically updating to journal. Please update your unit file, and consider removing the setting altogether.
[    4.308636] systemd[1]: /usr/lib/systemd/system/mcelog.service:11: Standard output type syslog is obsolete, automatically updating to journal. Please update your unit file, and consider removing the setting altogether.
[    4.370116] systemd[1]: initrd-switch-root.service: Succeeded.
[    4.370251] systemd[1]: Stopped Switch Root.
[    4.370504] systemd[1]: haveged.service: Scheduled restart job, restart counter is at 1.
[    4.370606] systemd[1]: systemd-journald.service: Scheduled restart job, restart counter is at 1.
[    4.370800] systemd[1]: Created slice system-getty.slice.
[    4.371020] systemd[1]: Created slice system-modprobe.slice.
[    4.371210] systemd[1]: Created slice system-systemd\x2dfsck.slice.
[    4.371370] systemd[1]: Created slice User and Session Slice.
[    4.371612] systemd[1]: Set up automount Arbitrary Executable File Formats File System Automount Point.
[    4.371668] systemd[1]: Stopped target Switch Root.
[    4.371688] systemd[1]: Stopped target Initrd File Systems.
[    4.371709] systemd[1]: Stopped target Initrd Root File System.
[    4.371770] systemd[1]: Reached target Remote File Systems.
[    4.371809] systemd[1]: Reached target Slices.
[    4.371922] systemd[1]: Listening on Device-mapper event daemon FIFOs.
[    4.372037] systemd[1]: Listening on LVM2 poll daemon socket.
[    4.372107] systemd[1]: Listening on initctl Compatibility Named Pipe.
[    4.372260] systemd[1]: Listening on udev Control Socket.
[    4.372362] systemd[1]: Listening on udev Kernel Socket.
[    4.372874] systemd[1]: Activating swap /dev/disk/by-uuid/d4a44229-f984-4439-bba3-022698f6b4af...
[    4.373573] systemd[1]: Mounting Huge Pages File System...
[    4.374270] systemd[1]: Mounting POSIX Message Queue File System...
[    4.375053] systemd[1]: Mounting Kernel Debug File System...
[    4.375763] systemd[1]: Mounting Kernel Trace File System...
[    4.376908] systemd[1]: Starting Create list of static device nodes for the current kernel...
[    4.377830] systemd[1]: Starting Monitoring of LVM2 mirrors, snapshots etc. using dmeventd or progress polling...
[    4.379020] systemd[1]: Starting Load Kernel Module configfs...
[    4.380453] systemd[1]: Starting Load Kernel Module drm...
[    4.381888] systemd[1]: Starting Load Kernel Module fuse...
[    4.382123] systemd[1]: plymouth-start.service: Succeeded.
[    4.382167] systemd[1]: plymouth-start.service: Unit process 390 (plymouthd) remains running after unit stopped.
[    4.382263] systemd[1]: Stopped Show Plymouth Boot Screen.
[    4.382487] systemd[1]: Condition check resulted in Dispatch Password Requests to Console Directory Watch being skipped.
[    4.382522] systemd[1]: Reached target Local Encrypted Volumes.
[    4.382741] systemd[1]: plymouth-switch-root.service: Succeeded.
[    4.382938] systemd[1]: Stopped Plymouth switch root service.
[    4.383491] systemd[1]: Condition check resulted in Set Up Additional Binary Formats being skipped.
[    4.383585] systemd[1]: systemd-fsck-root.service: Succeeded.
[    4.383759] systemd[1]: Stopped File System Check on Root Device.
[    4.383914] systemd[1]: Stopped Journal Service.
[    4.384222] systemd[1]: Stopped Entropy Daemon based on the HAVEGE algorithm.
[    4.384914] systemd[1]: Started Entropy Daemon based on the HAVEGE algorithm.
[    4.386427] systemd[1]: Starting Journal Service...
[    4.387496] systemd[1]: Starting Load Kernel Modules...
[    4.388491] systemd[1]: Starting Remount Root and Kernel File Systems...
[    4.389361] systemd[1]: Starting Coldplug All udev Devices...
[    4.389994] systemd[1]: sysroot.mount: Succeeded.
[    4.390502] systemd[1]: Mounted Huge Pages File System.
[    4.390689] systemd[1]: Mounted POSIX Message Queue File System.
[    4.390793] systemd[1]: Mounted Kernel Debug File System.
[    4.390895] systemd[1]: Mounted Kernel Trace File System.
[    4.391686] systemd[1]: Finished Create list of static device nodes for the current kernel.
[    4.391977] systemd[1]: modprobe@configfs.service: Succeeded.
[    4.392134] systemd[1]: Finished Load Kernel Module configfs.
[    4.393108] systemd[1]: Mounting Kernel Configuration File System...
[    4.394767] BTRFS info (device nvme0n1p5): disk space caching is enabled
[    4.395094] systemd[1]: Finished Load Kernel Modules.
[    4.395321] fuse: init (API version 7.32)
[    4.395944] systemd[1]: modprobe@fuse.service: Succeeded.
[    4.396094] systemd[1]: Finished Load Kernel Module fuse.
[    4.396378] systemd[1]: Finished Remount Root and Kernel File Systems.
[    4.396530] systemd[1]: Mounted Kernel Configuration File System.
[    4.397415] systemd[1]: Mounting FUSE Control File System...
[    4.397535] systemd[1]: Condition check resulted in First Boot Wizard being skipped.
[    4.398104] systemd[1]: Condition check resulted in Rebuild Hardware Database being skipped.
[    4.398660] systemd[1]: Starting Apply Kernel Variables...
[    4.398745] systemd[1]: Condition check resulted in Create System Users being skipped.
[    4.399347] systemd[1]: Starting Create Static Device Nodes in /dev...
[    4.400090] systemd[1]: Mounted FUSE Control File System.
[    4.407530] systemd[1]: Started Journal Service.
[    4.409616] usb 3-4: New USB device found, idVendor=048d, idProduct=c100, bcdDevice=10.00
[    4.409618] usb 3-4: New USB device strings: Mfr=1, Product=2, SerialNumber=0
[    4.409619] usb 3-4: Product: ITE Device(8910)
[    4.409619] usb 3-4: Manufacturer: ITE Tech. Inc.
[    4.419119] Adding 18301632k swap on /dev/sda4.  Priority:-2 extents:1 across:18301632k FS
[    4.533710] ACPI: AC Adapter [ADP0] (on-line)
[    4.542149] acpi_cpufreq: overriding BIOS provided _PSD data
[    4.569515] input: Ideapad extra buttons as /devices/pci0000:00/0000:00:14.3/PNP0C09:00/VPC2004:00/input/input10
[    4.577817] piix4_smbus 0000:00:14.0: SMBus Host Controller at 0xb00, revision 0
[    4.577818] piix4_smbus 0000:00:14.0: Using register 0x02 for SMBus port selection
[    4.577872] piix4_smbus 0000:00:14.0: Auxiliary SMBus Host Controller at 0xb20
[    4.584988] audit: type=1400 audit(1612330581.800:2): apparmor="STATUS" operation="profile_load" profile="unconfined" name="lsb_release" pid=644 comm="apparmor_parser"
[    4.585209] audit: type=1400 audit(1612330581.800:3): apparmor="STATUS" operation="profile_load" profile="unconfined" name="/usr/bin/lessopen.sh" pid=650 comm="apparmor_parser"
[    4.586368] audit: type=1400 audit(1612330581.800:4): apparmor="STATUS" operation="profile_load" profile="unconfined" name="klogd" pid=647 comm="apparmor_parser"
[    4.587253] audit: type=1400 audit(1612330581.804:5): apparmor="STATUS" operation="profile_load" profile="unconfined" name="nvidia_modprobe" pid=645 comm="apparmor_parser"
[    4.587259] audit: type=1400 audit(1612330581.804:6): apparmor="STATUS" operation="profile_load" profile="unconfined" name="nvidia_modprobe//kmod" pid=645 comm="apparmor_parser"
[    4.587852] audit: type=1400 audit(1612330581.804:7): apparmor="STATUS" operation="profile_load" profile="unconfined" name="dovecot-imap-login" pid=660 comm="apparmor_parser"
[    4.588862] audit: type=1400 audit(1612330581.804:8): apparmor="STATUS" operation="profile_load" profile="unconfined" name="dovecot-dict" pid=655 comm="apparmor_parser"
[    4.590480] audit: type=1400 audit(1612330581.804:9): apparmor="STATUS" operation="profile_load" profile="unconfined" name="ping" pid=643 comm="apparmor_parser"
[    4.590724] audit: type=1400 audit(1612330581.804:10): apparmor="STATUS" operation="profile_load" profile="unconfined" name="dovecot-config" pid=653 comm="apparmor_parser"
[    4.695821] input: PC Speaker as /devices/platform/pcspkr/input/input11
[    4.696194] sp5100_tco: SP5100/SB800 TCO WatchDog Timer Driver
[    4.696276] sp5100-tco sp5100-tco: Using 0xfeb00000 for watchdog MMIO address
[    4.697594] sp5100-tco sp5100-tco: initialized. heartbeat=60 sec (nowayout=0)
[    4.707907] cfg80211: Loading compiled-in X.509 certificates for regulatory database
[    4.708133] cfg80211: Loaded X.509 cert 'sforshee: 00b28ddf47aef9cea7'
[    4.720376] pstore: Efi pstore disabled, enforce via pstore.backend=efi
[    4.720378] pstore: On a broken BIOS, this can severely harm your system
[    4.720379] pstore: Only enable efi based pstore when you know what you are doing
[    4.740958] Intel(R) Wireless WiFi driver for Linux
[    4.741646] iwlwifi 0000:04:00.0: enabling device (0000 -> 0002)
[    4.752061] libphy: r8169: probed
[    4.752305] r8169 0000:03:00.0 eth0: RTL8168h/8111h, 8c:8c:aa:21:2e:59, XID 541, IRQ 76
[    4.752308] r8169 0000:03:00.0 eth0: jumbo features [frames: 9194 bytes, tx checksumming: ko]
[    4.761976] kvm: Nested Virtualization enabled
[    4.761984] SVM: kvm: Nested Paging enabled
[    4.761984] SVM: Virtual VMLOAD VMSAVE supported
[    4.761984] SVM: Virtual GIF supported
[    4.797470] iwlwifi 0000:04:00.0: api flags index 2 larger than supported by driver
[    4.797487] iwlwifi 0000:04:00.0: TLV_FW_FSEQ_VERSION: FSEQ Version: 89.3.35.22
[    4.797797] iwlwifi 0000:04:00.0: loaded firmware version 59.601f3a66.0 cc-a0-59.ucode op_mode iwlmvm
[    4.813454] nvidia: module license 'NVIDIA' taints kernel.
[    4.813457] Disabling lock debugging due to kernel taint
[    4.836597] r8169 0000:03:00.0 eno1: renamed from eth0
[    4.899877] MCE: In-kernel MCE decoding enabled.
[    4.902909] EDAC amd64: F17h_M60h detected (node 0).
[    4.902995] EDAC amd64: Node 0: DRAM ECC disabled.
[    4.914604] nvidia-nvlink: Nvlink Core is being initialized, major device number 239

[    4.915285] nvidia 0000:01:00.0: enabling device (0100 -> 0103)
[    4.915393] nvidia 0000:01:00.0: vgaarb: changed VGA decodes: olddecodes=io+mem,decodes=none:owns=none
[    4.927692] snd_hda_intel 0000:01:00.1: enabling device (0000 -> 0002)
[    4.927812] snd_hda_intel 0000:01:00.1: Disabling MSI
[    4.927820] snd_hda_intel 0000:01:00.1: Handle vga_switcheroo audio client
[    4.927934] snd_hda_intel 0000:05:00.6: enabling device (0000 -> 0002)
[    4.959505] input: HDA NVidia HDMI/DP,pcm=3 as /devices/pci0000:00/0000:00:01.1/0000:01:00.1/sound/card0/input12
[    4.959570] input: HDA NVidia HDMI/DP,pcm=7 as /devices/pci0000:00/0000:00:01.1/0000:01:00.1/sound/card0/input13
[    4.959572] NVRM: loading NVIDIA UNIX x86_64 Kernel Module  460.32.03  Sun Dec 27 19:00:34 UTC 2020
[    4.959632] input: HDA NVidia HDMI/DP,pcm=8 as /devices/pci0000:00/0000:00:01.1/0000:01:00.1/sound/card0/input14
[    4.959677] input: HDA NVidia HDMI/DP,pcm=9 as /devices/pci0000:00/0000:00:01.1/0000:01:00.1/sound/card0/input15
[    4.959725] input: HDA NVidia HDMI/DP,pcm=10 as /devices/pci0000:00/0000:00:01.1/0000:01:00.1/sound/card0/input16
[    4.960263] snd_hda_codec_realtek hdaudioC1D0: autoconfig for ALC257: line_outs=1 (0x14/0x0/0x0/0x0/0x0) type:speaker
[    4.960266] snd_hda_codec_realtek hdaudioC1D0:    speaker_outs=0 (0x0/0x0/0x0/0x0/0x0)
[    4.960267] snd_hda_codec_realtek hdaudioC1D0:    hp_outs=1 (0x21/0x0/0x0/0x0/0x0)
[    4.960267] snd_hda_codec_realtek hdaudioC1D0:    mono: mono_out=0x0
[    4.960268] snd_hda_codec_realtek hdaudioC1D0:    inputs:
[    4.960269] snd_hda_codec_realtek hdaudioC1D0:      Mic=0x19
[    4.960270] snd_hda_codec_realtek hdaudioC1D0:      Internal Mic=0x12
[    4.970524] iwlwifi 0000:04:00.0: Detected Intel(R) Wi-Fi 6 AX200 160MHz, REV=0x340
[    4.986307] EXT4-fs (sda3): mounted filesystem with ordered data mode. Opts: data=ordered
[    5.009697] nvidia_uvm: module uses symbols from proprietary module nvidia, inheriting taint.
[    5.013072] input: HDA Digital PCBeep as /devices/pci0000:00/0000:00:08.1/0000:05:00.6/sound/card1/input17
[    5.013122] input: HD-Audio Generic Mic as /devices/pci0000:00/0000:00:08.1/0000:05:00.6/sound/card1/input18
[    5.013160] input: HD-Audio Generic Headphone as /devices/pci0000:00/0000:00:08.1/0000:05:00.6/sound/card1/input19
[    5.016359] nvidia-uvm: Loaded the UVM driver, major device number 237.
[    5.195786] EDAC amd64: F17h_M60h detected (node 0).
[    5.195826] EDAC amd64: Node 0: DRAM ECC disabled.
[    5.197641] nvidia-modeset: Loading NVIDIA Kernel Mode Setting Driver for UNIX platforms  460.32.03  Sun Dec 27 18:51:11 UTC 2020
[    5.202287] iwlwifi 0000:04:00.0: base HW address: 08:5b:d6:eb:66:7b
[    5.205543] [drm] [nvidia-drm] [GPU ID 0x00000100] Loading driver
[    5.205545] [drm] Initialized nvidia-drm 0.0.0 20160202 for 0000:01:00.0 on minor 0
[    5.210880] input: ITE Tech. Inc. ITE Device(8910) Keyboard as /devices/pci0000:00/0000:00:08.1/0000:05:00.4/usb3/3-4/3-4:1.0/0003:048D:C100.0002/input/input20
[    5.216857] thermal thermal_zone0: failed to read out thermal zone (-61)
[    5.218122] iwlwifi 0000:04:00.0 wlp4s0: renamed from wlan0
[    5.267309] input: ITE Tech. Inc. ITE Device(8910) Consumer Control as /devices/pci0000:00/0000:00:08.1/0000:05:00.4/usb3/3-4/3-4:1.0/0003:048D:C100.0002/input/input21
[    5.267488] input: ITE Tech. Inc. ITE Device(8910) Wireless Radio Control as /devices/pci0000:00/0000:00:08.1/0000:05:00.4/usb3/3-4/3-4:1.0/0003:048D:C100.0002/input/input22
[    5.267881] hid-generic 0003:048D:C100.0002: input,hiddev96,hidraw1: USB HID v1.10 Keyboard [ITE Tech. Inc. ITE Device(8910)] on usb-0000:05:00.4-4/input0
[    5.267913] usbcore: registered new interface driver usbhid
[    5.267913] usbhid: USB HID core driver
[    5.274969] snd_rn_pci_acp3x 0000:05:00.5: enabling device (0000 -> 0002)
[    5.285131] AMD-Vi: AMD IOMMUv2 driver by Joerg Roedel <jroedel@suse.de>
[    5.768493] i2c_hid i2c-MSFT0001:00: i2c_hid_get_input: incomplete report (14/28160)
[    5.769135] i2c_hid i2c-MSFT0001:00: i2c_hid_get_input: IRQ triggered but there's no data
[    6.360068] EDAC amd64: F17h_M60h detected (node 0).
[    6.360162] EDAC amd64: Node 0: DRAM ECC disabled.
[    6.361296] bpfilter: Loaded bpfilter_umh pid 1584
[    6.361433] Started bpfilter
[    6.361785] mc: Linux media interface: v0.10
[    6.400145] videodev: Linux video capture interface: v2.00
[    6.415756] Bluetooth: Core ver 2.22
[    6.415808] NET: Registered protocol family 31
[    6.415809] Bluetooth: HCI device and connection manager initialized
[    6.415814] Bluetooth: HCI socket layer initialized
[    6.415815] Bluetooth: L2CAP socket layer initialized
[    6.415818] Bluetooth: SCO socket layer initialized
[    6.418968] Generic FE-GE Realtek PHY r8169-300:00: attached PHY driver [Generic FE-GE Realtek PHY] (mii_bus:phy_addr=r8169-300:00, irq=IGNORE)
[    6.419468] [drm] amdgpu kernel modesetting enabled.
[    6.419496] vga_switcheroo: detected switching method \_SB_.PCI0.GP17.VGA_.ATPX handle
[    6.419907] ATPX version 1, functions 0x00000001
[    6.419950] ATPX Hybrid Graphics
[    6.420038] Virtual CRAT table created for CPU
[    6.420046] amdgpu: Topology: Add CPU node
[    6.420136] checking generic (fce0000000 7e9000) vs hw (fce0000000 10000000)
[    6.420137] fb0: switching to amdgpudrmfb from EFI VGA
[    6.420344] Console: switching to colour dummy device 80x25
[    6.420380] amdgpu 0000:05:00.0: vgaarb: deactivate vga console
[    6.420438] amdgpu 0000:05:00.0: enabling device (0006 -> 0007)
[    6.420529] [drm] initializing kernel modesetting (RENOIR 0x1002:0x1636 0x17AA:0x3A3E 0xC6).
[    6.420532] amdgpu 0000:05:00.0: amdgpu: Trusted Memory Zone (TMZ) feature disabled as experimental (default)
[    6.420639] [drm] register mmio base: 0xD1500000
[    6.420641] [drm] register mmio size: 524288
[    6.420644] [drm] PCIE atomic ops is not supported
[    6.421805] [drm] add ip block number 0 <soc15_common>
[    6.421806] [drm] add ip block number 1 <gmc_v9_0>
[    6.421807] [drm] add ip block number 2 <vega10_ih>
[    6.421808] [drm] add ip block number 3 <psp>
[    6.421809] [drm] add ip block number 4 <smu>
[    6.421810] [drm] add ip block number 5 <gfx_v9_0>
[    6.421811] [drm] add ip block number 6 <sdma_v4_0>
[    6.421812] [drm] add ip block number 7 <dm>
[    6.421812] [drm] add ip block number 8 <vcn_v2_0>
[    6.421813] [drm] add ip block number 9 <jpeg_v2_0>
[    6.421830] amdgpu 0000:05:00.0: amdgpu: Fetched VBIOS from VFCT
[    6.421832] amdgpu: ATOM BIOS: 113-RENOIR-025
[    6.423699] [drm] VCN decode is enabled in VM mode
[    6.423700] [drm] VCN encode is enabled in VM mode
[    6.423701] [drm] JPEG decode is enabled in VM mode
[    6.423738] [drm] vm size is 262144 GB, 4 levels, block size is 9-bit, fragment size is 9-bit
[    6.423748] amdgpu 0000:05:00.0: amdgpu: VRAM: 512M 0x000000F400000000 - 0x000000F41FFFFFFF (512M used)
[    6.423749] amdgpu 0000:05:00.0: amdgpu: GART: 1024M 0x0000000000000000 - 0x000000003FFFFFFF
[    6.423750] amdgpu 0000:05:00.0: amdgpu: AGP: 267419648M 0x000000F800000000 - 0x0000FFFFFFFFFFFF
[    6.423753] [drm] Detected VRAM RAM=512M, BAR=512M
[    6.423754] [drm] RAM width 64bits DDR4
[    6.423797] [TTM] Zone  kernel: Available graphics memory: 3736628 KiB
[    6.423797] [TTM] Zone   dma32: Available graphics memory: 2097152 KiB
[    6.423798] [TTM] Initializing pool allocator
[    6.423801] [TTM] Initializing DMA pool allocator
[    6.423832] [drm] amdgpu: 512M of VRAM memory ready
[    6.423837] [drm] amdgpu: 3072M of GTT memory ready.
[    6.423838] [drm] GART: num cpu pages 262144, num gpu pages 262144
[    6.423948] [drm] PCIE GART of 1024M enabled (table at 0x000000F400900000).
[    6.439869] [drm] Loading DMUB firmware via PSP: version=0x00000000
[    6.458762] [drm] Found VCN firmware Version ENC: 1.7 DEC: 4 VEP: 0 Revision: 17
[    6.458781] [drm] PSP loading VCN firmware
[    7.117529] [drm] reserve 0x400000 from 0xf41f800000 for PSP TMR
[    7.131525] r8169 0000:03:00.0 eno1: Link is Down
[    7.140075] EDAC amd64: F17h_M60h detected (node 0).
[    7.140121] EDAC amd64: Node 0: DRAM ECC disabled.
[    7.258041] usbcore: registered new interface driver btusb
[    7.261919] Bluetooth: hci0: Firmware revision 0.0 build 127 week 48 2020
[    7.267131] uvcvideo: Found UVC 1.10 device Integrated Camera (174f:244c)
[    7.288795] input: Integrated Camera: Integrated C as /devices/pci0000:00/0000:00:08.1/0000:05:00.3/usb1/1-3/1-3:1.0/input/input23
[    7.288908] usbcore: registered new interface driver uvcvideo
[    7.288908] USB Video Class driver (1.1.1)
[    7.291731] EDAC amd64: F17h_M60h detected (node 0).
[    7.291776] EDAC amd64: Node 0: DRAM ECC disabled.
[    7.322941] amdgpu 0000:05:00.0: amdgpu: RAS: optional ras ta ucode is not available
[    7.325522] Bluetooth: BNEP (Ethernet Emulation) ver 1.3
[    7.325525] Bluetooth: BNEP filters: protocol multicast
[    7.325530] Bluetooth: BNEP socket layer initialized
[    7.346984] amdgpu 0000:05:00.0: amdgpu: RAP: optional rap ta ucode is not available
[    7.347033] amdgpu 0000:05:00.0: amdgpu: smu driver if version = 0x0000000e, smu fw if version = 0x0000000c, smu fw version = 0x00373100 (55.49.0)
[    7.347034] amdgpu 0000:05:00.0: amdgpu: SMU driver if version not matched
[    7.347205] amdgpu 0000:05:00.0: amdgpu: SMU is initialized successfully!
[    7.348556] [drm] kiq ring mec 2 pipe 1 q 0
[    7.349238] [drm] Display Core initialized with v3.2.104!
[    7.362130] [drm] DMUB hardware initialized: version=0x01000000
[    7.369594] ACPI: \: failed to evaluate _DSM (0x1001)
[    7.369596] ACPI: \: failed to evaluate _DSM (0x1001)
[    7.436154] amdgpu: XXX update_connector_ext_caps: eDP-1: signal=128, max_cll=0, min_cll=0
[    7.436157] amdgpu: XXX update_connector_ext_caps: eDP-1: aux_support=1, aux_max=50, aux_min=0
[    7.437820] amdgpu: XXX amdgpu_dm_register_backlight_device
[    7.437822] amdgpu: XXX amdgpu_dm_update_backlight_caps: caps_valid=0 aux_support=0 min=0 max=0
[    7.446144] EDAC amd64: F17h_M60h detected (node 0).
[    7.446147] NET: Registered protocol family 38
[    7.446239] EDAC amd64: Node 0: DRAM ECC disabled.
[    7.448240] [drm] VCN decode and encode initialized successfully(under DPG Mode).
[    7.448257] [drm] JPEG decode initialized successfully.
[    7.449366] kfd kfd: Allocated 3969056 bytes on gart
[    7.449783] Virtual CRAT table created for GPU
[    7.450153] amdgpu: Topology: Add dGPU node [0x1636:0x1002]
[    7.450158] kfd kfd: added device 1002:1636
[    7.450162] amdgpu 0000:05:00.0: amdgpu: SE 1, SH per SE 2, CU per SH 18, active_cu_number 27
[    7.451476] [drm] fb mappable at 0x210CE0000
[    7.451478] [drm] vram apper at 0x210000000
[    7.451479] [drm] size 8294400
[    7.451480] [drm] fb depth is 24
[    7.451481] [drm]    pitch is 7680
[    7.451562] fbcon: amdgpudrmfb (fb0) is primary device
[    7.485244] Console: switching to colour frame buffer device 240x67
[    7.499874] amdgpu 0000:05:00.0: [drm] fb0: amdgpudrmfb frame buffer device
[    7.535394] amdgpu 0000:05:00.0: amdgpu: ring gfx uses VM inv eng 0 on hub 0
[    7.535398] amdgpu 0000:05:00.0: amdgpu: ring comp_1.0.0 uses VM inv eng 1 on hub 0
[    7.535400] amdgpu 0000:05:00.0: amdgpu: ring comp_1.1.0 uses VM inv eng 4 on hub 0
[    7.535402] amdgpu 0000:05:00.0: amdgpu: ring comp_1.2.0 uses VM inv eng 5 on hub 0
[    7.535403] amdgpu 0000:05:00.0: amdgpu: ring comp_1.3.0 uses VM inv eng 6 on hub 0
[    7.535405] amdgpu 0000:05:00.0: amdgpu: ring comp_1.0.1 uses VM inv eng 7 on hub 0
[    7.535406] amdgpu 0000:05:00.0: amdgpu: ring comp_1.1.1 uses VM inv eng 8 on hub 0
[    7.535408] amdgpu 0000:05:00.0: amdgpu: ring comp_1.2.1 uses VM inv eng 9 on hub 0
[    7.535410] amdgpu 0000:05:00.0: amdgpu: ring comp_1.3.1 uses VM inv eng 10 on hub 0
[    7.535412] amdgpu 0000:05:00.0: amdgpu: ring kiq_2.1.0 uses VM inv eng 11 on hub 0
[    7.535414] amdgpu 0000:05:00.0: amdgpu: ring sdma0 uses VM inv eng 0 on hub 1
[    7.535415] amdgpu 0000:05:00.0: amdgpu: ring vcn_dec uses VM inv eng 1 on hub 1
[    7.535417] amdgpu 0000:05:00.0: amdgpu: ring vcn_enc0 uses VM inv eng 4 on hub 1
[    7.535419] amdgpu 0000:05:00.0: amdgpu: ring vcn_enc1 uses VM inv eng 5 on hub 1
[    7.535421] amdgpu 0000:05:00.0: amdgpu: ring jpeg_dec uses VM inv eng 6 on hub 1
[    7.538220] [drm] Initialized amdgpu 3.40.0 20150101 for 0000:05:00.0 on minor 1
[    7.580256] EDAC amd64: F17h_M60h detected (node 0).
[    7.580310] EDAC amd64: Node 0: DRAM ECC disabled.
[    7.591469] amdgpu: XXX amdgpu_dm_update_backlight_caps: caps_valid=1 aux_support=0 min=0 max=255
[    7.591472] amdgpu: XXX amdgpu_dm_backlight_update_status: 255 / 50000, aux=1
[    7.632919] ACPI: \: failed to evaluate _DSM (0x1001)
[    7.632923] ACPI: \: failed to evaluate _DSM (0x1001)
[    7.735788] EDAC amd64: F17h_M60h detected (node 0).
[    7.735832] EDAC amd64: Node 0: DRAM ECC disabled.
[    7.737120] NET: Registered protocol family 17
[    7.861030] EDAC amd64: F17h_M60h detected (node 0).
[    7.861087] EDAC amd64: Node 0: DRAM ECC disabled.
[    7.989828] EDAC amd64: F17h_M60h detected (node 0).
[    7.989877] EDAC amd64: Node 0: DRAM ECC disabled.
[    8.092856] EDAC amd64: F17h_M60h detected (node 0).
[    8.092904] EDAC amd64: Node 0: DRAM ECC disabled.
[    8.204170] EDAC amd64: F17h_M60h detected (node 0).
[    8.204211] EDAC amd64: Node 0: DRAM ECC disabled.
[    8.284409] EDAC amd64: F17h_M60h detected (node 0).
[    8.284458] EDAC amd64: Node 0: DRAM ECC disabled.
[    8.360579] EDAC amd64: F17h_M60h detected (node 0).
[    8.360626] EDAC amd64: Node 0: DRAM ECC disabled.
[    8.424237] EDAC amd64: F17h_M60h detected (node 0).
[    8.424285] EDAC amd64: Node 0: DRAM ECC disabled.
[    8.480151] EDAC amd64: F17h_M60h detected (node 0).
[    8.480199] EDAC amd64: Node 0: DRAM ECC disabled.
[   26.891528] ACPI Warning: \_SB.PCI0.GPP0.PEGP._DSM: Argument #4 type mismatch - Found [Buffer], ACPI requires [Package] (20200925/nsarguments-61)
[   27.232185] NVRM: nv_acpi_dsm_method: DSM data invalid!
[   29.939434] wlp4s0: authenticate with 00:6d:61:ee:5d:36
[   29.948844] wlp4s0: send auth to 00:6d:61:ee:5d:36 (try 1/3)
[   29.983204] wlp4s0: authenticated
[   29.986944] wlp4s0: associate with 00:6d:61:ee:5d:36 (try 1/3)
[   29.991615] wlp4s0: RX AssocResp from 00:6d:61:ee:5d:36 (capab=0x411 status=0 aid=5)
[   30.018208] wlp4s0: associated
[   30.057271] IPv6: ADDRCONF(NETDEV_CHANGE): wlp4s0: link becomes ready
[   36.877047] Bluetooth: RFCOMM TTY layer initialized
[   36.877054] Bluetooth: RFCOMM socket layer initialized
[   36.877058] Bluetooth: RFCOMM ver 1.11
[  119.626103] amdgpu: XXX amdgpu_dm_backlight_update_status: 255 / 50000, aux=1
[  119.643071] amdgpu: XXX amdgpu_dm_backlight_update_status: 254 / 49804, aux=1
[  119.691132] amdgpu: XXX amdgpu_dm_backlight_update_status: 253 / 49608, aux=1
[  119.707968] amdgpu: XXX amdgpu_dm_backlight_update_status: 252 / 49412, aux=1
[  119.723843] amdgpu: XXX amdgpu_dm_backlight_update_status: 251 / 49216, aux=1
[  119.739740] amdgpu: XXX amdgpu_dm_backlight_update_status: 249 / 48824, aux=1
[  119.755648] amdgpu: XXX amdgpu_dm_backlight_update_status: 248 / 48627, aux=1
[  119.771454] amdgpu: XXX amdgpu_dm_backlight_update_status: 246 / 48235, aux=1
[  119.787254] amdgpu: XXX amdgpu_dm_backlight_update_status: 245 / 48039, aux=1
[  119.804057] amdgpu: XXX amdgpu_dm_backlight_update_status: 244 / 47843, aux=1
[  119.819869] amdgpu: XXX amdgpu_dm_backlight_update_status: 243 / 47647, aux=1
[  119.835671] amdgpu: XXX amdgpu_dm_backlight_update_status: 242 / 47451, aux=1
[  119.949537] amdgpu: XXX amdgpu_dm_backlight_update_status: 230 / 45098, aux=1
[  119.950178] amdgpu: XXX amdgpu_dm_backlight_update_status: 242 / 47451, aux=1
[  119.967074] amdgpu: XXX amdgpu_dm_backlight_update_status: 241 / 47255, aux=1
[  120.015044] amdgpu: XXX amdgpu_dm_backlight_update_status: 240 / 47059, aux=1
[  120.031859] amdgpu: XXX amdgpu_dm_backlight_update_status: 239 / 46863, aux=1
[  120.047683] amdgpu: XXX amdgpu_dm_backlight_update_status: 238 / 46667, aux=1
[  120.063489] amdgpu: XXX amdgpu_dm_backlight_update_status: 237 / 46471, aux=1
[  120.079302] amdgpu: XXX amdgpu_dm_backlight_update_status: 235 / 46078, aux=1
[  120.095285] amdgpu: XXX amdgpu_dm_backlight_update_status: 234 / 45882, aux=1
[  120.111293] amdgpu: XXX amdgpu_dm_backlight_update_status: 233 / 45686, aux=1
[  120.127391] amdgpu: XXX amdgpu_dm_backlight_update_status: 232 / 45490, aux=1
[  120.143203] amdgpu: XXX amdgpu_dm_backlight_update_status: 231 / 45294, aux=1
[  120.160021] amdgpu: XXX amdgpu_dm_backlight_update_status: 230 / 45098, aux=1
[  165.970686] amdgpu: XXX amdgpu_dm_backlight_get_brightness level=60944
[  165.970690] amdgpu: XXX amdgpu_dm_backlight_get_brightness: 60944 / 311
[  250.961931] amdgpu: XXX amdgpu_dm_backlight_update_status: 230 / 45098, aux=1
[  250.978956] amdgpu: XXX amdgpu_dm_backlight_update_status: 229 / 44902, aux=1
[  251.027031] amdgpu: XXX amdgpu_dm_backlight_update_status: 228 / 44706, aux=1
[  251.043867] amdgpu: XXX amdgpu_dm_backlight_update_status: 227 / 44510, aux=1
[  251.054492] amdgpu: XXX amdgpu_dm_backlight_update_status: 224 / 43922, aux=1
[  251.055142] amdgpu: XXX amdgpu_dm_backlight_update_status: 222 / 43529, aux=1
[  251.055754] amdgpu: XXX amdgpu_dm_backlight_update_status: 227 / 44510, aux=1
[  251.059594] amdgpu: XXX amdgpu_dm_backlight_update_status: 226 / 44314, aux=1
[  251.091476] amdgpu: XXX amdgpu_dm_backlight_update_status: 225 / 44118, aux=1
[  251.107271] amdgpu: XXX amdgpu_dm_backlight_update_status: 224 / 43922, aux=1
[  251.123322] amdgpu: XXX amdgpu_dm_backlight_update_status: 222 / 43529, aux=1
[  251.139344] amdgpu: XXX amdgpu_dm_backlight_update_status: 220 / 43137, aux=1
[  251.155375] amdgpu: XXX amdgpu_dm_backlight_update_status: 217 / 42549, aux=1
[  251.171402] amdgpu: XXX amdgpu_dm_backlight_update_status: 215 / 42157, aux=1
[  251.187384] amdgpu: XXX amdgpu_dm_backlight_update_status: 212 / 41569, aux=1
[  251.203196] amdgpu: XXX amdgpu_dm_backlight_update_status: 210 / 41176, aux=1
[  251.219053] amdgpu: XXX amdgpu_dm_backlight_update_status: 208 / 40784, aux=1
[  251.235882] amdgpu: XXX amdgpu_dm_backlight_update_status: 206 / 40392, aux=1
[  251.251697] amdgpu: XXX amdgpu_dm_backlight_update_status: 205 / 40196, aux=1
[  251.260320] amdgpu: XXX amdgpu_dm_backlight_update_status: 204 / 40000, aux=1
[  251.260959] amdgpu: XXX amdgpu_dm_backlight_update_status: 191 / 37451, aux=1
[  251.261583] amdgpu: XXX amdgpu_dm_backlight_update_status: 205 / 40196, aux=1
[  251.267429] amdgpu: XXX amdgpu_dm_backlight_update_status: 204 / 40000, aux=1
[  251.299421] amdgpu: XXX amdgpu_dm_backlight_update_status: 203 / 39804, aux=1
[  251.331348] amdgpu: XXX amdgpu_dm_backlight_update_status: 202 / 39608, aux=1
[  251.347234] amdgpu: XXX amdgpu_dm_backlight_update_status: 200 / 39216, aux=1
[  251.363054] amdgpu: XXX amdgpu_dm_backlight_update_status: 199 / 39020, aux=1
[  251.379871] amdgpu: XXX amdgpu_dm_backlight_update_status: 197 / 38627, aux=1
[  251.395705] amdgpu: XXX amdgpu_dm_backlight_update_status: 196 / 38431, aux=1
[  251.411531] amdgpu: XXX amdgpu_dm_backlight_update_status: 194 / 38039, aux=1
