[    0.000000] Linux version 5.10.9-1-default (geeko@buildhost) (gcc (SUSE Linux) 10.2.1 20201202 [revision e563687cf9d3d1278f45aaebd03e0f66531076c9], GNU ld (GNU Binutils; openSUSE Tumbleweed) 2.35.1.20201112-1) #1 SMP Wed Jan 20 07:26:11 UTC 2021 (b7732a5)
[    0.000000] Command line: BOOT_IMAGE=/boot/vmlinuz-5.10.9-1-default root=UUID=ca37cd4c-3972-4adc-8bc0-4ef58521a319 splash=silent resume=/dev/disk/by-uuid/d4a44229-f984-4439-bba3-022698f6b4af quiet mitigations=auto
[    0.000000] x86/fpu: Supporting XSAVE feature 0x001: 'x87 floating point registers'
[    0.000000] x86/fpu: Supporting XSAVE feature 0x002: 'SSE registers'
[    0.000000] x86/fpu: Supporting XSAVE feature 0x004: 'AVX registers'
[    0.000000] x86/fpu: xstate_offset[2]:  576, xstate_sizes[2]:  256
[    0.000000] x86/fpu: Enabled xstate features 0x7, context size is 832 bytes, using 'compacted' format.
[    0.000000] BIOS-provided physical RAM map:
[    0.000000] BIOS-e820: [mem 0x0000000000000000-0x000000000009efff] usable
[    0.000000] BIOS-e820: [mem 0x000000000009f000-0x00000000000bffff] reserved
[    0.000000] BIOS-e820: [mem 0x0000000000100000-0x0000000009afffff] usable
[    0.000000] BIOS-e820: [mem 0x0000000009b00000-0x0000000009dfffff] reserved
[    0.000000] BIOS-e820: [mem 0x0000000009e00000-0x0000000009efffff] usable
[    0.000000] BIOS-e820: [mem 0x0000000009f00000-0x0000000009f0cfff] ACPI NVS
[    0.000000] BIOS-e820: [mem 0x0000000009f0d000-0x00000000bab68fff] usable
[    0.000000] BIOS-e820: [mem 0x00000000bab69000-0x00000000bbd68fff] reserved
[    0.000000] BIOS-e820: [mem 0x00000000bbd69000-0x00000000c9f7efff] usable
[    0.000000] BIOS-e820: [mem 0x00000000c9f7f000-0x00000000ccf7efff] reserved
[    0.000000] BIOS-e820: [mem 0x00000000ccf7f000-0x00000000cdf7efff] ACPI NVS
[    0.000000] BIOS-e820: [mem 0x00000000cdf7f000-0x00000000cdffefff] ACPI data
[    0.000000] BIOS-e820: [mem 0x00000000cdfff000-0x00000000cdffffff] usable
[    0.000000] BIOS-e820: [mem 0x00000000ce000000-0x00000000ceffffff] reserved
[    0.000000] BIOS-e820: [mem 0x00000000f8000000-0x00000000fbffffff] reserved
[    0.000000] BIOS-e820: [mem 0x00000000fde00000-0x00000000fdefffff] reserved
[    0.000000] BIOS-e820: [mem 0x00000000fec00000-0x00000000fec00fff] reserved
[    0.000000] BIOS-e820: [mem 0x00000000fec10000-0x00000000fec10fff] reserved
[    0.000000] BIOS-e820: [mem 0x00000000fed80000-0x00000000fed80fff] reserved
[    0.000000] BIOS-e820: [mem 0x00000000fee00000-0x00000000fee00fff] reserved
[    0.000000] BIOS-e820: [mem 0x00000000ff000000-0x00000000fff1ffff] reserved
[    0.000000] BIOS-e820: [mem 0x0000000100000000-0x000000020f33ffff] usable
[    0.000000] BIOS-e820: [mem 0x000000020f340000-0x000000022fffffff] reserved
[    0.000000] NX (Execute Disable) protection: active
[    0.000000] e820: update [mem 0xb5097018-0xb50b6e57] usable ==> usable
[    0.000000] e820: update [mem 0xb5097018-0xb50b6e57] usable ==> usable
[    0.000000] e820: update [mem 0xb5088018-0xb5096057] usable ==> usable
[    0.000000] e820: update [mem 0xb5088018-0xb5096057] usable ==> usable
[    0.000000] e820: update [mem 0xb507a018-0xb5087457] usable ==> usable
[    0.000000] e820: update [mem 0xb507a018-0xb5087457] usable ==> usable
[    0.000000] extended physical RAM map:
[    0.000000] reserve setup_data: [mem 0x0000000000000000-0x000000000009efff] usable
[    0.000000] reserve setup_data: [mem 0x000000000009f000-0x00000000000bffff] reserved
[    0.000000] reserve setup_data: [mem 0x0000000000100000-0x0000000009afffff] usable
[    0.000000] reserve setup_data: [mem 0x0000000009b00000-0x0000000009dfffff] reserved
[    0.000000] reserve setup_data: [mem 0x0000000009e00000-0x0000000009efffff] usable
[    0.000000] reserve setup_data: [mem 0x0000000009f00000-0x0000000009f0cfff] ACPI NVS
[    0.000000] reserve setup_data: [mem 0x0000000009f0d000-0x00000000b507a017] usable
[    0.000000] reserve setup_data: [mem 0x00000000b507a018-0x00000000b5087457] usable
[    0.000000] reserve setup_data: [mem 0x00000000b5087458-0x00000000b5088017] usable
[    0.000000] reserve setup_data: [mem 0x00000000b5088018-0x00000000b5096057] usable
[    0.000000] reserve setup_data: [mem 0x00000000b5096058-0x00000000b5097017] usable
[    0.000000] reserve setup_data: [mem 0x00000000b5097018-0x00000000b50b6e57] usable
[    0.000000] reserve setup_data: [mem 0x00000000b50b6e58-0x00000000bab68fff] usable
[    0.000000] reserve setup_data: [mem 0x00000000bab69000-0x00000000bbd68fff] reserved
[    0.000000] reserve setup_data: [mem 0x00000000bbd69000-0x00000000c9f7efff] usable
[    0.000000] reserve setup_data: [mem 0x00000000c9f7f000-0x00000000ccf7efff] reserved
[    0.000000] reserve setup_data: [mem 0x00000000ccf7f000-0x00000000cdf7efff] ACPI NVS
[    0.000000] reserve setup_data: [mem 0x00000000cdf7f000-0x00000000cdffefff] ACPI data
[    0.000000] reserve setup_data: [mem 0x00000000cdfff000-0x00000000cdffffff] usable
[    0.000000] reserve setup_data: [mem 0x00000000ce000000-0x00000000ceffffff] reserved
[    0.000000] reserve setup_data: [mem 0x00000000f8000000-0x00000000fbffffff] reserved
[    0.000000] reserve setup_data: [mem 0x00000000fde00000-0x00000000fdefffff] reserved
[    0.000000] reserve setup_data: [mem 0x00000000fec00000-0x00000000fec00fff] reserved
[    0.000000] reserve setup_data: [mem 0x00000000fec10000-0x00000000fec10fff] reserved
[    0.000000] reserve setup_data: [mem 0x00000000fed80000-0x00000000fed80fff] reserved
[    0.000000] reserve setup_data: [mem 0x00000000fee00000-0x00000000fee00fff] reserved
[    0.000000] reserve setup_data: [mem 0x00000000ff000000-0x00000000fff1ffff] reserved
[    0.000000] reserve setup_data: [mem 0x0000000100000000-0x000000020f33ffff] usable
[    0.000000] reserve setup_data: [mem 0x000000020f340000-0x000000022fffffff] reserved
[    0.000000] efi: EFI v2.70 by INSYDE Corp.
[    0.000000] efi: ACPI=0xcdffe000 ACPI 2.0=0xcdffe014 TPMFinalLog=0xcdedc000 SMBIOS=0xcb70d000 SMBIOS 3.0=0xcb70b000 ESRT=0xb64aa598 MEMATTR=0xb50c7018 RNG=0xcb708118 TPMEventLog=0xb50b7018 
[    0.000000] efi: seeding entropy pool
[    0.000000] random: fast init done
[    0.000000] SMBIOS 3.2.0 present.
[    0.000000] DMI: LENOVO 82B5/LNVNB161216, BIOS EUCN28WW 10/20/2020
[    0.000000] tsc: Fast TSC calibration using PIT
[    0.000000] tsc: Detected 2894.526 MHz processor
[    0.000349] e820: update [mem 0x00000000-0x00000fff] usable ==> reserved
[    0.000350] e820: remove [mem 0x000a0000-0x000fffff] usable
[    0.000355] last_pfn = 0x20f340 max_arch_pfn = 0x400000000
[    0.000359] MTRR default type: uncachable
[    0.000360] MTRR fixed ranges enabled:
[    0.000361]   00000-9FFFF write-back
[    0.000361]   A0000-BFFFF uncachable
[    0.000362]   C0000-DFFFF write-through
[    0.000362]   E0000-FFFFF uncachable
[    0.000363] MTRR variable ranges enabled:
[    0.000364]   0 base 000000000000 mask FFFF80000000 write-back
[    0.000364]   1 base 000080000000 mask FFFFC0000000 write-back
[    0.000365]   2 base 0000C0000000 mask FFFFF0000000 write-back
[    0.000366]   3 base 0000FF000000 mask FFFFFF000000 write-protect
[    0.000366]   4 disabled
[    0.000366]   5 disabled
[    0.000366]   6 disabled
[    0.000367]   7 disabled
[    0.000367] TOM2: 0000000230000000 aka 8960M
[    0.000666] x86/PAT: Configuration [0-7]: WB  WC  UC- UC  WB  WP  UC- WT  
[    0.000767] last_pfn = 0xce000 max_arch_pfn = 0x400000000
[    0.004678] esrt: Reserving ESRT space from 0x00000000b64aa598 to 0x00000000b64aa5f8.
[    0.004682] e820: update [mem 0xb64aa000-0xb64aafff] usable ==> reserved
[    0.004700] check: Scanning 1 areas for low memory corruption
[    0.004703] Using GB pages for direct mapping
[    0.005621] Secure boot enabled
[    0.005622] RAMDISK: [mem 0x3e783000-0x3fffafff]
[    0.005632] ACPI: Early table checksum verification disabled
[    0.005635] ACPI: RSDP 0x00000000CDFFE014 000024 (v02 LENOVO)
[    0.005637] ACPI: XSDT 0x00000000CDFC2188 000124 (v01 LENOVO CB-01    00000001      01000013)
[    0.005642] ACPI: FACP 0x00000000CDFEC000 00010C (v05 LENOVO CB-01    00000001      01000013)
[    0.005646] ACPI: DSDT 0x00000000CDFD9000 00F8C1 (v01 LENOVO CB-01    00000001      01000013)
[    0.005648] ACPI: FACS 0x00000000CDED9000 000040
[    0.005650] ACPI: UEFI 0x00000000CDF7E000 000236 (v01 LENOVO CB-01    00000001 ACPI 00040000)
[    0.005651] ACPI: SSDT 0x00000000CDFFC000 000C5D (v01 LENOVO CB-01    00000001 INTL 20130117)
[    0.005653] ACPI: SSDT 0x00000000CDFF4000 007216 (v02 LENOVO CB-01    00000001 MSFT 04000000)
[    0.005655] ACPI: IVRS 0x00000000CDFF3000 0001A4 (v02 LENOVO CB-01    00000001 AMD  00000000)
[    0.005657] ACPI: SSDT 0x00000000CDFF2000 000228 (v01 LENOVO CB-01    00000001 INTL 20130117)
[    0.005659] ACPI: SSDT 0x00000000CDFF1000 00047E (v01 LENOVO CB-01    00000001 INTL 20130117)
[    0.005660] ACPI: TPM2 0x00000000CDFF0000 000034 (v04 LENOVO CB-01    00000001      01000013)
[    0.005662] ACPI: MSDM 0x00000000CDFEF000 000055 (v03 LENOVO CB-01    00000001 ACPI 00040000)
[    0.005664] ACPI: ASF! 0x00000000CDFEE000 0000A5 (v32 LENOVO CB-01    00000001      01000013)
[    0.005666] ACPI: BOOT 0x00000000CDFED000 000028 (v01 LENOVO CB-01    00000001      01000013)
[    0.005668] ACPI: HPET 0x00000000CDFEB000 000038 (v01 LENOVO CB-01    00000001      01000013)
[    0.005669] ACPI: APIC 0x00000000CDFEA000 000138 (v03 LENOVO CB-01    00000001      01000013)
[    0.005671] ACPI: MCFG 0x00000000CDFE9000 00003C (v01 LENOVO CB-01    00000001      01000013)
[    0.005673] ACPI: SSDT 0x00000000CDFD8000 000080 (v01 LENOVO CB-01    00000001      01000013)
[    0.005675] ACPI: SSDT 0x00000000CDFD7000 000D0C (v01 LENOVO CB-01    00000001 INTL 20130117)
[    0.005676] ACPI: VFCT 0x00000000CDFC9000 00D484 (v01 LENOVO CB-01    00000001 AMD  31504F47)
[    0.005678] ACPI: SSDT 0x00000000CDFC5000 0039F4 (v01 LENOVO CB-01    00000001 AMD  00000001)
[    0.005680] ACPI: CRAT 0x00000000CDFC4000 000F28 (v01 LENOVO CB-01    00000001 AMD  00000001)
[    0.005682] ACPI: CDIT 0x00000000CDFC3000 000029 (v01 LENOVO CB-01    00000001 AMD  00000001)
[    0.005684] ACPI: SSDT 0x00000000CDFFD000 00005C (v02 LENOVO CB-01    00000001 INTL 20160527)
[    0.005685] ACPI: SSDT 0x00000000CDFC1000 00005C (v02 LENOVO CB-01    00000001 INTL 20160527)
[    0.005687] ACPI: SSDT 0x00000000CDFC0000 0000F8 (v01 LENOVO CB-01    00000001 INTL 20130117)
[    0.005689] ACPI: SSDT 0x00000000CDFBF000 00028D (v01 LENOVO CB-01    00000001 INTL 20130117)
[    0.005691] ACPI: SSDT 0x00000000CDFBE000 000D37 (v01 LENOVO CB-01    00000001 INTL 20130117)
[    0.005692] ACPI: SSDT 0x00000000CDFBC000 0010A5 (v01 LENOVO CB-01    00000001 INTL 20130117)
[    0.005694] ACPI: SSDT 0x00000000CDFB8000 0030C8 (v01 LENOVO CB-01    00000001 INTL 20130117)
[    0.005696] ACPI: FPDT 0x00000000CDFB7000 000044 (v01 LENOVO CB-01    00000001      01000013)
[    0.005698] ACPI: WSMT 0x00000000CDFB5000 000028 (v01 LENOVO CB-01    00000001 ACPI 00040000)
[    0.005699] ACPI: SSDT 0x00000000CDFB4000 00007D (v01 LENOVO CB-01    00000001 INTL 20130117)
[    0.005701] ACPI: SSDT 0x00000000CDFB3000 000517 (v01 LENOVO CB-01    00000001 INTL 20130117)
[    0.005703] ACPI: BGRT 0x00000000CDFB6000 000038 (v01 LENOVO CB-01    00000001 ACPI 00040000)
[    0.005708] ACPI: Local APIC address 0xfee00000
[    0.005754] No NUMA configuration found
[    0.005754] Faking a node at [mem 0x0000000000000000-0x000000020f33ffff]
[    0.005759] NODE_DATA(0) allocated [mem 0x20f32a000-0x20f33ffff]
[    0.005793] Zone ranges:
[    0.005794]   DMA      [mem 0x0000000000001000-0x0000000000ffffff]
[    0.005795]   DMA32    [mem 0x0000000001000000-0x00000000ffffffff]
[    0.005796]   Normal   [mem 0x0000000100000000-0x000000020f33ffff]
[    0.005797]   Device   empty
[    0.005797] Movable zone start for each node
[    0.005798] Early memory node ranges
[    0.005799]   node   0: [mem 0x0000000000001000-0x000000000009efff]
[    0.005799]   node   0: [mem 0x0000000000100000-0x0000000009afffff]
[    0.005800]   node   0: [mem 0x0000000009e00000-0x0000000009efffff]
[    0.005800]   node   0: [mem 0x0000000009f0d000-0x00000000bab68fff]
[    0.005801]   node   0: [mem 0x00000000bbd69000-0x00000000c9f7efff]
[    0.005801]   node   0: [mem 0x00000000cdfff000-0x00000000cdffffff]
[    0.005801]   node   0: [mem 0x0000000100000000-0x000000020f33ffff]
[    0.005992] Zeroed struct page in unavailable ranges: 33455 pages
[    0.005993] Initmem setup node 0 [mem 0x0000000000001000-0x000000020f33ffff]
[    0.005994] On node 0 totalpages: 1932625
[    0.005995]   DMA zone: 64 pages used for memmap
[    0.005996]   DMA zone: 23 pages reserved
[    0.005997]   DMA zone: 3998 pages, LIFO batch:0
[    0.006022]   DMA32 zone: 12778 pages used for memmap
[    0.006022]   DMA32 zone: 817779 pages, LIFO batch:63
[    0.013859]   Normal zone: 17357 pages used for memmap
[    0.013862]   Normal zone: 1110848 pages, LIFO batch:63
[    0.014666] ACPI: PM-Timer IO Port: 0x408
[    0.014667] ACPI: Local APIC address 0xfee00000
[    0.014674] ACPI: LAPIC_NMI (acpi_id[0x00] high edge lint[0x1])
[    0.014674] ACPI: LAPIC_NMI (acpi_id[0x01] high edge lint[0x1])
[    0.014674] ACPI: LAPIC_NMI (acpi_id[0x02] high edge lint[0x1])
[    0.014675] ACPI: LAPIC_NMI (acpi_id[0x03] high edge lint[0x1])
[    0.014675] ACPI: LAPIC_NMI (acpi_id[0x04] high edge lint[0x1])
[    0.014676] ACPI: LAPIC_NMI (acpi_id[0x05] high edge lint[0x1])
[    0.014676] ACPI: LAPIC_NMI (acpi_id[0x06] high edge lint[0x1])
[    0.014677] ACPI: LAPIC_NMI (acpi_id[0x07] high edge lint[0x1])
[    0.014677] ACPI: LAPIC_NMI (acpi_id[0x08] high edge lint[0x1])
[    0.014677] ACPI: LAPIC_NMI (acpi_id[0x09] high edge lint[0x1])
[    0.014678] ACPI: LAPIC_NMI (acpi_id[0x0a] high edge lint[0x1])
[    0.014678] ACPI: LAPIC_NMI (acpi_id[0x0b] high edge lint[0x1])
[    0.014679] ACPI: LAPIC_NMI (acpi_id[0x0c] high edge lint[0x1])
[    0.014679] ACPI: LAPIC_NMI (acpi_id[0x0d] high edge lint[0x1])
[    0.014679] ACPI: LAPIC_NMI (acpi_id[0x0e] high edge lint[0x1])
[    0.014680] ACPI: LAPIC_NMI (acpi_id[0x0f] high edge lint[0x1])
[    0.014692] IOAPIC[0]: apic_id 33, version 33, address 0xfec00000, GSI 0-23
[    0.014696] IOAPIC[1]: apic_id 34, version 33, address 0xfec01000, GSI 24-55
[    0.014697] ACPI: INT_SRC_OVR (bus 0 bus_irq 0 global_irq 2 dfl dfl)
[    0.014699] ACPI: INT_SRC_OVR (bus 0 bus_irq 9 global_irq 9 low level)
[    0.014700] ACPI: IRQ0 used by override.
[    0.014700] ACPI: IRQ9 used by override.
[    0.014702] Using ACPI (MADT) for SMP configuration information
[    0.014703] ACPI: HPET id: 0x10228210 base: 0xfed00000
[    0.014711] e820: update [mem 0xb43c0000-0xb49aefff] usable ==> reserved
[    0.014720] smpboot: Allowing 16 CPUs, 0 hotplug CPUs
[    0.014739] PM: hibernation: Registered nosave memory: [mem 0x00000000-0x00000fff]
[    0.014740] PM: hibernation: Registered nosave memory: [mem 0x0009f000-0x000bffff]
[    0.014740] PM: hibernation: Registered nosave memory: [mem 0x000c0000-0x000fffff]
[    0.014741] PM: hibernation: Registered nosave memory: [mem 0x09b00000-0x09dfffff]
[    0.014742] PM: hibernation: Registered nosave memory: [mem 0x09f00000-0x09f0cfff]
[    0.014743] PM: hibernation: Registered nosave memory: [mem 0xb43c0000-0xb49aefff]
[    0.014745] PM: hibernation: Registered nosave memory: [mem 0xb507a000-0xb507afff]
[    0.014746] PM: hibernation: Registered nosave memory: [mem 0xb5087000-0xb5087fff]
[    0.014746] PM: hibernation: Registered nosave memory: [mem 0xb5088000-0xb5088fff]
[    0.014747] PM: hibernation: Registered nosave memory: [mem 0xb5096000-0xb5096fff]
[    0.014747] PM: hibernation: Registered nosave memory: [mem 0xb5097000-0xb5097fff]
[    0.014748] PM: hibernation: Registered nosave memory: [mem 0xb50b6000-0xb50b6fff]
[    0.014750] PM: hibernation: Registered nosave memory: [mem 0xb64aa000-0xb64aafff]
[    0.014751] PM: hibernation: Registered nosave memory: [mem 0xbab69000-0xbbd68fff]
[    0.014752] PM: hibernation: Registered nosave memory: [mem 0xc9f7f000-0xccf7efff]
[    0.014752] PM: hibernation: Registered nosave memory: [mem 0xccf7f000-0xcdf7efff]
[    0.014752] PM: hibernation: Registered nosave memory: [mem 0xcdf7f000-0xcdffefff]
[    0.014754] PM: hibernation: Registered nosave memory: [mem 0xce000000-0xceffffff]
[    0.014754] PM: hibernation: Registered nosave memory: [mem 0xcf000000-0xf7ffffff]
[    0.014754] PM: hibernation: Registered nosave memory: [mem 0xf8000000-0xfbffffff]
[    0.014755] PM: hibernation: Registered nosave memory: [mem 0xfc000000-0xfddfffff]
[    0.014755] PM: hibernation: Registered nosave memory: [mem 0xfde00000-0xfdefffff]
[    0.014755] PM: hibernation: Registered nosave memory: [mem 0xfdf00000-0xfebfffff]
[    0.014756] PM: hibernation: Registered nosave memory: [mem 0xfec00000-0xfec00fff]
[    0.014756] PM: hibernation: Registered nosave memory: [mem 0xfec01000-0xfec0ffff]
[    0.014756] PM: hibernation: Registered nosave memory: [mem 0xfec10000-0xfec10fff]
[    0.014757] PM: hibernation: Registered nosave memory: [mem 0xfec11000-0xfed7ffff]
[    0.014757] PM: hibernation: Registered nosave memory: [mem 0xfed80000-0xfed80fff]
[    0.014757] PM: hibernation: Registered nosave memory: [mem 0xfed81000-0xfedfffff]
[    0.014758] PM: hibernation: Registered nosave memory: [mem 0xfee00000-0xfee00fff]
[    0.014758] PM: hibernation: Registered nosave memory: [mem 0xfee01000-0xfeffffff]
[    0.014758] PM: hibernation: Registered nosave memory: [mem 0xff000000-0xfff1ffff]
[    0.014759] PM: hibernation: Registered nosave memory: [mem 0xfff20000-0xffffffff]
[    0.014760] [mem 0xcf000000-0xf7ffffff] available for PCI devices
[    0.014761] Booting paravirtualized kernel on bare hardware
[    0.014764] clocksource: refined-jiffies: mask: 0xffffffff max_cycles: 0xffffffff, max_idle_ns: 7645519600211568 ns
[    0.018123] setup_percpu: NR_CPUS:512 nr_cpumask_bits:512 nr_cpu_ids:16 nr_node_ids:1
[    0.018925] percpu: Embedded 58 pages/cpu s200704 r8192 d28672 u262144
[    0.018932] pcpu-alloc: s200704 r8192 d28672 u262144 alloc=1*2097152
[    0.018933] pcpu-alloc: [0] 00 01 02 03 04 05 06 07 [0] 08 09 10 11 12 13 14 15 
[    0.018955] Built 1 zonelists, mobility grouping on.  Total pages: 1902403
[    0.018956] Policy zone: Normal
[    0.018957] Kernel command line: BOOT_IMAGE=/boot/vmlinuz-5.10.9-1-default root=UUID=ca37cd4c-3972-4adc-8bc0-4ef58521a319 splash=silent resume=/dev/disk/by-uuid/d4a44229-f984-4439-bba3-022698f6b4af quiet mitigations=auto
[    0.018992] printk: log_buf_len individual max cpu contribution: 32768 bytes
[    0.018993] printk: log_buf_len total cpu_extra contributions: 491520 bytes
[    0.018993] printk: log_buf_len min size: 262144 bytes
[    0.019807] printk: log_buf_len: 1048576 bytes
[    0.019807] printk: early log buf free: 244576(93%)
[    0.021033] Dentry cache hash table entries: 1048576 (order: 11, 8388608 bytes, linear)
[    0.021674] Inode-cache hash table entries: 524288 (order: 10, 4194304 bytes, linear)
[    0.021717] mem auto-init: stack:off, heap alloc:off, heap free:off
[    0.042210] Memory: 3148328K/7730500K available (14344K kernel code, 2573K rwdata, 8460K rodata, 2092K init, 13672K bss, 413636K reserved, 0K cma-reserved)
[    0.042220] random: get_random_u64 called from __kmem_cache_create+0x28/0x520 with crng_init=1
[    0.042339] SLUB: HWalign=64, Order=0-3, MinObjects=0, CPUs=16, Nodes=1
[    0.042352] ftrace: allocating 41211 entries in 161 pages
[    0.051920] ftrace: allocated 161 pages with 3 groups
[    0.052027] rcu: Hierarchical RCU implementation.
[    0.052028] rcu: 	RCU event tracing is enabled.
[    0.052028] rcu: 	RCU restricting CPUs from NR_CPUS=512 to nr_cpu_ids=16.
[    0.052029] 	Trampoline variant of Tasks RCU enabled.
[    0.052029] 	Rude variant of Tasks RCU enabled.
[    0.052030] 	Tracing variant of Tasks RCU enabled.
[    0.052030] rcu: RCU calculated value of scheduler-enlistment delay is 25 jiffies.
[    0.052030] rcu: Adjusting geometry for rcu_fanout_leaf=16, nr_cpu_ids=16
[    0.054455] NR_IRQS: 33024, nr_irqs: 1096, preallocated irqs: 16
[    0.054799] random: crng done (trusting CPU's manufacturer)
[    0.054820] Console: colour dummy device 80x25
[    0.054830] printk: console [tty0] enabled
[    0.054850] ACPI: Core revision 20200925
[    0.055040] clocksource: hpet: mask: 0xffffffff max_cycles: 0xffffffff, max_idle_ns: 133484873504 ns
[    0.055057] APIC: Switch to symmetric I/O mode setup
[    0.055759] AMD-Vi: ivrs, add hid:AMDI0020, uid:\_SB.FUR0, rdevid:160
[    0.055760] AMD-Vi: ivrs, add hid:AMDI0020, uid:\_SB.FUR1, rdevid:160
[    0.055760] AMD-Vi: ivrs, add hid:AMDI0020, uid:\_SB.FUR2, rdevid:160
[    0.055761] AMD-Vi: ivrs, add hid:AMDI0020, uid:\_SB.FUR3, rdevid:160
[    0.151620] Switched APIC routing to physical flat.
[    0.152337] ..TIMER: vector=0x30 apic1=0 pin1=2 apic2=-1 pin2=-1
[    0.171064] clocksource: tsc-early: mask: 0xffffffffffffffff max_cycles: 0x29b90ff1eae, max_idle_ns: 440795306820 ns
[    0.171070] Calibrating delay loop (skipped), value calculated using timer frequency.. 5789.05 BogoMIPS (lpj=11578104)
[    0.171072] pid_max: default: 32768 minimum: 301
[    0.175105] LSM: Security Framework initializing
[    0.175126] AppArmor: AppArmor initialized
[    0.175167] Mount-cache hash table entries: 16384 (order: 5, 131072 bytes, linear)
[    0.175179] Mountpoint-cache hash table entries: 16384 (order: 5, 131072 bytes, linear)
[    0.175379] x86/cpu: User Mode Instruction Prevention (UMIP) activated
[    0.175419] LVT offset 1 assigned for vector 0xf9
[    0.175469] LVT offset 2 assigned for vector 0xf4
[    0.175483] Last level iTLB entries: 4KB 1024, 2MB 1024, 4MB 512
[    0.175484] Last level dTLB entries: 4KB 2048, 2MB 2048, 4MB 1024, 1GB 0
[    0.175486] Spectre V1 : Mitigation: usercopy/swapgs barriers and __user pointer sanitization
[    0.175487] Spectre V2 : Mitigation: Full AMD retpoline
[    0.175488] Spectre V2 : Spectre v2 / SpectreRSB mitigation: Filling RSB on context switch
[    0.175489] Spectre V2 : Enabling Restricted Speculation for firmware calls
[    0.175490] Spectre V2 : mitigation: Enabling conditional Indirect Branch Prediction Barrier
[    0.175490] Spectre V2 : User space: Mitigation: STIBP via seccomp and prctl
[    0.175491] Speculative Store Bypass: Mitigation: Speculative Store Bypass disabled via prctl and seccomp
[    0.175685] Freeing SMP alternatives memory: 36K
[    0.286441] smpboot: CPU0: AMD Ryzen 7 4800H with Radeon Graphics (family: 0x17, model: 0x60, stepping: 0x1)
[    0.286610] Performance Events: Fam17h+ core perfctr, AMD PMU driver.
[    0.286615] ... version:                0
[    0.286615] ... bit width:              48
[    0.286616] ... generic registers:      6
[    0.286616] ... value mask:             0000ffffffffffff
[    0.286616] ... max period:             00007fffffffffff
[    0.286617] ... fixed-purpose events:   0
[    0.286617] ... event mask:             000000000000003f
[    0.286672] rcu: Hierarchical SRCU implementation.
[    0.286994] NMI watchdog: Enabled. Permanently consumes one hw-PMU counter.
[    0.287066] smp: Bringing up secondary CPUs ...
[    0.287066] x86: Booting SMP configuration:
[    0.287066] .... node  #0, CPUs:        #1  #2  #3  #4  #5  #6  #7  #8
[    0.301385] TSC synchronization [CPU#0 -> CPU#8]:
[    0.301386] Measured 4669 cycles TSC warp between CPUs, turning off TSC clock.
[    0.301386] tsc: Marking TSC unstable due to check_tsc_sync_source failed
[    0.301389]   #9 #10 #11 #12 #13 #14 #15
[    0.303335] smp: Brought up 1 node, 16 CPUs
[    0.303335] smpboot: Max logical packages: 1
[    0.303335] smpboot: Total of 16 processors activated (92624.83 BogoMIPS)
[    0.315103] node 0 deferred pages initialised in 12ms
[    0.315261] devtmpfs: initialized
[    0.315261] x86/mm: Memory block size: 128MB
[    0.315627] PM: Registering ACPI NVS region [mem 0x09f00000-0x09f0cfff] (53248 bytes)
[    0.315627] PM: Registering ACPI NVS region [mem 0xccf7f000-0xcdf7efff] (16777216 bytes)
[    0.315627] clocksource: jiffies: mask: 0xffffffff max_cycles: 0xffffffff, max_idle_ns: 7645041785100000 ns
[    0.315627] futex hash table entries: 4096 (order: 6, 262144 bytes, linear)
[    0.315627] pinctrl core: initialized pinctrl subsystem
[    0.315705] PM: RTC time: 01:44:00, date: 2021-02-03
[    0.315957] NET: Registered protocol family 16
[    0.316047] DMA: preallocated 1024 KiB GFP_KERNEL pool for atomic allocations
[    0.316053] DMA: preallocated 1024 KiB GFP_KERNEL|GFP_DMA pool for atomic allocations
[    0.316057] DMA: preallocated 1024 KiB GFP_KERNEL|GFP_DMA32 pool for atomic allocations
[    0.316064] audit: initializing netlink subsys (disabled)
[    0.316071] audit: type=2000 audit(1612316640.168:1): state=initialized audit_enabled=0 res=1
[    0.316071] thermal_sys: Registered thermal governor 'fair_share'
[    0.316071] thermal_sys: Registered thermal governor 'bang_bang'
[    0.316071] thermal_sys: Registered thermal governor 'step_wise'
[    0.316071] thermal_sys: Registered thermal governor 'user_space'
[    0.316071] cpuidle: using governor ladder
[    0.316071] cpuidle: using governor menu
[    0.316071] Simple Boot Flag at 0x44 set to 0x1
[    0.316071] ACPI: bus type PCI registered
[    0.316071] acpiphp: ACPI Hot Plug PCI Controller Driver version: 0.5
[    0.316071] PCI: MMCONFIG for domain 0000 [bus 00-3f] at [mem 0xf8000000-0xfbffffff] (base 0xf8000000)
[    0.316071] PCI: MMCONFIG at [mem 0xf8000000-0xfbffffff] reserved in E820
[    0.316071] PCI: Using configuration type 1 for base access
[    0.319150] HugeTLB registered 1.00 GiB page size, pre-allocated 0 pages
[    0.319150] HugeTLB registered 2.00 MiB page size, pre-allocated 0 pages
[    0.323108] ACPI: Added _OSI(Module Device)
[    0.323110] ACPI: Added _OSI(Processor Device)
[    0.323110] ACPI: Added _OSI(3.0 _SCP Extensions)
[    0.323111] ACPI: Added _OSI(Processor Aggregator Device)
[    0.323112] ACPI: Added _OSI(Linux-Dell-Video)
[    0.323112] ACPI: Added _OSI(Linux-Lenovo-NV-HDMI-Audio)
[    0.323113] ACPI: Added _OSI(Linux-HPI-Hybrid-Graphics)
[    0.332598] ACPI: 16 ACPI AML tables successfully acquired and loaded
[    0.333797] ACPI: [Firmware Bug]: BIOS _OSI(Linux) query ignored
[    0.335492] ACPI: EC: EC started
[    0.335493] ACPI: EC: interrupt blocked
[    0.355199] ACPI: EC: EC_CMD/EC_SC=0x66, EC_DATA=0x62
[    0.355203] ACPI: \_SB_.PCI0.LPC0.EC0_: Boot DSDT EC used to handle transactions
[    0.355204] ACPI: Interpreter enabled
[    0.355239] ACPI: (supports S0 S3 S4 S5)
[    0.355241] ACPI: Using IOAPIC for interrupt routing
[    0.355599] PCI: Using host bridge windows from ACPI; if necessary, use "pci=nocrs" and report a bug
[    0.356659] ACPI: Enabled 4 GPEs in block 00 to 1F
[    0.358561] ACPI: Power Resource [PG00] (on)
[    0.382179] ACPI: Power Resource [P0S0] (on)
[    0.382232] ACPI: Power Resource [P3S0] (on)
[    0.382463] ACPI: Power Resource [P0S1] (on)
[    0.382516] ACPI: Power Resource [P3S1] (on)
[    0.389368] ACPI: PCI Root Bridge [PCI0] (domain 0000 [bus 00-ff])
[    0.389371] acpi PNP0A08:00: _OSC: OS supports [ExtendedConfig ASPM ClockPM Segments MSI EDR HPX-Type3]
[    0.389489] acpi PNP0A08:00: _OSC: platform does not support [SHPCHotplug LTR DPC]
[    0.389599] acpi PNP0A08:00: _OSC: OS now controls [PCIeHotplug PME AER PCIeCapability]
[    0.389608] acpi PNP0A08:00: [Firmware Info]: MMCONFIG for domain 0000 [bus 00-3f] only partially covers this bridge
[    0.389791] PCI host bridge to bus 0000:00
[    0.389793] pci_bus 0000:00: root bus resource [io  0x0000-0x0cf7 window]
[    0.389793] pci_bus 0000:00: root bus resource [io  0x0d00-0xffff window]
[    0.389794] pci_bus 0000:00: root bus resource [mem 0x000a0000-0x000bffff window]
[    0.389794] pci_bus 0000:00: root bus resource [mem 0x000c0000-0x000c3fff window]
[    0.389795] pci_bus 0000:00: root bus resource [mem 0x000c4000-0x000c7fff window]
[    0.389795] pci_bus 0000:00: root bus resource [mem 0x000c8000-0x000cbfff window]
[    0.389796] pci_bus 0000:00: root bus resource [mem 0x000cc000-0x000cffff window]
[    0.389797] pci_bus 0000:00: root bus resource [mem 0x000d0000-0x000d3fff window]
[    0.389797] pci_bus 0000:00: root bus resource [mem 0x000d4000-0x000d7fff window]
[    0.389798] pci_bus 0000:00: root bus resource [mem 0x000d8000-0x000dbfff window]
[    0.389798] pci_bus 0000:00: root bus resource [mem 0x000dc000-0x000dffff window]
[    0.389799] pci_bus 0000:00: root bus resource [mem 0x000e0000-0x000e3fff window]
[    0.389799] pci_bus 0000:00: root bus resource [mem 0x000e4000-0x000e7fff window]
[    0.389800] pci_bus 0000:00: root bus resource [mem 0x000e8000-0x000ebfff window]
[    0.389800] pci_bus 0000:00: root bus resource [mem 0x000ec000-0x000effff window]
[    0.389801] pci_bus 0000:00: root bus resource [mem 0xd0000000-0xf7ffffff window]
[    0.389801] pci_bus 0000:00: root bus resource [mem 0xfc000000-0xfed3ffff window]
[    0.389802] pci_bus 0000:00: root bus resource [mem 0x250200000-0xfcffffffff window]
[    0.389802] pci_bus 0000:00: root bus resource [bus 00-ff]
[    0.389811] pci 0000:00:00.0: [1022:1630] type 00 class 0x060000
[    0.389873] pci 0000:00:00.2: [1022:1631] type 00 class 0x080600
[    0.389940] pci 0000:00:01.0: [1022:1632] type 00 class 0x060000
[    0.389990] pci 0000:00:01.1: [1022:1633] type 01 class 0x060400
[    0.390043] pci 0000:00:01.1: PME# supported from D0 D3hot D3cold
[    0.390122] pci 0000:00:01.2: [1022:1634] type 01 class 0x060400
[    0.390174] pci 0000:00:01.2: PME# supported from D0 D3hot D3cold
[    0.390257] pci 0000:00:02.0: [1022:1632] type 00 class 0x060000
[    0.390308] pci 0000:00:02.1: [1022:1634] type 01 class 0x060400
[    0.390360] pci 0000:00:02.1: PME# supported from D0 D3hot D3cold
[    0.390432] pci 0000:00:02.2: [1022:1634] type 01 class 0x060400
[    0.390484] pci 0000:00:02.2: PME# supported from D0 D3hot D3cold
[    0.390567] pci 0000:00:08.0: [1022:1632] type 00 class 0x060000
[    0.390618] pci 0000:00:08.1: [1022:1635] type 01 class 0x060400
[    0.390636] pci 0000:00:08.1: enabling Extended Tags
[    0.390662] pci 0000:00:08.1: PME# supported from D0 D3hot D3cold
[    0.390722] pci 0000:00:08.2: [1022:1635] type 01 class 0x060400
[    0.390740] pci 0000:00:08.2: enabling Extended Tags
[    0.390766] pci 0000:00:08.2: PME# supported from D0 D3hot D3cold
[    0.390849] pci 0000:00:14.0: [1022:790b] type 00 class 0x0c0500
[    0.390955] pci 0000:00:14.3: [1022:790e] type 00 class 0x060100
[    0.391062] pci 0000:00:18.0: [1022:1448] type 00 class 0x060000
[    0.391093] pci 0000:00:18.1: [1022:1449] type 00 class 0x060000
[    0.391122] pci 0000:00:18.2: [1022:144a] type 00 class 0x060000
[    0.391150] pci 0000:00:18.3: [1022:144b] type 00 class 0x060000
[    0.391180] pci 0000:00:18.4: [1022:144c] type 00 class 0x060000
[    0.391207] pci 0000:00:18.5: [1022:144d] type 00 class 0x060000
[    0.391235] pci 0000:00:18.6: [1022:144e] type 00 class 0x060000
[    0.391264] pci 0000:00:18.7: [1022:144f] type 00 class 0x060000
[    0.391352] pci 0000:01:00.0: [10de:1f95] type 00 class 0x030000
[    0.391362] pci 0000:01:00.0: reg 0x10: [mem 0xd0000000-0xd0ffffff]
[    0.391370] pci 0000:01:00.0: reg 0x14: [mem 0xfcc0000000-0xfccfffffff 64bit pref]
[    0.391377] pci 0000:01:00.0: reg 0x1c: [mem 0xfcd0000000-0xfcd1ffffff 64bit pref]
[    0.391382] pci 0000:01:00.0: reg 0x24: [io  0x3000-0x307f]
[    0.391387] pci 0000:01:00.0: reg 0x30: [mem 0xfff80000-0xffffffff pref]
[    0.391438] pci 0000:01:00.0: PME# supported from D0 D3hot D3cold
[    0.391505] pci 0000:01:00.0: 63.008 Gb/s available PCIe bandwidth, limited by 8.0 GT/s PCIe x8 link at 0000:00:01.1 (capable of 126.016 Gb/s with 8.0 GT/s PCIe x16 link)
[    0.391618] pci 0000:01:00.1: [10de:10fa] type 00 class 0x040300
[    0.391628] pci 0000:01:00.1: reg 0x10: [mem 0xd1000000-0xd1003fff]
[    0.391731] pci 0000:00:01.1: PCI bridge to [bus 01]
[    0.391733] pci 0000:00:01.1:   bridge window [io  0x3000-0x3fff]
[    0.391735] pci 0000:00:01.1:   bridge window [mem 0xd0000000-0xd10fffff]
[    0.391737] pci 0000:00:01.1:   bridge window [mem 0xfcc0000000-0xfcd1ffffff 64bit pref]
[    0.391786] pci 0000:02:00.0: [1344:5405] type 00 class 0x010802
[    0.391798] pci 0000:02:00.0: reg 0x10: [mem 0xd1800000-0xd1803fff 64bit]
[    0.391938] pci 0000:00:01.2: PCI bridge to [bus 02]
[    0.391941] pci 0000:00:01.2:   bridge window [mem 0xd1800000-0xd18fffff]
[    0.391991] pci 0000:03:00.0: [10ec:8168] type 00 class 0x020000
[    0.392006] pci 0000:03:00.0: reg 0x10: [io  0x2000-0x20ff]
[    0.392028] pci 0000:03:00.0: reg 0x18: [mem 0xd1704000-0xd1704fff 64bit]
[    0.392040] pci 0000:03:00.0: reg 0x20: [mem 0xd1700000-0xd1703fff 64bit]
[    0.392126] pci 0000:03:00.0: supports D1 D2
[    0.392126] pci 0000:03:00.0: PME# supported from D0 D1 D2 D3hot D3cold
[    0.392244] pci 0000:00:02.1: PCI bridge to [bus 03]
[    0.392246] pci 0000:00:02.1:   bridge window [io  0x2000-0x2fff]
[    0.392248] pci 0000:00:02.1:   bridge window [mem 0xd1700000-0xd17fffff]
[    0.392508] pci 0000:04:00.0: [8086:2723] type 00 class 0x028000
[    0.392556] pci 0000:04:00.0: reg 0x10: [mem 0xd1600000-0xd1603fff 64bit]
[    0.392692] pci 0000:04:00.0: PME# supported from D0 D3hot D3cold
[    0.393075] pci 0000:00:02.2: PCI bridge to [bus 04]
[    0.393079] pci 0000:00:02.2:   bridge window [mem 0xd1600000-0xd16fffff]
[    0.393136] pci 0000:05:00.0: [1002:1636] type 00 class 0x030000
[    0.393146] pci 0000:05:00.0: reg 0x10: [mem 0xfce0000000-0xfcefffffff 64bit pref]
[    0.393152] pci 0000:05:00.0: reg 0x18: [mem 0xfcf0000000-0xfcf01fffff 64bit pref]
[    0.393156] pci 0000:05:00.0: reg 0x20: [io  0x1000-0x10ff]
[    0.393161] pci 0000:05:00.0: reg 0x24: [mem 0xd1500000-0xd157ffff]
[    0.393168] pci 0000:05:00.0: enabling Extended Tags
[    0.393177] pci 0000:05:00.0: BAR 0: assigned to efifb
[    0.393212] pci 0000:05:00.0: PME# supported from D1 D2 D3hot D3cold
[    0.393288] pci 0000:05:00.2: [1022:15df] type 00 class 0x108000
[    0.393299] pci 0000:05:00.2: reg 0x18: [mem 0xd1400000-0xd14fffff]
[    0.393307] pci 0000:05:00.2: reg 0x24: [mem 0xd15c8000-0xd15c9fff]
[    0.393313] pci 0000:05:00.2: enabling Extended Tags
[    0.393382] pci 0000:05:00.3: [1022:1639] type 00 class 0x0c0330
[    0.393391] pci 0000:05:00.3: reg 0x10: [mem 0xd1300000-0xd13fffff 64bit]
[    0.393412] pci 0000:05:00.3: enabling Extended Tags
[    0.393440] pci 0000:05:00.3: PME# supported from D0 D3hot D3cold
[    0.393490] pci 0000:05:00.4: [1022:1639] type 00 class 0x0c0330
[    0.393499] pci 0000:05:00.4: reg 0x10: [mem 0xd1200000-0xd12fffff 64bit]
[    0.393520] pci 0000:05:00.4: enabling Extended Tags
[    0.393547] pci 0000:05:00.4: PME# supported from D0 D3hot D3cold
[    0.393595] pci 0000:05:00.5: [1022:15e2] type 00 class 0x048000
[    0.393601] pci 0000:05:00.5: reg 0x10: [mem 0xd1580000-0xd15bffff]
[    0.393619] pci 0000:05:00.5: enabling Extended Tags
[    0.393644] pci 0000:05:00.5: PME# supported from D0 D3hot D3cold
[    0.393699] pci 0000:05:00.6: [1022:15e3] type 00 class 0x040300
[    0.393705] pci 0000:05:00.6: reg 0x10: [mem 0xd15c0000-0xd15c7fff]
[    0.393723] pci 0000:05:00.6: enabling Extended Tags
[    0.393748] pci 0000:05:00.6: PME# supported from D0 D3hot D3cold
[    0.393814] pci 0000:00:08.1: PCI bridge to [bus 05]
[    0.393816] pci 0000:00:08.1:   bridge window [io  0x1000-0x1fff]
[    0.393817] pci 0000:00:08.1:   bridge window [mem 0xd1200000-0xd15fffff]
[    0.393819] pci 0000:00:08.1:   bridge window [mem 0xfce0000000-0xfcf01fffff 64bit pref]
[    0.393855] pci 0000:06:00.0: [1022:7901] type 00 class 0x010601
[    0.393879] pci 0000:06:00.0: reg 0x24: [mem 0xd1101000-0xd11017ff]
[    0.393886] pci 0000:06:00.0: enabling Extended Tags
[    0.393972] pci 0000:06:00.1: [1022:7901] type 00 class 0x010601
[    0.393997] pci 0000:06:00.1: reg 0x24: [mem 0xd1100000-0xd11007ff]
[    0.394004] pci 0000:06:00.1: enabling Extended Tags
[    0.394073] pci 0000:00:08.2: PCI bridge to [bus 06]
[    0.394076] pci 0000:00:08.2:   bridge window [mem 0xd1100000-0xd11fffff]
[    0.394566] ACPI: PCI Interrupt Link [LNKA] (IRQs 3 5 6 10 11) *0, disabled.
[    0.394623] ACPI: PCI Interrupt Link [LNKB] (IRQs 3 5 6 10 11) *0, disabled.
[    0.394666] ACPI: PCI Interrupt Link [LNKC] (IRQs 3 5 6 10 11) *0, disabled.
[    0.394721] ACPI: PCI Interrupt Link [LNKD] (IRQs 3 5 6 10 11) *0, disabled.
[    0.394772] ACPI: PCI Interrupt Link [LNKE] (IRQs 3 5 6 10 11) *0, disabled.
[    0.394812] ACPI: PCI Interrupt Link [LNKF] (IRQs 3 5 6 10 11) *0, disabled.
[    0.394851] ACPI: PCI Interrupt Link [LNKG] (IRQs 3 5 6 10 11) *0, disabled.
[    0.394891] ACPI: PCI Interrupt Link [LNKH] (IRQs 3 5 6 10 11) *0, disabled.
[    0.395427] ACPI: EC: interrupt unblocked
[    0.395427] ACPI: EC: event unblocked
[    0.395432] ACPI: EC: EC_CMD/EC_SC=0x66, EC_DATA=0x62
[    0.395433] ACPI: EC: GPE=0x3
[    0.395433] ACPI: \_SB_.PCI0.LPC0.EC0_: Boot DSDT EC initialization complete
[    0.395434] ACPI: \_SB_.PCI0.LPC0.EC0_: EC: Used to handle transactions and events
[    0.395473] iommu: Default domain type: Passthrough 
[    0.395473] pci 0000:01:00.0: vgaarb: VGA device added: decodes=io+mem,owns=none,locks=none
[    0.395473] pci 0000:05:00.0: vgaarb: VGA device added: decodes=io+mem,owns=none,locks=none
[    0.395473] pci 0000:01:00.0: vgaarb: bridge control possible
[    0.395473] pci 0000:05:00.0: vgaarb: bridge control possible
[    0.395473] pci 0000:05:00.0: vgaarb: setting as boot device
[    0.395473] vgaarb: loaded
[    0.395473] SCSI subsystem initialized
[    0.395473] libata version 3.00 loaded.
[    0.397602] pps_core: LinuxPPS API ver. 1 registered
[    0.397603] pps_core: Software ver. 5.3.6 - Copyright 2005-2007 Rodolfo Giometti <giometti@linux.it>
[    0.397604] PTP clock support registered
[    0.397610] EDAC MC: Ver: 3.0.0
[    0.399095] Registered efivars operations
[    0.399163] NetLabel: Initializing
[    0.399164] NetLabel:  domain hash size = 128
[    0.399164] NetLabel:  protocols = UNLABELED CIPSOv4 CALIPSO
[    0.399172] NetLabel:  unlabeled traffic allowed by default
[    0.399174] PCI: Using ACPI for IRQ routing
[    0.400810] PCI: pci_cache_line_size set to 64 bytes
[    0.401296] e820: reserve RAM buffer [mem 0x0009f000-0x0009ffff]
[    0.401296] e820: reserve RAM buffer [mem 0x09b00000-0x0bffffff]
[    0.401297] e820: reserve RAM buffer [mem 0x09f00000-0x0bffffff]
[    0.401298] e820: reserve RAM buffer [mem 0xb43c0000-0xb7ffffff]
[    0.401298] e820: reserve RAM buffer [mem 0xb507a018-0xb7ffffff]
[    0.401299] e820: reserve RAM buffer [mem 0xb5088018-0xb7ffffff]
[    0.401300] e820: reserve RAM buffer [mem 0xb5097018-0xb7ffffff]
[    0.401300] e820: reserve RAM buffer [mem 0xb64aa000-0xb7ffffff]
[    0.401301] e820: reserve RAM buffer [mem 0xbab69000-0xbbffffff]
[    0.401301] e820: reserve RAM buffer [mem 0xc9f7f000-0xcbffffff]
[    0.401301] e820: reserve RAM buffer [mem 0xce000000-0xcfffffff]
[    0.401302] e820: reserve RAM buffer [mem 0x20f340000-0x20fffffff]
[    0.403098] hpet0: at MMIO 0xfed00000, IRQs 2, 8, 0
[    0.403100] hpet0: 3 comparators, 32-bit 14.318180 MHz counter
[    0.403123] clocksource: Switched to clocksource hpet
[    0.411504] VFS: Disk quotas dquot_6.6.0
[    0.411518] VFS: Dquot-cache hash table entries: 512 (order 0, 4096 bytes)
[    0.411611] AppArmor: AppArmor Filesystem Enabled
[    0.411626] pnp: PnP ACPI init
[    0.411811] system 00:00: [mem 0xfec00000-0xfec01fff] could not be reserved
[    0.411813] system 00:00: [mem 0xfee00000-0xfee00fff] has been reserved
[    0.411814] system 00:00: [mem 0xfde00000-0xfdefffff] has been reserved
[    0.411818] system 00:00: Plug and Play ACPI device, IDs PNP0c02 (active)
[    0.411917] pnp 00:01: Plug and Play ACPI device, IDs PNP0b00 (active)
[    0.411935] pnp 00:02: Plug and Play ACPI device, IDs FUJ7401 PNP0303 (active)
[    0.411956] system 00:03: [io  0x0400-0x04cf] has been reserved
[    0.411956] system 00:03: [io  0x04d0-0x04d1] has been reserved
[    0.411957] system 00:03: [io  0x04d6] has been reserved
[    0.411958] system 00:03: [io  0x0c00-0x0c01] has been reserved
[    0.411958] system 00:03: [io  0x0c14] has been reserved
[    0.411959] system 00:03: [io  0x0c50-0x0c52] has been reserved
[    0.411960] system 00:03: [io  0x0c6c] has been reserved
[    0.411960] system 00:03: [io  0x0c6f] has been reserved
[    0.411961] system 00:03: [io  0x0cd0-0x0cdb] has been reserved
[    0.411962] system 00:03: Plug and Play ACPI device, IDs PNP0c02 (active)
[    0.412001] system 00:04: [mem 0x000e0000-0x000fffff] could not be reserved
[    0.412002] system 00:04: [mem 0xff000000-0xffffffff] could not be reserved
[    0.412004] system 00:04: Plug and Play ACPI device, IDs PNP0c01 (active)
[    0.412590] pnp: PnP ACPI: found 5 devices
[    0.420288] clocksource: acpi_pm: mask: 0xffffff max_cycles: 0xffffff, max_idle_ns: 2085701024 ns
[    0.420398] NET: Registered protocol family 2
[    0.420653] tcp_listen_portaddr_hash hash table entries: 4096 (order: 4, 65536 bytes, linear)
[    0.420671] TCP established hash table entries: 65536 (order: 7, 524288 bytes, linear)
[    0.420832] TCP bind hash table entries: 65536 (order: 8, 1048576 bytes, linear)
[    0.421029] TCP: Hash tables configured (established 65536 bind 65536)
[    0.421130] MPTCP token hash table entries: 8192 (order: 5, 196608 bytes, linear)
[    0.421164] UDP hash table entries: 4096 (order: 5, 131072 bytes, linear)
[    0.421192] UDP-Lite hash table entries: 4096 (order: 5, 131072 bytes, linear)
[    0.421288] NET: Registered protocol family 1
[    0.421295] NET: Registered protocol family 44
[    0.421304] pci 0000:01:00.0: can't claim BAR 6 [mem 0xfff80000-0xffffffff pref]: no compatible bridge window
[    0.421322] pci 0000:01:00.0: BAR 6: assigned [mem 0xd1080000-0xd10fffff pref]
[    0.421325] pci 0000:00:01.1: PCI bridge to [bus 01]
[    0.421329] pci 0000:00:01.1:   bridge window [io  0x3000-0x3fff]
[    0.421333] pci 0000:00:01.1:   bridge window [mem 0xd0000000-0xd10fffff]
[    0.421337] pci 0000:00:01.1:   bridge window [mem 0xfcc0000000-0xfcd1ffffff 64bit pref]
[    0.421342] pci 0000:00:01.2: PCI bridge to [bus 02]
[    0.421346] pci 0000:00:01.2:   bridge window [mem 0xd1800000-0xd18fffff]
[    0.421352] pci 0000:00:02.1: PCI bridge to [bus 03]
[    0.421354] pci 0000:00:02.1:   bridge window [io  0x2000-0x2fff]
[    0.421358] pci 0000:00:02.1:   bridge window [mem 0xd1700000-0xd17fffff]
[    0.421364] pci 0000:00:02.2: PCI bridge to [bus 04]
[    0.421367] pci 0000:00:02.2:   bridge window [mem 0xd1600000-0xd16fffff]
[    0.421375] pci 0000:00:08.1: PCI bridge to [bus 05]
[    0.421377] pci 0000:00:08.1:   bridge window [io  0x1000-0x1fff]
[    0.421381] pci 0000:00:08.1:   bridge window [mem 0xd1200000-0xd15fffff]
[    0.421384] pci 0000:00:08.1:   bridge window [mem 0xfce0000000-0xfcf01fffff 64bit pref]
[    0.421388] pci 0000:00:08.2: PCI bridge to [bus 06]
[    0.421392] pci 0000:00:08.2:   bridge window [mem 0xd1100000-0xd11fffff]
[    0.421399] pci_bus 0000:00: resource 4 [io  0x0000-0x0cf7 window]
[    0.421400] pci_bus 0000:00: resource 5 [io  0x0d00-0xffff window]
[    0.421402] pci_bus 0000:00: resource 6 [mem 0x000a0000-0x000bffff window]
[    0.421403] pci_bus 0000:00: resource 7 [mem 0x000c0000-0x000c3fff window]
[    0.421404] pci_bus 0000:00: resource 8 [mem 0x000c4000-0x000c7fff window]
[    0.421405] pci_bus 0000:00: resource 9 [mem 0x000c8000-0x000cbfff window]
[    0.421406] pci_bus 0000:00: resource 10 [mem 0x000cc000-0x000cffff window]
[    0.421407] pci_bus 0000:00: resource 11 [mem 0x000d0000-0x000d3fff window]
[    0.421409] pci_bus 0000:00: resource 12 [mem 0x000d4000-0x000d7fff window]
[    0.421409] pci_bus 0000:00: resource 13 [mem 0x000d8000-0x000dbfff window]
[    0.421410] pci_bus 0000:00: resource 14 [mem 0x000dc000-0x000dffff window]
[    0.421411] pci_bus 0000:00: resource 15 [mem 0x000e0000-0x000e3fff window]
[    0.421412] pci_bus 0000:00: resource 16 [mem 0x000e4000-0x000e7fff window]
[    0.421412] pci_bus 0000:00: resource 17 [mem 0x000e8000-0x000ebfff window]
[    0.421413] pci_bus 0000:00: resource 18 [mem 0x000ec000-0x000effff window]
[    0.421414] pci_bus 0000:00: resource 19 [mem 0xd0000000-0xf7ffffff window]
[    0.421414] pci_bus 0000:00: resource 20 [mem 0xfc000000-0xfed3ffff window]
[    0.421415] pci_bus 0000:00: resource 21 [mem 0x250200000-0xfcffffffff window]
[    0.421416] pci_bus 0000:01: resource 0 [io  0x3000-0x3fff]
[    0.421416] pci_bus 0000:01: resource 1 [mem 0xd0000000-0xd10fffff]
[    0.421417] pci_bus 0000:01: resource 2 [mem 0xfcc0000000-0xfcd1ffffff 64bit pref]
[    0.421418] pci_bus 0000:02: resource 1 [mem 0xd1800000-0xd18fffff]
[    0.421418] pci_bus 0000:03: resource 0 [io  0x2000-0x2fff]
[    0.421419] pci_bus 0000:03: resource 1 [mem 0xd1700000-0xd17fffff]
[    0.421419] pci_bus 0000:04: resource 1 [mem 0xd1600000-0xd16fffff]
[    0.421420] pci_bus 0000:05: resource 0 [io  0x1000-0x1fff]
[    0.421421] pci_bus 0000:05: resource 1 [mem 0xd1200000-0xd15fffff]
[    0.421421] pci_bus 0000:05: resource 2 [mem 0xfce0000000-0xfcf01fffff 64bit pref]
[    0.421422] pci_bus 0000:06: resource 1 [mem 0xd1100000-0xd11fffff]
[    0.421529] pci 0000:01:00.1: D0 power state depends on 0000:01:00.0
[    0.452361] pci 0000:05:00.3: quirk_usb_early_handoff+0x0/0x700 took 29875 usecs
[    0.501252] pci 0000:05:00.4: quirk_usb_early_handoff+0x0/0x700 took 47741 usecs
[    0.501260] PCI: CLS 64 bytes, default 64
[    0.501285] Trying to unpack rootfs image as initramfs...
[    1.315509] Freeing initrd memory: 25056K
[    1.315563] pci 0000:00:00.2: AMD-Vi: Unable to read/write to IOMMU perf counter.
[    1.315677] pci 0000:00:00.2: can't derive routing for PCI INT A
[    1.315678] pci 0000:00:00.2: PCI INT A: not connected
[    1.315708] pci 0000:00:01.0: Adding to iommu group 0
[    1.315715] pci 0000:00:01.1: Adding to iommu group 1
[    1.315722] pci 0000:00:01.2: Adding to iommu group 2
[    1.315732] pci 0000:00:02.0: Adding to iommu group 3
[    1.315738] pci 0000:00:02.1: Adding to iommu group 4
[    1.315744] pci 0000:00:02.2: Adding to iommu group 5
[    1.315755] pci 0000:00:08.0: Adding to iommu group 6
[    1.315768] pci 0000:00:08.1: Adding to iommu group 6
[    1.315774] pci 0000:00:08.2: Adding to iommu group 6
[    1.315783] pci 0000:00:14.0: Adding to iommu group 7
[    1.315789] pci 0000:00:14.3: Adding to iommu group 7
[    1.315809] pci 0000:00:18.0: Adding to iommu group 8
[    1.315814] pci 0000:00:18.1: Adding to iommu group 8
[    1.315822] pci 0000:00:18.2: Adding to iommu group 8
[    1.315828] pci 0000:00:18.3: Adding to iommu group 8
[    1.315834] pci 0000:00:18.4: Adding to iommu group 8
[    1.315840] pci 0000:00:18.5: Adding to iommu group 8
[    1.315845] pci 0000:00:18.6: Adding to iommu group 8
[    1.315850] pci 0000:00:18.7: Adding to iommu group 8
[    1.315861] pci 0000:01:00.0: Adding to iommu group 9
[    1.315868] pci 0000:01:00.1: Adding to iommu group 9
[    1.315875] pci 0000:02:00.0: Adding to iommu group 10
[    1.315883] pci 0000:03:00.0: Adding to iommu group 11
[    1.315889] pci 0000:04:00.0: Adding to iommu group 12
[    1.315901] pci 0000:05:00.0: Adding to iommu group 6
[    1.315904] pci 0000:05:00.2: Adding to iommu group 6
[    1.315908] pci 0000:05:00.3: Adding to iommu group 6
[    1.315910] pci 0000:05:00.4: Adding to iommu group 6
[    1.315913] pci 0000:05:00.5: Adding to iommu group 6
[    1.315916] pci 0000:05:00.6: Adding to iommu group 6
[    1.315920] pci 0000:06:00.0: Adding to iommu group 6
[    1.315923] pci 0000:06:00.1: Adding to iommu group 6
[    1.316345] pci 0000:00:00.2: AMD-Vi: Found IOMMU cap 0x40
[    1.316345] pci 0000:00:00.2: AMD-Vi: Extended features (0x206d73ef22254ade):
[    1.316346]  PPR X2APIC NX GT IA GA PC GA_vAPIC
[    1.316349] AMD-Vi: Interrupt remapping enabled
[    1.316349] AMD-Vi: Virtual APIC enabled
[    1.316349] AMD-Vi: X2APIC enabled
[    1.316543] AMD-Vi: Lazy IO/TLB flushing enabled
[    1.316544] PCI-DMA: Using software bounce buffering for IO (SWIOTLB)
[    1.316545] software IO TLB: mapped [mem 0x00000000c4fee000-0x00000000c8fee000] (64MB)
[    1.317125] RAPL PMU: API unit is 2^-32 Joules, 1 fixed counters, 163840 ms ovfl timer
[    1.317126] RAPL PMU: hw unit of domain package 2^-16 Joules
[    1.317129] amd_uncore: 4  amd_df counters detected
[    1.317131] amd_uncore: 6  amd_l3 counters detected
[    1.318040] LVT offset 0 assigned for vector 0x400
[    1.318451] perf: AMD IBS detected (0x000003ff)
[    1.318479] check: Scanning for low memory corruption every 60 seconds
[    1.318826] Initialise system trusted keyrings
[    1.318837] Key type blacklist registered
[    1.318929] workingset: timestamp_bits=37 max_order=21 bucket_order=0
[    1.319621] zbud: loaded
[    1.319988] integrity: Platform Keyring initialized
[    1.322359] Key type asymmetric registered
[    1.322360] Asymmetric key parser 'x509' registered
[    1.322366] Block layer SCSI generic (bsg) driver version 0.4 loaded (major 247)
[    1.322474] io scheduler mq-deadline registered
[    1.322475] io scheduler kyber registered
[    1.322495] io scheduler bfq registered
[    1.323825] pcieport 0000:00:01.1: PME: Signaling with IRQ 26
[    1.323919] pcieport 0000:00:01.2: PME: Signaling with IRQ 27
[    1.324005] pcieport 0000:00:02.1: PME: Signaling with IRQ 28
[    1.324081] pcieport 0000:00:02.2: PME: Signaling with IRQ 29
[    1.324156] pcieport 0000:00:08.1: PME: Signaling with IRQ 30
[    1.324294] pcieport 0000:00:08.2: PME: Signaling with IRQ 31
[    1.324361] shpchp: Standard Hot Plug PCI Controller Driver version: 0.4
[    1.324375] efifb: probing for efifb
[    1.324419] efifb: framebuffer at 0xfce0000000, using 8100k, total 8100k
[    1.324420] efifb: mode is 1920x1080x32, linelength=7680, pages=1
[    1.324420] efifb: scrolling: redraw
[    1.324421] efifb: Truecolor: size=8:8:8:8, shift=24:16:8:0
[    1.324511] Console: switching to colour frame buffer device 240x67
[    1.327127] fb0: EFI VGA frame buffer device
[    1.327189] Monitor-Mwait will be used to enter C-1 state
[    1.327207] ACPI: \_SB_.PLTF.C000: Found 3 idle states
[    1.327421] ACPI: \_SB_.PLTF.C001: Found 3 idle states
[    1.327528] ACPI: \_SB_.PLTF.C002: Found 3 idle states
[    1.327695] ACPI: \_SB_.PLTF.C003: Found 3 idle states
[    1.327801] ACPI: \_SB_.PLTF.C004: Found 3 idle states
[    1.328011] ACPI: \_SB_.PLTF.C005: Found 3 idle states
[    1.328136] ACPI: \_SB_.PLTF.C006: Found 3 idle states
[    1.328309] ACPI: \_SB_.PLTF.C007: Found 3 idle states
[    1.328423] ACPI: \_SB_.PLTF.C008: Found 3 idle states
[    1.328789] ACPI: \_SB_.PLTF.C009: Found 3 idle states
[    1.329003] ACPI: \_SB_.PLTF.C00A: Found 3 idle states
[    1.329410] ACPI: \_SB_.PLTF.C00B: Found 3 idle states
[    1.329709] ACPI: \_SB_.PLTF.C00C: Found 3 idle states
[    1.330008] ACPI: \_SB_.PLTF.C00D: Found 3 idle states
[    1.330431] ACPI: \_SB_.PLTF.C00E: Found 3 idle states
[    1.330758] ACPI: \_SB_.PLTF.C00F: Found 3 idle states
[    1.331136] Serial: 8250/16550 driver, 32 ports, IRQ sharing enabled
[    1.332607] Non-volatile memory driver v1.3
[    1.332627] Linux agpgart interface v0.103
[    1.342214] ahci 0000:06:00.0: version 3.0
[    1.342361] ahci 0000:06:00.0: AHCI 0001.0301 32 slots 1 ports 6 Gbps 0x1 impl SATA mode
[    1.342362] ahci 0000:06:00.0: flags: 64bit ncq sntf ilck pm led clo only pmp fbs pio slum part 
[    1.342631] scsi host0: ahci
[    1.342685] ata1: SATA max UDMA/133 abar m2048@0xd1101000 port 0xd1101100 irq 33
[    1.342820] ahci 0000:06:00.1: AHCI 0001.0301 32 slots 1 ports 6 Gbps 0x1 impl SATA mode
[    1.342821] ahci 0000:06:00.1: flags: 64bit ncq sntf ilck pm led clo only pmp fbs pio slum part 
[    1.342949] scsi host1: ahci
[    1.342986] ata2: SATA max UDMA/133 abar m2048@0xd1100000 port 0xd1100100 irq 35
[    1.343020] i8042: PNP: PS/2 Controller [PNP0303:KBC0] at 0x60,0x64 irq 1
[    1.343020] i8042: PNP: PS/2 appears to have AUX port disabled, if this is incorrect please boot with i8042.nopnp
[    1.343898] serio: i8042 KBD port at 0x60,0x64 irq 1
[    1.344003] mousedev: PS/2 mouse device common for all mice
[    1.344039] rtc_cmos 00:01: RTC can wake from S4
[    1.344209] rtc_cmos 00:01: registered as rtc0
[    1.344274] rtc_cmos 00:01: setting system clock to 2021-02-03T01:44:01 UTC (1612316641)
[    1.344302] rtc_cmos 00:01: alarms up to one month, 114 bytes nvram, hpet irqs
[    1.344793] ledtrig-cpu: registered to indicate activity on CPUs
[    1.344796] EFI Variables Facility v0.08 2004-May-17
[    1.347248] input: AT Translated Set 2 keyboard as /devices/platform/i8042/serio0/input/input0
[    1.349506] hid: raw HID events driver (C) Jiri Kosina
[    1.349594] drop_monitor: Initializing network drop monitor service
[    1.349699] NET: Registered protocol family 10
[    1.356891] Segment Routing with IPv6
[    1.356895] RPL Segment Routing with IPv6
[    1.359168] microcode: CPU0: patch_level=0x08600103
[    1.359183] microcode: CPU1: patch_level=0x08600103
[    1.359186] microcode: CPU2: patch_level=0x08600103
[    1.359198] microcode: CPU3: patch_level=0x08600103
[    1.359206] microcode: CPU4: patch_level=0x08600103
[    1.359220] microcode: CPU5: patch_level=0x08600103
[    1.359244] microcode: CPU6: patch_level=0x08600103
[    1.359259] microcode: CPU7: patch_level=0x08600103
[    1.359284] microcode: CPU8: patch_level=0x08600103
[    1.359302] microcode: CPU9: patch_level=0x08600103
[    1.359334] microcode: CPU10: patch_level=0x08600103
[    1.359353] microcode: CPU11: patch_level=0x08600103
[    1.359378] microcode: CPU12: patch_level=0x08600103
[    1.359394] microcode: CPU13: patch_level=0x08600103
[    1.359425] microcode: CPU14: patch_level=0x08600103
[    1.359445] microcode: CPU15: patch_level=0x08600103
[    1.359448] microcode: Microcode Update Driver: v2.2.
[    1.359917] resctrl: L3 allocation detected
[    1.359918] resctrl: L3DATA allocation detected
[    1.359918] resctrl: L3CODE allocation detected
[    1.359919] resctrl: MB allocation detected
[    1.359919] resctrl: L3 monitoring detected
[    1.359924] IPI shorthand broadcast: enabled
[    1.359980] registered taskstats version 1
[    1.359984] Loading compiled-in X.509 certificates
[    1.360024] Loaded X.509 cert 'openSUSE Secure Boot Signkey: c8bdc7ac1a1d85966217fd93ebfc14f4a200b814'
[    1.360045] zswap: loaded using pool lzo/zbud
[    1.360267] page_owner is disabled
[    1.360435] Key type ._fscrypt registered
[    1.360436] Key type .fscrypt registered
[    1.360437] Key type fscrypt-provisioning registered
[    1.364169] Key type encrypted registered
[    1.364174] AppArmor: AppArmor sha1 policy hashing enabled
[    1.365404] integrity: Loading X.509 certificate: UEFI:db
[    1.365458] integrity: Loaded X.509 cert 'Microsoft Windows Production PCA 2011: a92902398e16c49778cd90f99e4f9ae17c55af53'
[    1.365459] integrity: Loading X.509 certificate: UEFI:db
[    1.365490] integrity: Loaded X.509 cert 'Microsoft Corporation UEFI CA 2011: 13adbf4309bd82709c8cd54f316ed522988a1bd4'
[    1.365491] integrity: Loading X.509 certificate: UEFI:db
[    1.365896] integrity: Loaded X.509 cert 'OK Certificate: c8c73a37546046ab495c33f4d0856052'
[    1.365896] integrity: Loading X.509 certificate: UEFI:db
[    1.365899] integrity: Problem loading X.509 certificate -65
[    1.365931] integrity: Error adding keys to platform keyring UEFI:db
[    1.365932] integrity: Loading X.509 certificate: UEFI:db
[    1.365954] integrity: Loaded X.509 cert 'EUJinn: 2d9ec14a26c9fcae420ef406a6e9492b'
[    1.367313] integrity: Loading X.509 certificate: UEFI:MokListRT
[    1.367449] integrity: Loaded X.509 cert 'ubuntu Secure Boot Module Signature key: 56f628d560e6dd89f6701cb550faa80049abc76a'
[    1.367450] integrity: Loading X.509 certificate: UEFI:MokListRT
[    1.367558] integrity: Loaded X.509 cert 'Kernel OBS Project: 1fb41512acbc8eebdf828d877e4367bf6c719af3'
[    1.367559] integrity: Loading X.509 certificate: UEFI:MokListRT
[    1.367670] integrity: Loaded X.509 cert 'openSUSE Secure Boot CA: 6842600de22c4c477e95be23dfea9513e5971762'
[    1.367675] ima: Allocated hash algorithm: sha256
[    1.380673] ima: No architecture policies found
[    1.380699] evm: Initialising EVM extended attributes:
[    1.380701] evm: security.selinux
[    1.380702] evm: security.apparmor
[    1.380703] evm: security.ima
[    1.380704] evm: security.capability
[    1.380705] evm: HMAC attrs: 0x1
[    1.381285] PM:   Magic number: 9:984:709
[    1.381503] RAS: Correctable Errors collector initialized.
[    1.658212] ata2: SATA link down (SStatus 0 SControl 300)
[    1.819335] ata1: SATA link up 6.0 Gbps (SStatus 133 SControl 300)
[    1.820297] ata1.00: ATA-10: WDC WD10SPZX-08Z10, 05.01A05, max UDMA/133
[    1.820300] ata1.00: 1953525168 sectors, multi 16: LBA48 NCQ (depth 32), AA
[    1.821771] ata1.00: configured for UDMA/133
[    1.822019] scsi 0:0:0:0: Direct-Access     ATA      WDC WD10SPZX-08Z 1A05 PQ: 0 ANSI: 5
[    1.822340] sd 0:0:0:0: [sda] 1953525168 512-byte logical blocks: (1.00 TB/932 GiB)
[    1.822343] sd 0:0:0:0: [sda] 4096-byte physical blocks
[    1.822354] sd 0:0:0:0: [sda] Write Protect is off
[    1.822355] sd 0:0:0:0: [sda] Mode Sense: 00 3a 00 00
[    1.822370] sd 0:0:0:0: [sda] Write cache: enabled, read cache: enabled, doesn't support DPO or FUA
[    1.945705]  sda: sda1 sda2 sda3 sda4
[    1.946673] sd 0:0:0:0: [sda] Attached SCSI disk
[    1.946726] Unstable clock detected, switching default tracing clock to "global"
               If you want to keep using the local clock, then add:
                 "trace_clock=local"
               on the kernel command line
[    1.948322] Freeing unused decrypted memory: 2036K
[    1.949115] Freeing unused kernel image (initmem) memory: 2092K
[    1.959383] Write protecting the kernel read-only data: 26624k
[    1.960528] Freeing unused kernel image (text/rodata gap) memory: 2036K
[    1.961317] Freeing unused kernel image (rodata/data gap) memory: 1780K
[    1.961327] Run /init as init process
[    1.961330]   with arguments:
[    1.961330]     /init
[    1.961331]   with environment:
[    1.961331]     HOME=/
[    1.961332]     TERM=linux
[    1.961332]     BOOT_IMAGE=/boot/vmlinuz-5.10.9-1-default
[    1.961333]     splash=silent
[    1.982084] systemd[1]: systemd 246.9+suse.78.g520e53b6d8 running in system mode. (+PAM +AUDIT +SELINUX -IMA +APPARMOR -SMACK +SYSVINIT +UTMP +LIBCRYPTSETUP +GCRYPT +GNUTLS +ACL +XZ +LZ4 +ZSTD +SECCOMP +BLKID +ELFUTILS +KMOD +IDN2 -IDN +PCRE2 default-hierarchy=hybrid)
[    2.003345] systemd[1]: Detected architecture x86-64.
[    2.003350] systemd[1]: Running in initial RAM disk.
[    2.026944] systemd[1]: Set hostname to <Kaguya>.
[    2.071168] systemd[1]: /usr/lib/systemd/system/plymouth-start.service:15: Unit configured to use KillMode=none. This is unsafe, as it disables systemd's process lifecycle management for the service. Please update your service to use a safer KillMode=, such as 'mixed' or 'control-group'. Support for KillMode=none is deprecated and will eventually be removed.
[    2.076128] systemd[1]: Queued start job for default target Initrd Default Target.
[    2.076259] systemd[1]: Reached target Local File Systems.
[    2.076308] systemd[1]: Reached target Slices.
[    2.076327] systemd[1]: Reached target Swap.
[    2.076347] systemd[1]: Reached target Timers.
[    2.076414] systemd[1]: Listening on Journal Socket (/dev/log).
[    2.076462] systemd[1]: Listening on Journal Socket.
[    2.076522] systemd[1]: Listening on udev Control Socket.
[    2.076568] systemd[1]: Listening on udev Kernel Socket.
[    2.076589] systemd[1]: Reached target Sockets.
[    2.077635] systemd[1]: Started Entropy Daemon based on the HAVEGE algorithm.
[    2.078153] systemd[1]: Starting Create list of static device nodes for the current kernel...
[    2.079359] systemd[1]: Starting Journal Service...
[    2.080372] systemd[1]: Starting Load Kernel Modules...
[    2.081514] systemd[1]: Starting Setup Virtual Console...
[    2.082440] systemd[1]: Finished Create list of static device nodes for the current kernel.
[    2.083769] systemd[1]: Starting Create Static Device Nodes in /dev...
[    2.089039] systemd[1]: Finished Create Static Device Nodes in /dev.
[    2.091650] alua: device handler registered
[    2.092777] emc: device handler registered
[    2.093798] rdac: device handler registered
[    2.101112] device-mapper: uevent: version 1.0.3
[    2.101188] device-mapper: ioctl: 4.43.0-ioctl (2020-10-01) initialised: dm-devel@redhat.com
[    2.105582] sd 0:0:0:0: Attached scsi generic sg0 type 0
[    2.106341] systemd[1]: Finished Load Kernel Modules.
[    2.107238] systemd[1]: Starting Apply Kernel Variables...
[    2.111090] systemd[1]: Finished Apply Kernel Variables.
[    2.112997] systemd[1]: Finished Setup Virtual Console.
[    2.113583] systemd[1]: Starting dracut ask for additional cmdline parameters...
[    2.119812] systemd[1]: Started Journal Service.
[    2.247076] raid6: avx2x4   gen() 30903 MB/s
[    2.315076] raid6: avx2x4   xor()  6974 MB/s
[    2.383074] raid6: avx2x2   gen() 30831 MB/s
[    2.451074] raid6: avx2x2   xor() 24848 MB/s
[    2.519072] raid6: avx2x1   gen() 28983 MB/s
[    2.587073] raid6: avx2x1   xor() 18417 MB/s
[    2.655075] raid6: sse2x4   gen() 18064 MB/s
[    2.723074] raid6: sse2x4   xor()  6164 MB/s
[    2.791074] raid6: sse2x2   gen() 19927 MB/s
[    2.859074] raid6: sse2x2   xor() 12918 MB/s
[    2.927073] raid6: sse2x1   gen() 15734 MB/s
[    2.995074] raid6: sse2x1   xor()  9486 MB/s
[    2.995075] raid6: using algorithm avx2x4 gen() 30903 MB/s
[    2.995075] raid6: .... xor() 6974 MB/s, rmw enabled
[    2.995076] raid6: using avx2x2 recovery algorithm
[    2.996991] xor: automatically using best checksumming function   avx       
[    3.074057] Btrfs loaded, crc32c=crc32c-intel, assert=on
[    3.137066] input: Lid Switch as /devices/LNXSYSTM:00/LNXSYBUS:00/PNP0C0D:00/input/input1
[    3.137163] ACPI: Lid Switch [LID0]
[    3.137202] input: Power Button as /devices/LNXSYSTM:00/LNXSYBUS:00/PNP0C0C:00/input/input2
[    3.137241] ACPI: Power Button [PWRB]
[    3.137286] input: Power Button as /devices/LNXSYSTM:00/LNXPWRBN:00/input/input3
[    3.137332] ACPI: Power Button [PWRF]
[    3.141245] i2c_hid i2c-MSFT0001:00: supply vdd not found, using dummy regulator
[    3.141264] i2c_hid i2c-MSFT0001:00: supply vddl not found, using dummy regulator
[    3.145136] [Firmware Bug]: ACPI(PEGP) defines _DOD but not _DOS
[    3.145184] ACPI: Video Device [PEGP] (multi-head: yes  rom: no  post: no)
[    3.145572] acpi device:01: registered as cooling_device16
[    3.145607] input: Video Bus as /devices/LNXSYSTM:00/LNXSYBUS:00/PNP0A08:00/device:00/LNXVIDEO:00/input/input4
[    3.145762] ACPI: Video Device [VGA] (multi-head: yes  rom: no  post: no)
[    3.145930] acpi device:0f: registered as cooling_device17
[    3.145961] input: Video Bus as /devices/LNXSYSTM:00/LNXSYBUS:00/PNP0A08:00/device:0e/LNXVIDEO:01/input/input5
[    3.149107] acpi PNP0C14:01: duplicate WMI GUID 05901221-D566-11D1-B2F0-00A0C9062910 (first instance was on PNP0C14:00)
[    3.149244] acpi PNP0C14:02: duplicate WMI GUID 05901221-D566-11D1-B2F0-00A0C9062910 (first instance was on PNP0C14:00)
[    3.149292] acpi PNP0C14:03: duplicate WMI GUID 05901221-D566-11D1-B2F0-00A0C9062910 (first instance was on PNP0C14:00)
[    3.154628] ccp 0000:05:00.2: enabling device (0000 -> 0002)
[    3.154815] ccp 0000:05:00.2: ccp: unable to access the device: you might be running a broken BIOS.
[    3.159171] nvme nvme0: pci function 0000:02:00.0
[    3.161748] cryptd: max_cpu_qlen set to 1000
[    3.164423] ACPI: bus type USB registered
[    3.164499] usbcore: registered new interface driver usbfs
[    3.164515] usbcore: registered new interface driver hub
[    3.164548] usbcore: registered new device driver usb
[    3.164955] ccp 0000:05:00.2: tee enabled
[    3.164958] ccp 0000:05:00.2: psp enabled
[    3.170656] AVX2 version of gcm_enc/dec engaged.
[    3.170657] AES CTR mode by8 optimization enabled
[    3.181016] xhci_hcd 0000:05:00.3: xHCI Host Controller
[    3.181023] xhci_hcd 0000:05:00.3: new USB bus registered, assigned bus number 1
[    3.181112] xhci_hcd 0000:05:00.3: hcc params 0x0268ffe5 hci version 0x110 quirks 0x0000000000000410
[    3.181414] usb usb1: New USB device found, idVendor=1d6b, idProduct=0002, bcdDevice= 5.10
[    3.181416] usb usb1: New USB device strings: Mfr=3, Product=2, SerialNumber=1
[    3.181417] usb usb1: Product: xHCI Host Controller
[    3.181418] usb usb1: Manufacturer: Linux 5.10.9-1-default xhci-hcd
[    3.181418] usb usb1: SerialNumber: 0000:05:00.3
[    3.181512] hub 1-0:1.0: USB hub found
[    3.181517] hub 1-0:1.0: 4 ports detected
[    3.181716] xhci_hcd 0000:05:00.3: xHCI Host Controller
[    3.181718] xhci_hcd 0000:05:00.3: new USB bus registered, assigned bus number 2
[    3.181720] xhci_hcd 0000:05:00.3: Host supports USB 3.1 Enhanced SuperSpeed
[    3.181728] usb usb2: We don't know the algorithms for LPM for this host, disabling LPM.
[    3.181739] usb usb2: New USB device found, idVendor=1d6b, idProduct=0003, bcdDevice= 5.10
[    3.181740] usb usb2: New USB device strings: Mfr=3, Product=2, SerialNumber=1
[    3.181741] usb usb2: Product: xHCI Host Controller
[    3.181741] usb usb2: Manufacturer: Linux 5.10.9-1-default xhci-hcd
[    3.181742] usb usb2: SerialNumber: 0000:05:00.3
[    3.181813] hub 2-0:1.0: USB hub found
[    3.181817] hub 2-0:1.0: 2 ports detected
[    3.181976] xhci_hcd 0000:05:00.4: xHCI Host Controller
[    3.181979] xhci_hcd 0000:05:00.4: new USB bus registered, assigned bus number 3
[    3.182062] xhci_hcd 0000:05:00.4: hcc params 0x0268ffe5 hci version 0x110 quirks 0x0000000000000410
[    3.182353] usb usb3: New USB device found, idVendor=1d6b, idProduct=0002, bcdDevice= 5.10
[    3.182354] usb usb3: New USB device strings: Mfr=3, Product=2, SerialNumber=1
[    3.182354] usb usb3: Product: xHCI Host Controller
[    3.182355] usb usb3: Manufacturer: Linux 5.10.9-1-default xhci-hcd
[    3.182356] usb usb3: SerialNumber: 0000:05:00.4
[    3.182449] hub 3-0:1.0: USB hub found
[    3.182455] hub 3-0:1.0: 4 ports detected
[    3.182624] xhci_hcd 0000:05:00.4: xHCI Host Controller
[    3.182626] xhci_hcd 0000:05:00.4: new USB bus registered, assigned bus number 4
[    3.182629] xhci_hcd 0000:05:00.4: Host supports USB 3.1 Enhanced SuperSpeed
[    3.182641] usb usb4: We don't know the algorithms for LPM for this host, disabling LPM.
[    3.182654] usb usb4: New USB device found, idVendor=1d6b, idProduct=0003, bcdDevice= 5.10
[    3.182655] usb usb4: New USB device strings: Mfr=3, Product=2, SerialNumber=1
[    3.182655] usb usb4: Product: xHCI Host Controller
[    3.182656] usb usb4: Manufacturer: Linux 5.10.9-1-default xhci-hcd
[    3.182657] usb usb4: SerialNumber: 0000:05:00.4
[    3.182737] hub 4-0:1.0: USB hub found
[    3.182744] hub 4-0:1.0: 2 ports detected
[    3.195291] nvme nvme0: 16/0/0 default/read/poll queues
[    3.198586]  nvme0n1: p1 p2 p3 p4 p5
[    3.205188] AMD-Vi: AMD IOMMUv2 driver by Joerg Roedel <jroedel@suse.de>
[    3.243695] battery: ACPI: Battery Slot [BAT0] (battery present)
[    3.432385] BTRFS: device fsid ca37cd4c-3972-4adc-8bc0-4ef58521a319 devid 1 transid 19785 /dev/nvme0n1p5 scanned by systemd-udevd (416)
[    3.435919] [drm] amdgpu kernel modesetting enabled.
[    3.435941] vga_switcheroo: detected switching method \_SB_.PCI0.GP17.VGA_.ATPX handle
[    3.436230] ATPX version 1, functions 0x00000001
[    3.436261] ATPX Hybrid Graphics
[    3.436322] Virtual CRAT table created for CPU
[    3.436329] amdgpu: Topology: Add CPU node
[    3.436382] checking generic (fce0000000 7e9000) vs hw (fce0000000 10000000)
[    3.436383] fb0: switching to amdgpudrmfb from EFI VGA
[    3.436452] Console: switching to colour dummy device 80x25
[    3.436459] input: MSFT0001:00 04F3:3186 Mouse as /devices/platform/AMDI0010:03/i2c-0/i2c-MSFT0001:00/0018:04F3:3186.0001/input/input6
[    3.436495] amdgpu 0000:05:00.0: vgaarb: deactivate vga console
[    3.436545] input: MSFT0001:00 04F3:3186 Touchpad as /devices/platform/AMDI0010:03/i2c-0/i2c-MSFT0001:00/0018:04F3:3186.0001/input/input7
[    3.436558] amdgpu 0000:05:00.0: enabling device (0006 -> 0007)
[    3.436616] [drm] initializing kernel modesetting (RENOIR 0x1002:0x1636 0x17AA:0x3A3E 0xC6).
[    3.436618] amdgpu 0000:05:00.0: amdgpu: Trusted Memory Zone (TMZ) feature disabled as experimental (default)
[    3.436627] [drm] register mmio base: 0xD1500000
[    3.436628] [drm] register mmio size: 524288
[    3.436630] [drm] PCIE atomic ops is not supported
[    3.436643] hid-generic 0018:04F3:3186.0001: input,hidraw0: I2C HID v1.00 Mouse [MSFT0001:00 04F3:3186] on i2c-MSFT0001:00
[    3.437768] [drm] add ip block number 0 <soc15_common>
[    3.437769] [drm] add ip block number 1 <gmc_v9_0>
[    3.437770] [drm] add ip block number 2 <vega10_ih>
[    3.437770] [drm] add ip block number 3 <psp>
[    3.437771] [drm] add ip block number 4 <smu>
[    3.437771] [drm] add ip block number 5 <gfx_v9_0>
[    3.437772] [drm] add ip block number 6 <sdma_v4_0>
[    3.437773] [drm] add ip block number 7 <dm>
[    3.437773] [drm] add ip block number 8 <vcn_v2_0>
[    3.437774] [drm] add ip block number 9 <jpeg_v2_0>
[    3.437787] amdgpu 0000:05:00.0: amdgpu: Fetched VBIOS from VFCT
[    3.437788] amdgpu: ATOM BIOS: 113-RENOIR-025
[    3.438550] [drm] VCN decode is enabled in VM mode
[    3.438550] [drm] VCN encode is enabled in VM mode
[    3.438551] [drm] JPEG decode is enabled in VM mode
[    3.438568] [drm] vm size is 262144 GB, 4 levels, block size is 9-bit, fragment size is 9-bit
[    3.438580] amdgpu 0000:05:00.0: amdgpu: VRAM: 512M 0x000000F400000000 - 0x000000F41FFFFFFF (512M used)
[    3.438581] amdgpu 0000:05:00.0: amdgpu: GART: 1024M 0x0000000000000000 - 0x000000003FFFFFFF
[    3.438581] amdgpu 0000:05:00.0: amdgpu: AGP: 267419648M 0x000000F800000000 - 0x0000FFFFFFFFFFFF
[    3.438585] [drm] Detected VRAM RAM=512M, BAR=512M
[    3.438585] [drm] RAM width 64bits DDR4
[    3.438628] [TTM] Zone  kernel: Available graphics memory: 3736628 KiB
[    3.438629] [TTM] Zone   dma32: Available graphics memory: 2097152 KiB
[    3.438629] [TTM] Initializing pool allocator
[    3.438631] [TTM] Initializing DMA pool allocator
[    3.438657] [drm] amdgpu: 512M of VRAM memory ready
[    3.438659] [drm] amdgpu: 3072M of GTT memory ready.
[    3.438660] [drm] GART: num cpu pages 262144, num gpu pages 262144
[    3.438784] [drm] PCIE GART of 1024M enabled (table at 0x000000F400900000).
[    3.453250] [drm] Loading DMUB firmware via PSP: version=0x00000000
[    3.471636] [drm] Found VCN firmware Version ENC: 1.7 DEC: 4 VEP: 0 Revision: 17
[    3.471648] [drm] PSP loading VCN firmware
[    3.519137] usb 3-1: new high-speed USB device number 2 using xhci_hcd
[    3.519157] usb 1-3: new high-speed USB device number 2 using xhci_hcd
[    3.672567] usb 3-1: New USB device found, idVendor=05e3, idProduct=0610, bcdDevice=23.07
[    3.672570] usb 3-1: New USB device strings: Mfr=1, Product=2, SerialNumber=0
[    3.672572] usb 3-1: Product: USB2.1 Hub
[    3.672573] usb 3-1: Manufacturer: GenesysLogic
[    3.727273] hub 3-1:1.0: USB hub found
[    3.727820] hub 3-1:1.0: 2 ports detected
[    3.740187] usb 1-3: New USB device found, idVendor=174f, idProduct=244c, bcdDevice= 0.13
[    3.740191] usb 1-3: New USB device strings: Mfr=3, Product=1, SerialNumber=2
[    3.740193] usb 1-3: Product: Integrated Camera
[    3.740195] usb 1-3: Manufacturer: Generic
[    3.740196] usb 1-3: SerialNumber: 0001
[    3.795231] usb 4-1: new SuperSpeed Gen 1 USB device number 2 using xhci_hcd
[    3.817828] usb 4-1: New USB device found, idVendor=05e3, idProduct=0620, bcdDevice=23.07
[    3.817830] usb 4-1: New USB device strings: Mfr=1, Product=2, SerialNumber=0
[    3.817831] usb 4-1: Product: USB3.2 Hub
[    3.817831] usb 4-1: Manufacturer: GenesysLogic
[    3.838973] hub 4-1:1.0: USB hub found
[    3.839273] hub 4-1:1.0: 2 ports detected
[    3.943339] usb 3-3: new full-speed USB device number 3 using xhci_hcd
[    3.997738] [drm] reserve 0x400000 from 0xf41f800000 for PSP TMR
[    4.076798] input: MSFT0001:00 04F3:3186 Mouse as /devices/platform/AMDI0010:03/i2c-0/i2c-MSFT0001:00/0018:04F3:3186.0001/input/input8
[    4.076908] input: MSFT0001:00 04F3:3186 Touchpad as /devices/platform/AMDI0010:03/i2c-0/i2c-MSFT0001:00/0018:04F3:3186.0001/input/input9
[    4.077002] hid-multitouch 0018:04F3:3186.0001: input,hidraw0: I2C HID v1.00 Mouse [MSFT0001:00 04F3:3186] on i2c-MSFT0001:00
[    4.135917] usb 3-3: New USB device found, idVendor=8087, idProduct=0029, bcdDevice= 0.01
[    4.135923] usb 3-3: New USB device strings: Mfr=0, Product=0, SerialNumber=0
[    4.192737] amdgpu 0000:05:00.0: amdgpu: RAS: optional ras ta ucode is not available
[    4.226076] amdgpu 0000:05:00.0: amdgpu: RAP: optional rap ta ucode is not available
[    4.226767] amdgpu 0000:05:00.0: amdgpu: smu driver if version = 0x0000000e, smu fw if version = 0x0000000c, smu fw version = 0x00373100 (55.49.0)
[    4.226768] amdgpu 0000:05:00.0: amdgpu: SMU driver if version not matched
[    4.235782] amdgpu 0000:05:00.0: amdgpu: SMU is initialized successfully!
[    4.237126] [drm] kiq ring mec 2 pipe 1 q 0
[    4.238002] [drm] Display Core initialized with v3.2.104!
[    4.250973] [drm] DMUB hardware initialized: version=0x01000000
[    4.283310] usb 3-4: new full-speed USB device number 4 using xhci_hcd
[    4.332943] [drm] VCN decode and encode initialized successfully(under DPG Mode).
[    4.332962] [drm] JPEG decode initialized successfully.
[    4.334282] kfd kfd: Allocated 3969056 bytes on gart
[    4.334691] Virtual CRAT table created for GPU
[    4.334866] amdgpu: Topology: Add dGPU node [0x1636:0x1002]
[    4.334868] kfd kfd: added device 1002:1636
[    4.334870] amdgpu 0000:05:00.0: amdgpu: SE 1, SH per SE 2, CU per SH 18, active_cu_number 27
[    4.335768] [drm] fb mappable at 0x210CE0000
[    4.335769] [drm] vram apper at 0x210000000
[    4.335769] [drm] size 8294400
[    4.335770] [drm] fb depth is 24
[    4.335770] [drm]    pitch is 7680
[    4.335857] fbcon: amdgpudrmfb (fb0) is primary device
[    4.369549] Console: switching to colour frame buffer device 240x67
[    4.380170] amdgpu 0000:05:00.0: [drm] fb0: amdgpudrmfb frame buffer device
[    4.399184] amdgpu 0000:05:00.0: amdgpu: ring gfx uses VM inv eng 0 on hub 0
[    4.399187] amdgpu 0000:05:00.0: amdgpu: ring comp_1.0.0 uses VM inv eng 1 on hub 0
[    4.399188] amdgpu 0000:05:00.0: amdgpu: ring comp_1.1.0 uses VM inv eng 4 on hub 0
[    4.399190] amdgpu 0000:05:00.0: amdgpu: ring comp_1.2.0 uses VM inv eng 5 on hub 0
[    4.399191] amdgpu 0000:05:00.0: amdgpu: ring comp_1.3.0 uses VM inv eng 6 on hub 0
[    4.399192] amdgpu 0000:05:00.0: amdgpu: ring comp_1.0.1 uses VM inv eng 7 on hub 0
[    4.399193] amdgpu 0000:05:00.0: amdgpu: ring comp_1.1.1 uses VM inv eng 8 on hub 0
[    4.399195] amdgpu 0000:05:00.0: amdgpu: ring comp_1.2.1 uses VM inv eng 9 on hub 0
[    4.399196] amdgpu 0000:05:00.0: amdgpu: ring comp_1.3.1 uses VM inv eng 10 on hub 0
[    4.399197] amdgpu 0000:05:00.0: amdgpu: ring kiq_2.1.0 uses VM inv eng 11 on hub 0
[    4.399199] amdgpu 0000:05:00.0: amdgpu: ring sdma0 uses VM inv eng 0 on hub 1
[    4.399200] amdgpu 0000:05:00.0: amdgpu: ring vcn_dec uses VM inv eng 1 on hub 1
[    4.399202] amdgpu 0000:05:00.0: amdgpu: ring vcn_enc0 uses VM inv eng 4 on hub 1
[    4.399203] amdgpu 0000:05:00.0: amdgpu: ring vcn_enc1 uses VM inv eng 5 on hub 1
[    4.399204] amdgpu 0000:05:00.0: amdgpu: ring jpeg_dec uses VM inv eng 6 on hub 1
[    4.401949] [drm] Initialized amdgpu 3.40.0 20150101 for 0000:05:00.0 on minor 0
[    4.459058] BTRFS info (device nvme0n1p5): disk space caching is enabled
[    4.459060] BTRFS info (device nvme0n1p5): has skinny extents
[    4.465916] BTRFS info (device nvme0n1p5): enabling ssd optimizations
[    4.479740] usb 3-4: New USB device found, idVendor=048d, idProduct=c100, bcdDevice=10.00
[    4.479744] usb 3-4: New USB device strings: Mfr=1, Product=2, SerialNumber=0
[    4.479745] usb 3-4: Product: ITE Device(8910)
[    4.479746] usb 3-4: Manufacturer: ITE Tech. Inc.
[    4.508181] input: ITE Tech. Inc. ITE Device(8910) Keyboard as /devices/pci0000:00/0000:00:08.1/0000:05:00.4/usb3/3-4/3-4:1.0/0003:048D:C100.0002/input/input10
[    4.567654] input: ITE Tech. Inc. ITE Device(8910) Consumer Control as /devices/pci0000:00/0000:00:08.1/0000:05:00.4/usb3/3-4/3-4:1.0/0003:048D:C100.0002/input/input11
[    4.567813] input: ITE Tech. Inc. ITE Device(8910) Wireless Radio Control as /devices/pci0000:00/0000:00:08.1/0000:05:00.4/usb3/3-4/3-4:1.0/0003:048D:C100.0002/input/input12
[    4.568196] hid-generic 0003:048D:C100.0002: input,hiddev96,hidraw1: USB HID v1.10 Keyboard [ITE Tech. Inc. ITE Device(8910)] on usb-0000:05:00.4-4/input0
[    4.568262] usbcore: registered new interface driver usbhid
[    4.568263] usbhid: USB HID core driver
[    4.782503] systemd[1]: RTC configured in localtime, applying delta of 330 minutes to system time.
[    4.786085] systemd[1]: systemd 246.9+suse.78.g520e53b6d8 running in system mode. (+PAM +AUDIT +SELINUX -IMA +APPARMOR -SMACK +SYSVINIT +UTMP +LIBCRYPTSETUP +GCRYPT +GNUTLS +ACL +XZ +LZ4 +ZSTD +SECCOMP +BLKID +ELFUTILS +KMOD +IDN2 -IDN +PCRE2 default-hierarchy=hybrid)
[    4.803742] systemd[1]: Detected architecture x86-64.
[    4.804408] systemd[1]: Set hostname to <Kaguya>.
[    4.898868] systemd[1]: /usr/lib/systemd/system/gpm.service:11: Standard output type syslog is obsolete, automatically updating to journal. Please update your unit file, and consider removing the setting altogether.
[    4.902287] systemd[1]: /usr/lib/systemd/system/mcelog.service:11: Standard output type syslog is obsolete, automatically updating to journal. Please update your unit file, and consider removing the setting altogether.
[    4.916102] systemd[1]: /usr/lib/systemd/system/plymouth-start.service:15: Unit configured to use KillMode=none. This is unsafe, as it disables systemd's process lifecycle management for the service. Please update your service to use a safer KillMode=, such as 'mixed' or 'control-group'. Support for KillMode=none is deprecated and will eventually be removed.
[    4.960286] systemd[1]: initrd-switch-root.service: Succeeded.
[    4.960424] systemd[1]: Stopped Switch Root.
[    4.960656] systemd[1]: haveged.service: Scheduled restart job, restart counter is at 1.
[    4.960754] systemd[1]: systemd-journald.service: Scheduled restart job, restart counter is at 1.
[    4.960892] systemd[1]: Created slice system-getty.slice.
[    4.960990] systemd[1]: Created slice system-modprobe.slice.
[    4.961084] systemd[1]: Created slice system-systemd\x2dfsck.slice.
[    4.961171] systemd[1]: Created slice User and Session Slice.
[    4.961304] systemd[1]: Set up automount Arbitrary Executable File Formats File System Automount Point.
[    4.961333] systemd[1]: Stopped target Switch Root.
[    4.961349] systemd[1]: Stopped target Initrd File Systems.
[    4.961363] systemd[1]: Stopped target Initrd Root File System.
[    4.961423] systemd[1]: Reached target Remote File Systems.
[    4.961446] systemd[1]: Reached target Slices.
[    4.961535] systemd[1]: Listening on Device-mapper event daemon FIFOs.
[    4.961621] systemd[1]: Listening on LVM2 poll daemon socket.
[    4.961666] systemd[1]: Listening on initctl Compatibility Named Pipe.
[    4.961754] systemd[1]: Listening on udev Control Socket.
[    4.961819] systemd[1]: Listening on udev Kernel Socket.
[    4.962283] systemd[1]: Activating swap /dev/disk/by-uuid/d4a44229-f984-4439-bba3-022698f6b4af...
[    4.962742] systemd[1]: Mounting Huge Pages File System...
[    4.963408] systemd[1]: Mounting POSIX Message Queue File System...
[    4.964148] systemd[1]: Mounting Kernel Debug File System...
[    4.964820] systemd[1]: Mounting Kernel Trace File System...
[    4.965909] systemd[1]: Starting Create list of static device nodes for the current kernel...
[    4.966570] systemd[1]: Starting Monitoring of LVM2 mirrors, snapshots etc. using dmeventd or progress polling...
[    4.967346] systemd[1]: Starting Load Kernel Module configfs...
[    4.968099] systemd[1]: Starting Load Kernel Module drm...
[    4.968663] systemd[1]: Starting Load Kernel Module fuse...
[    4.968779] systemd[1]: plymouth-start.service: Succeeded.
[    4.968809] systemd[1]: plymouth-start.service: Unit process 387 (plymouthd) remains running after unit stopped.
[    4.968882] systemd[1]: Stopped Show Plymouth Boot Screen.
[    4.968983] systemd[1]: Condition check resulted in Dispatch Password Requests to Console Directory Watch being skipped.
[    4.969032] systemd[1]: Reached target Local Encrypted Volumes.
[    4.969134] systemd[1]: plymouth-switch-root.service: Succeeded.
[    4.969313] systemd[1]: Stopped Plymouth switch root service.
[    4.969808] systemd[1]: Condition check resulted in Set Up Additional Binary Formats being skipped.
[    4.969902] systemd[1]: systemd-fsck-root.service: Succeeded.
[    4.970038] systemd[1]: Stopped File System Check on Root Device.
[    4.970104] systemd[1]: Stopped Journal Service.
[    4.970311] systemd[1]: Stopped Entropy Daemon based on the HAVEGE algorithm.
[    4.971050] systemd[1]: Started Entropy Daemon based on the HAVEGE algorithm.
[    4.972845] systemd[1]: Starting Journal Service...
[    4.974581] systemd[1]: Starting Load Kernel Modules...
[    4.976015] systemd[1]: Starting Remount Root and Kernel File Systems...
[    4.976906] systemd[1]: Starting Coldplug All udev Devices...
[    4.977925] systemd[1]: sysroot.mount: Succeeded.
[    4.978434] systemd[1]: Mounted Huge Pages File System.
[    4.978619] systemd[1]: Mounted POSIX Message Queue File System.
[    4.978752] systemd[1]: Mounted Kernel Debug File System.
[    4.978887] systemd[1]: Mounted Kernel Trace File System.
[    4.979638] systemd[1]: Finished Create list of static device nodes for the current kernel.
[    4.979956] systemd[1]: modprobe@drm.service: Succeeded.
[    4.980132] systemd[1]: Finished Load Kernel Module drm.
[    4.980934] systemd[1]: modprobe@configfs.service: Succeeded.
[    4.981099] systemd[1]: Finished Load Kernel Module configfs.
[    4.981406] systemd[1]: Finished Load Kernel Modules.
[    4.982134] BTRFS info (device nvme0n1p5): disk space caching is enabled
[    4.982233] systemd[1]: Mounting Kernel Configuration File System...
[    4.982939] systemd[1]: Starting Apply Kernel Variables...
[    4.984422] systemd[1]: Finished Remount Root and Kernel File Systems.
[    4.984599] systemd[1]: Mounted Kernel Configuration File System.
[    4.984709] systemd[1]: Condition check resulted in First Boot Wizard being skipped.
[    4.985192] systemd[1]: Condition check resulted in Rebuild Hardware Database being skipped.
[    4.985226] systemd[1]: Condition check resulted in Create System Users being skipped.
[    4.985980] systemd[1]: Starting Create Static Device Nodes in /dev...
[    4.986281] fuse: init (API version 7.32)
[    4.986864] systemd[1]: modprobe@fuse.service: Succeeded.
[    4.987017] systemd[1]: Finished Load Kernel Module fuse.
[    4.988769] systemd[1]: Mounting FUSE Control File System...
[    4.990456] systemd[1]: Mounted FUSE Control File System.
[    4.992002] systemd[1]: Finished Apply Kernel Variables.
[    4.995325] systemd[1]: Finished Create Static Device Nodes in /dev.
[    4.996481] systemd[1]: Starting Rule-based Manager for Device Events and Files...
[    4.996590] systemd[1]: Started Journal Service.
[    5.011274] Adding 18301632k swap on /dev/sda4.  Priority:-2 extents:1 across:18301632k FS
[    5.137968] ACPI: AC Adapter [ADP0] (on-line)
[    5.141985] acpi_cpufreq: overriding BIOS provided _PSD data
[    5.189180] snd_rn_pci_acp3x 0000:05:00.5: enabling device (0000 -> 0002)
[    5.189385] piix4_smbus 0000:00:14.0: SMBus Host Controller at 0xb00, revision 0
[    5.189387] piix4_smbus 0000:00:14.0: Using register 0x02 for SMBus port selection
[    5.190428] piix4_smbus 0000:00:14.0: Auxiliary SMBus Host Controller at 0xb20
[    5.194363] input: Ideapad extra buttons as /devices/pci0000:00/0000:00:14.3/PNP0C09:00/VPC2004:00/input/input13
[    5.245478] audit: type=1400 audit(1612296845.397:2): apparmor="STATUS" operation="profile_load" profile="unconfined" name="klogd" pid=684 comm="apparmor_parser"
[    5.247166] audit: type=1400 audit(1612296845.401:3): apparmor="STATUS" operation="profile_load" profile="unconfined" name="/usr/bin/lessopen.sh" pid=687 comm="apparmor_parser"
[    5.248129] audit: type=1400 audit(1612296845.401:4): apparmor="STATUS" operation="profile_load" profile="unconfined" name="nvidia_modprobe" pid=682 comm="apparmor_parser"
[    5.248130] audit: type=1400 audit(1612296845.401:5): apparmor="STATUS" operation="profile_load" profile="unconfined" name="nvidia_modprobe//kmod" pid=682 comm="apparmor_parser"
[    5.249028] sp5100_tco: SP5100/SB800 TCO WatchDog Timer Driver
[    5.249096] input: PC Speaker as /devices/platform/pcspkr/input/input14
[    5.249125] sp5100-tco sp5100-tco: Using 0xfeb00000 for watchdog MMIO address
[    5.249185] sp5100-tco sp5100-tco: initialized. heartbeat=60 sec (nowayout=0)
[    5.250563] audit: type=1400 audit(1612296845.401:6): apparmor="STATUS" operation="profile_load" profile="unconfined" name="lsb_release" pid=681 comm="apparmor_parser"
[    5.253411] audit: type=1400 audit(1612296845.405:7): apparmor="STATUS" operation="profile_load" profile="unconfined" name="syslogd" pid=686 comm="apparmor_parser"
[    5.253418] audit: type=1400 audit(1612296845.405:8): apparmor="STATUS" operation="profile_load" profile="unconfined" name="ping" pid=680 comm="apparmor_parser"
[    5.253421] audit: type=1400 audit(1612296845.405:9): apparmor="STATUS" operation="profile_load" profile="unconfined" name="dovecot-config" pid=690 comm="apparmor_parser"
[    5.253422] audit: type=1400 audit(1612296845.405:10): apparmor="STATUS" operation="profile_load" profile="unconfined" name="dovecot-deliver" pid=691 comm="apparmor_parser"
[    5.289052] nvidia: loading out-of-tree module taints kernel.
[    5.289063] nvidia: module license 'NVIDIA' taints kernel.
[    5.289064] Disabling lock debugging due to kernel taint
[    5.312882] pstore: Efi pstore disabled, enforce via pstore.backend=efi
[    5.312883] pstore: On a broken BIOS, this can severely harm your system
[    5.312884] pstore: Only enable efi based pstore when you know what you are doing
[    5.494848] cfg80211: Loading compiled-in X.509 certificates for regulatory database
[    5.495038] cfg80211: Loaded X.509 cert 'sforshee: 00b28ddf47aef9cea7'
[    5.513327] nvidia: module verification failed: signature and/or required key missing - tainting kernel
[    5.533768] nvidia-nvlink: Nvlink Core is being initialized, major device number 239

[    5.539580] nvidia 0000:01:00.0: enabling device (0100 -> 0103)
[    5.539866] nvidia 0000:01:00.0: vgaarb: changed VGA decodes: olddecodes=io+mem,decodes=none:owns=none
[    5.542435] libphy: r8169: probed
[    5.542603] r8169 0000:03:00.0 eth0: RTL8168h/8111h, 8c:8c:aa:21:2e:59, XID 541, IRQ 77
[    5.542605] r8169 0000:03:00.0 eth0: jumbo features [frames: 9194 bytes, tx checksumming: ko]
[    5.586500] NVRM: loading NVIDIA UNIX x86_64 Kernel Module  460.32.03  Sun Dec 27 19:00:34 UTC 2020
[    5.676459] r8169 0000:03:00.0 eno1: renamed from eth0
[    5.850341] EXT4-fs (sda3): mounted filesystem with ordered data mode. Opts: data=ordered
[    5.875869] nvidia_uvm: module uses symbols from proprietary module nvidia, inheriting taint.
[    5.879701] Intel(R) Wireless WiFi driver for Linux
[    5.879970] iwlwifi 0000:04:00.0: enabling device (0000 -> 0002)
[    5.884640] kvm: Nested Virtualization enabled
[    5.884649] SVM: kvm: Nested Paging enabled
[    5.884650] SVM: Virtual VMLOAD VMSAVE supported
[    5.884651] SVM: Virtual GIF supported
[    5.884851] nvidia-uvm: Loaded the UVM driver, major device number 237.
[    5.889587] MCE: In-kernel MCE decoding enabled.
[    5.892745] EDAC amd64: F17h_M60h detected (node 0).
[    5.892785] EDAC amd64: Node 0: DRAM ECC disabled.
[    5.900919] snd_hda_intel 0000:01:00.1: enabling device (0000 -> 0002)
[    5.901016] snd_hda_intel 0000:01:00.1: Disabling MSI
[    5.901020] snd_hda_intel 0000:01:00.1: Handle vga_switcheroo audio client
[    5.901113] snd_hda_intel 0000:05:00.6: enabling device (0000 -> 0002)
[    5.919147] input: HDA NVidia HDMI/DP,pcm=3 as /devices/pci0000:00/0000:00:01.1/0000:01:00.1/sound/card0/input15
[    5.919186] input: HDA NVidia HDMI/DP,pcm=7 as /devices/pci0000:00/0000:00:01.1/0000:01:00.1/sound/card0/input16
[    5.919216] input: HDA NVidia HDMI/DP,pcm=8 as /devices/pci0000:00/0000:00:01.1/0000:01:00.1/sound/card0/input17
[    5.919246] input: HDA NVidia HDMI/DP,pcm=9 as /devices/pci0000:00/0000:00:01.1/0000:01:00.1/sound/card0/input18
[    5.919273] input: HDA NVidia HDMI/DP,pcm=10 as /devices/pci0000:00/0000:00:01.1/0000:01:00.1/sound/card0/input19
[    5.920248] iwlwifi 0000:04:00.0: api flags index 2 larger than supported by driver
[    5.920265] iwlwifi 0000:04:00.0: TLV_FW_FSEQ_VERSION: FSEQ Version: 89.3.35.22
[    5.920572] iwlwifi 0000:04:00.0: loaded firmware version 59.601f3a66.0 cc-a0-59.ucode op_mode iwlmvm
[    5.922899] snd_hda_codec_realtek hdaudioC1D0: autoconfig for ALC257: line_outs=1 (0x14/0x0/0x0/0x0/0x0) type:speaker
[    5.922901] snd_hda_codec_realtek hdaudioC1D0:    speaker_outs=0 (0x0/0x0/0x0/0x0/0x0)
[    5.922902] snd_hda_codec_realtek hdaudioC1D0:    hp_outs=1 (0x21/0x0/0x0/0x0/0x0)
[    5.922903] snd_hda_codec_realtek hdaudioC1D0:    mono: mono_out=0x0
[    5.922903] snd_hda_codec_realtek hdaudioC1D0:    inputs:
[    5.922905] snd_hda_codec_realtek hdaudioC1D0:      Mic=0x19
[    5.922906] snd_hda_codec_realtek hdaudioC1D0:      Internal Mic=0x12
[    5.932521] nvidia-modeset: Loading NVIDIA Kernel Mode Setting Driver for UNIX platforms  460.32.03  Sun Dec 27 18:51:11 UTC 2020
[    6.027665] input: HDA Digital PCBeep as /devices/pci0000:00/0000:00:08.1/0000:05:00.6/sound/card1/input20
[    6.027708] input: HD-Audio Generic Mic as /devices/pci0000:00/0000:00:08.1/0000:05:00.6/sound/card1/input21
[    6.027737] input: HD-Audio Generic Headphone as /devices/pci0000:00/0000:00:08.1/0000:05:00.6/sound/card1/input22
[    6.130093] EDAC amd64: F17h_M60h detected (node 0).
[    6.130098] [drm] [nvidia-drm] [GPU ID 0x00000100] Loading driver
[    6.130100] [drm] Initialized nvidia-drm 0.0.0 20160202 for 0000:01:00.0 on minor 1
[    6.130142] EDAC amd64: Node 0: DRAM ECC disabled.
[    6.215645] iwlwifi 0000:04:00.0: Detected Intel(R) Wi-Fi 6 AX200 160MHz, REV=0x340
[    6.296011] EDAC amd64: F17h_M60h detected (node 0).
[    6.296049] EDAC amd64: Node 0: DRAM ECC disabled.
[    6.448744] iwlwifi 0000:04:00.0: base HW address: 08:5b:d6:eb:66:7b
[    6.463715] thermal thermal_zone0: failed to read out thermal zone (-61)
[    6.463871] bpfilter: Loaded bpfilter_umh pid 1432
[    6.464051] Started bpfilter
[    6.465442] mc: Linux media interface: v0.10
[    6.465445] EDAC amd64: F17h_M60h detected (node 0).
[    6.465499] EDAC amd64: Node 0: DRAM ECC disabled.
[    6.465649] iwlwifi 0000:04:00.0 wlp4s0: renamed from wlan0
[    6.504976] videodev: Linux video capture interface: v2.00
[    6.505832] Bluetooth: Core ver 2.22
[    6.505858] NET: Registered protocol family 31
[    6.505859] Bluetooth: HCI device and connection manager initialized
[    6.505861] Bluetooth: HCI socket layer initialized
[    6.505863] Bluetooth: L2CAP socket layer initialized
[    6.505867] Bluetooth: SCO socket layer initialized
[    6.531178] Generic FE-GE Realtek PHY r8169-300:00: attached PHY driver [Generic FE-GE Realtek PHY] (mii_bus:phy_addr=r8169-300:00, irq=IGNORE)
[    6.534075] i2c_hid i2c-MSFT0001:00: i2c_hid_get_input: incomplete report (14/17920)
[    6.534683] i2c_hid i2c-MSFT0001:00: i2c_hid_get_input: IRQ triggered but there's no data
[    6.630268] usbcore: registered new interface driver btusb
[    6.633800] Bluetooth: hci0: Firmware revision 0.0 build 127 week 48 2020
[    6.665660] EDAC amd64: F17h_M60h detected (node 0).
[    6.665706] EDAC amd64: Node 0: DRAM ECC disabled.
[    6.684544] Bluetooth: BNEP (Ethernet Emulation) ver 1.3
[    6.684545] Bluetooth: BNEP filters: protocol multicast
[    6.684549] Bluetooth: BNEP socket layer initialized
[    6.735663] r8169 0000:03:00.0 eno1: Link is Down
[    6.791275] uvcvideo: Found UVC 1.10 device Integrated Camera (174f:244c)
[    6.811692] input: Integrated Camera: Integrated C as /devices/pci0000:00/0000:00:08.1/0000:05:00.3/usb1/1-3/1-3:1.0/input/input23
[    6.811891] usbcore: registered new interface driver uvcvideo
[    6.811894] USB Video Class driver (1.1.1)
[    6.842901] ACPI Warning: \_SB.PCI0.GPP0.PEGP._DSM: Argument #4 type mismatch - Found [Buffer], ACPI requires [Package] (20200925/nsarguments-61)
[    6.843604] EDAC amd64: F17h_M60h detected (node 0).
[    6.843649] EDAC amd64: Node 0: DRAM ECC disabled.
[    6.844896] NET: Registered protocol family 38
[    6.979760] ACPI: \: failed to evaluate _DSM (0x1001)
[    6.979764] ACPI: \: failed to evaluate _DSM (0x1001)
[    7.183927] NVRM: nv_acpi_dsm_method: DSM data invalid!
[    7.277043] EDAC amd64: F17h_M60h detected (node 0).
[    7.277090] EDAC amd64: Node 0: DRAM ECC disabled.
[    7.339942] ACPI: \: failed to evaluate _DSM (0x1001)
[    7.339945] ACPI: \: failed to evaluate _DSM (0x1001)
[    7.420783] EDAC amd64: F17h_M60h detected (node 0).
[    7.420847] EDAC amd64: Node 0: DRAM ECC disabled.
[    7.421771] NET: Registered protocol family 17
[    7.786634] EDAC amd64: F17h_M60h detected (node 0).
[    7.786683] EDAC amd64: Node 0: DRAM ECC disabled.
[    7.932469] EDAC amd64: F17h_M60h detected (node 0).
[    7.932517] EDAC amd64: Node 0: DRAM ECC disabled.
[    8.057607] EDAC amd64: F17h_M60h detected (node 0).
[    8.057667] EDAC amd64: Node 0: DRAM ECC disabled.
[    8.176024] EDAC amd64: F17h_M60h detected (node 0).
[    8.176087] EDAC amd64: Node 0: DRAM ECC disabled.
[    8.240555] EDAC amd64: F17h_M60h detected (node 0).
[    8.240615] EDAC amd64: Node 0: DRAM ECC disabled.
[    8.305182] EDAC amd64: F17h_M60h detected (node 0).
[    8.305244] EDAC amd64: Node 0: DRAM ECC disabled.
[    8.360745] EDAC amd64: F17h_M60h detected (node 0).
[    8.360804] EDAC amd64: Node 0: DRAM ECC disabled.
[    8.416636] EDAC amd64: F17h_M60h detected (node 0).
[    8.416695] EDAC amd64: Node 0: DRAM ECC disabled.
[   14.843028] Bluetooth: RFCOMM TTY layer initialized
[   14.843039] Bluetooth: RFCOMM socket layer initialized
[   14.843046] Bluetooth: RFCOMM ver 1.11
[   15.700511] wlp4s0: authenticate with 00:6d:61:ee:5d:36
[   15.711985] wlp4s0: send auth to 00:6d:61:ee:5d:36 (try 1/3)
[   15.747660] wlp4s0: authenticated
[   15.751085] wlp4s0: associate with 00:6d:61:ee:5d:36 (try 1/3)
[   15.755686] wlp4s0: RX AssocResp from 00:6d:61:ee:5d:36 (capab=0x411 status=0 aid=4)
[   15.778760] wlp4s0: associated
[   15.814308] IPv6: ADDRCONF(NETDEV_CHANGE): wlp4s0: link becomes ready
