[    0.000000] Linux version 5.10.9-1-default (geeko@buildhost) (gcc (SUSE Linux) 10.2.1 20201202 [revision e563687cf9d3d1278f45aaebd03e0f66531076c9], GNU ld (GNU Binutils; openSUSE Tumbleweed) 2.35.1.20201112-1) #1 SMP Wed Jan 20 07:26:11 UTC 2021 (b7732a5)
[    0.000000] Command line: BOOT_IMAGE=/boot/vmlinuz-5.10.9-1-default root=UUID=ca37cd4c-3972-4adc-8bc0-4ef58521a319 splash=silent resume=/dev/disk/by-uuid/d4a44229-f984-4439-bba3-022698f6b4af quiet mitigations=auto
[    0.000000] x86/fpu: Supporting XSAVE feature 0x001: 'x87 floating point registers'
[    0.000000] x86/fpu: Supporting XSAVE feature 0x002: 'SSE registers'
[    0.000000] x86/fpu: Supporting XSAVE feature 0x004: 'AVX registers'
[    0.000000] x86/fpu: xstate_offset[2]:  576, xstate_sizes[2]:  256
[    0.000000] x86/fpu: Enabled xstate features 0x7, context size is 832 bytes, using 'compacted' format.
[    0.000000] BIOS-provided physical RAM map:
[    0.000000] BIOS-e820: [mem 0x0000000000000000-0x000000000009efff] usable
[    0.000000] BIOS-e820: [mem 0x000000000009f000-0x00000000000bffff] reserved
[    0.000000] BIOS-e820: [mem 0x0000000000100000-0x0000000009afffff] usable
[    0.000000] BIOS-e820: [mem 0x0000000009b00000-0x0000000009dfffff] reserved
[    0.000000] BIOS-e820: [mem 0x0000000009e00000-0x0000000009efffff] usable
[    0.000000] BIOS-e820: [mem 0x0000000009f00000-0x0000000009f0cfff] ACPI NVS
[    0.000000] BIOS-e820: [mem 0x0000000009f0d000-0x00000000bab68fff] usable
[    0.000000] BIOS-e820: [mem 0x00000000bab69000-0x00000000bbd68fff] reserved
[    0.000000] BIOS-e820: [mem 0x00000000bbd69000-0x00000000c9f7efff] usable
[    0.000000] BIOS-e820: [mem 0x00000000c9f7f000-0x00000000ccf7efff] reserved
[    0.000000] BIOS-e820: [mem 0x00000000ccf7f000-0x00000000cdf7efff] ACPI NVS
[    0.000000] BIOS-e820: [mem 0x00000000cdf7f000-0x00000000cdffefff] ACPI data
[    0.000000] BIOS-e820: [mem 0x00000000cdfff000-0x00000000cdffffff] usable
[    0.000000] BIOS-e820: [mem 0x00000000ce000000-0x00000000ceffffff] reserved
[    0.000000] BIOS-e820: [mem 0x00000000f8000000-0x00000000fbffffff] reserved
[    0.000000] BIOS-e820: [mem 0x00000000fde00000-0x00000000fdefffff] reserved
[    0.000000] BIOS-e820: [mem 0x00000000fec00000-0x00000000fec00fff] reserved
[    0.000000] BIOS-e820: [mem 0x00000000fec10000-0x00000000fec10fff] reserved
[    0.000000] BIOS-e820: [mem 0x00000000fed80000-0x00000000fed80fff] reserved
[    0.000000] BIOS-e820: [mem 0x00000000fee00000-0x00000000fee00fff] reserved
[    0.000000] BIOS-e820: [mem 0x00000000ff000000-0x00000000fff1ffff] reserved
[    0.000000] BIOS-e820: [mem 0x0000000100000000-0x000000020f33ffff] usable
[    0.000000] BIOS-e820: [mem 0x000000020f340000-0x000000022fffffff] reserved
[    0.000000] NX (Execute Disable) protection: active
[    0.000000] e820: update [mem 0xb5096018-0xb50b5e57] usable ==> usable
[    0.000000] e820: update [mem 0xb5096018-0xb50b5e57] usable ==> usable
[    0.000000] e820: update [mem 0xb5087018-0xb5095057] usable ==> usable
[    0.000000] e820: update [mem 0xb5087018-0xb5095057] usable ==> usable
[    0.000000] e820: update [mem 0xb5079018-0xb5086457] usable ==> usable
[    0.000000] e820: update [mem 0xb5079018-0xb5086457] usable ==> usable
[    0.000000] extended physical RAM map:
[    0.000000] reserve setup_data: [mem 0x0000000000000000-0x000000000009efff] usable
[    0.000000] reserve setup_data: [mem 0x000000000009f000-0x00000000000bffff] reserved
[    0.000000] reserve setup_data: [mem 0x0000000000100000-0x0000000009afffff] usable
[    0.000000] reserve setup_data: [mem 0x0000000009b00000-0x0000000009dfffff] reserved
[    0.000000] reserve setup_data: [mem 0x0000000009e00000-0x0000000009efffff] usable
[    0.000000] reserve setup_data: [mem 0x0000000009f00000-0x0000000009f0cfff] ACPI NVS
[    0.000000] reserve setup_data: [mem 0x0000000009f0d000-0x00000000b5079017] usable
[    0.000000] reserve setup_data: [mem 0x00000000b5079018-0x00000000b5086457] usable
[    0.000000] reserve setup_data: [mem 0x00000000b5086458-0x00000000b5087017] usable
[    0.000000] reserve setup_data: [mem 0x00000000b5087018-0x00000000b5095057] usable
[    0.000000] reserve setup_data: [mem 0x00000000b5095058-0x00000000b5096017] usable
[    0.000000] reserve setup_data: [mem 0x00000000b5096018-0x00000000b50b5e57] usable
[    0.000000] reserve setup_data: [mem 0x00000000b50b5e58-0x00000000bab68fff] usable
[    0.000000] reserve setup_data: [mem 0x00000000bab69000-0x00000000bbd68fff] reserved
[    0.000000] reserve setup_data: [mem 0x00000000bbd69000-0x00000000c9f7efff] usable
[    0.000000] reserve setup_data: [mem 0x00000000c9f7f000-0x00000000ccf7efff] reserved
[    0.000000] reserve setup_data: [mem 0x00000000ccf7f000-0x00000000cdf7efff] ACPI NVS
[    0.000000] reserve setup_data: [mem 0x00000000cdf7f000-0x00000000cdffefff] ACPI data
[    0.000000] reserve setup_data: [mem 0x00000000cdfff000-0x00000000cdffffff] usable
[    0.000000] reserve setup_data: [mem 0x00000000ce000000-0x00000000ceffffff] reserved
[    0.000000] reserve setup_data: [mem 0x00000000f8000000-0x00000000fbffffff] reserved
[    0.000000] reserve setup_data: [mem 0x00000000fde00000-0x00000000fdefffff] reserved
[    0.000000] reserve setup_data: [mem 0x00000000fec00000-0x00000000fec00fff] reserved
[    0.000000] reserve setup_data: [mem 0x00000000fec10000-0x00000000fec10fff] reserved
[    0.000000] reserve setup_data: [mem 0x00000000fed80000-0x00000000fed80fff] reserved
[    0.000000] reserve setup_data: [mem 0x00000000fee00000-0x00000000fee00fff] reserved
[    0.000000] reserve setup_data: [mem 0x00000000ff000000-0x00000000fff1ffff] reserved
[    0.000000] reserve setup_data: [mem 0x0000000100000000-0x000000020f33ffff] usable
[    0.000000] reserve setup_data: [mem 0x000000020f340000-0x000000022fffffff] reserved
[    0.000000] efi: EFI v2.70 by INSYDE Corp.
[    0.000000] efi: ACPI=0xcdffe000 ACPI 2.0=0xcdffe014 TPMFinalLog=0xcdedc000 SMBIOS=0xcb70d000 SMBIOS 3.0=0xcb70b000 ESRT=0xb6209b18 MEMATTR=0xb50c6018 RNG=0xcb708118 TPMEventLog=0xb50b6018 
[    0.000000] efi: seeding entropy pool
[    0.000000] random: fast init done
[    0.000000] SMBIOS 3.2.0 present.
[    0.000000] DMI: LENOVO 82B5/LNVNB161216, BIOS EUCN28WW 10/20/2020
[    0.000000] tsc: Fast TSC calibration using PIT
[    0.000000] tsc: Detected 2894.509 MHz processor
[    0.000349] e820: update [mem 0x00000000-0x00000fff] usable ==> reserved
[    0.000350] e820: remove [mem 0x000a0000-0x000fffff] usable
[    0.000355] last_pfn = 0x20f340 max_arch_pfn = 0x400000000
[    0.000359] MTRR default type: uncachable
[    0.000360] MTRR fixed ranges enabled:
[    0.000361]   00000-9FFFF write-back
[    0.000361]   A0000-BFFFF uncachable
[    0.000362]   C0000-DFFFF write-through
[    0.000362]   E0000-FFFFF uncachable
[    0.000363] MTRR variable ranges enabled:
[    0.000364]   0 base 000000000000 mask FFFF80000000 write-back
[    0.000364]   1 base 000080000000 mask FFFFC0000000 write-back
[    0.000365]   2 base 0000C0000000 mask FFFFF0000000 write-back
[    0.000365]   3 base 0000FF000000 mask FFFFFF000000 write-protect
[    0.000366]   4 disabled
[    0.000366]   5 disabled
[    0.000366]   6 disabled
[    0.000367]   7 disabled
[    0.000367] TOM2: 0000000230000000 aka 8960M
[    0.000662] x86/PAT: Configuration [0-7]: WB  WC  UC- UC  WB  WP  UC- WT  
[    0.000763] last_pfn = 0xce000 max_arch_pfn = 0x400000000
[    0.004711] esrt: Reserving ESRT space from 0x00000000b6209b18 to 0x00000000b6209b78.
[    0.004716] e820: update [mem 0xb6209000-0xb6209fff] usable ==> reserved
[    0.004733] check: Scanning 1 areas for low memory corruption
[    0.004737] Using GB pages for direct mapping
[    0.005214] Secure boot enabled
[    0.005215] RAMDISK: [mem 0x3f10f000-0x3fffafff]
[    0.005225] ACPI: Early table checksum verification disabled
[    0.005228] ACPI: RSDP 0x00000000CDFFE014 000024 (v02 LENOVO)
[    0.005231] ACPI: XSDT 0x00000000CDFC5188 000124 (v01 LENOVO CB-01    00000001      01000013)
[    0.005235] ACPI: FACP 0x00000000CDFEC000 00010C (v05 LENOVO CB-01    00000001      01000013)
[    0.005239] ACPI: DSDT 0x00000000CDFD9000 00F8C1 (v01 LENOVO CB-01    00000001      01000013)
[    0.005241] ACPI: FACS 0x00000000CDED9000 000040
[    0.005243] ACPI: UEFI 0x00000000CDF7E000 000236 (v01 LENOVO CB-01    00000001 ACPI 00040000)
[    0.005245] ACPI: SSDT 0x00000000CDFFC000 000C5D (v01 LENOVO CB-01    00000001 INTL 20130117)
[    0.005246] ACPI: SSDT 0x00000000CDFF4000 007216 (v02 LENOVO CB-01    00000001 MSFT 04000000)
[    0.005248] ACPI: IVRS 0x00000000CDFF3000 0001A4 (v02 LENOVO CB-01    00000001 AMD  00000000)
[    0.005250] ACPI: SSDT 0x00000000CDFF2000 000228 (v01 LENOVO CB-01    00000001 INTL 20130117)
[    0.005252] ACPI: SSDT 0x00000000CDFF1000 00047E (v01 LENOVO CB-01    00000001 INTL 20130117)
[    0.005254] ACPI: TPM2 0x00000000CDFF0000 000034 (v04 LENOVO CB-01    00000001      01000013)
[    0.005255] ACPI: MSDM 0x00000000CDFEF000 000055 (v03 LENOVO CB-01    00000001 ACPI 00040000)
[    0.005257] ACPI: ASF! 0x00000000CDFEE000 0000A5 (v32 LENOVO CB-01    00000001      01000013)
[    0.005259] ACPI: BOOT 0x00000000CDFED000 000028 (v01 LENOVO CB-01    00000001      01000013)
[    0.005261] ACPI: HPET 0x00000000CDFEB000 000038 (v01 LENOVO CB-01    00000001      01000013)
[    0.005262] ACPI: APIC 0x00000000CDFEA000 000138 (v03 LENOVO CB-01    00000001      01000013)
[    0.005264] ACPI: MCFG 0x00000000CDFE9000 00003C (v01 LENOVO CB-01    00000001      01000013)
[    0.005266] ACPI: SSDT 0x00000000CDFD8000 000080 (v01 LENOVO CB-01    00000001      01000013)
[    0.005268] ACPI: SSDT 0x00000000CDFD7000 000D0C (v01 LENOVO CB-01    00000001 INTL 20130117)
[    0.005269] ACPI: VFCT 0x00000000CDFC9000 00D484 (v01 LENOVO CB-01    00000001 AMD  31504F47)
[    0.005271] ACPI: SSDT 0x00000000CDFC8000 00005C (v02 LENOVO CB-01    00000001 INTL 20160527)
[    0.005273] ACPI: SSDT 0x00000000CDFC7000 00005C (v02 LENOVO CB-01    00000001 INTL 20160527)
[    0.005275] ACPI: SSDT 0x00000000CDFC6000 0000F8 (v01 LENOVO CB-01    00000001 INTL 20130117)
[    0.005277] ACPI: SSDT 0x00000000CDFC1000 0039F4 (v01 LENOVO CB-01    00000001 AMD  00000001)
[    0.005278] ACPI: CRAT 0x00000000CDFFD000 000F28 (v01 LENOVO CB-01    00000001 AMD  00000001)
[    0.005280] ACPI: CDIT 0x00000000CDFC0000 000029 (v01 LENOVO CB-01    00000001 AMD  00000001)
[    0.005282] ACPI: SSDT 0x00000000CDFBF000 00028D (v01 LENOVO CB-01    00000001 INTL 20130117)
[    0.005284] ACPI: SSDT 0x00000000CDFBE000 000D37 (v01 LENOVO CB-01    00000001 INTL 20130117)
[    0.005285] ACPI: SSDT 0x00000000CDFBC000 0010A5 (v01 LENOVO CB-01    00000001 INTL 20130117)
[    0.005287] ACPI: SSDT 0x00000000CDFB8000 0030C8 (v01 LENOVO CB-01    00000001 INTL 20130117)
[    0.005289] ACPI: FPDT 0x00000000CDFB7000 000044 (v01 LENOVO CB-01    00000001      01000013)
[    0.005290] ACPI: WSMT 0x00000000CDFB5000 000028 (v01 LENOVO CB-01    00000001 ACPI 00040000)
[    0.005292] ACPI: SSDT 0x00000000CDFB4000 00007D (v01 LENOVO CB-01    00000001 INTL 20130117)
[    0.005294] ACPI: SSDT 0x00000000CDFB3000 000517 (v01 LENOVO CB-01    00000001 INTL 20130117)
[    0.005296] ACPI: BGRT 0x00000000CDFB6000 000038 (v01 LENOVO CB-01    00000001 ACPI 00040000)
[    0.005301] ACPI: Local APIC address 0xfee00000
[    0.005347] No NUMA configuration found
[    0.005347] Faking a node at [mem 0x0000000000000000-0x000000020f33ffff]
[    0.005352] NODE_DATA(0) allocated [mem 0x20f32a000-0x20f33ffff]
[    0.005386] Zone ranges:
[    0.005387]   DMA      [mem 0x0000000000001000-0x0000000000ffffff]
[    0.005388]   DMA32    [mem 0x0000000001000000-0x00000000ffffffff]
[    0.005389]   Normal   [mem 0x0000000100000000-0x000000020f33ffff]
[    0.005390]   Device   empty
[    0.005390] Movable zone start for each node
[    0.005391] Early memory node ranges
[    0.005392]   node   0: [mem 0x0000000000001000-0x000000000009efff]
[    0.005392]   node   0: [mem 0x0000000000100000-0x0000000009afffff]
[    0.005393]   node   0: [mem 0x0000000009e00000-0x0000000009efffff]
[    0.005393]   node   0: [mem 0x0000000009f0d000-0x00000000bab68fff]
[    0.005394]   node   0: [mem 0x00000000bbd69000-0x00000000c9f7efff]
[    0.005394]   node   0: [mem 0x00000000cdfff000-0x00000000cdffffff]
[    0.005394]   node   0: [mem 0x0000000100000000-0x000000020f33ffff]
[    0.005577] Zeroed struct page in unavailable ranges: 33455 pages
[    0.005578] Initmem setup node 0 [mem 0x0000000000001000-0x000000020f33ffff]
[    0.005579] On node 0 totalpages: 1932625
[    0.005580]   DMA zone: 64 pages used for memmap
[    0.005580]   DMA zone: 23 pages reserved
[    0.005581]   DMA zone: 3998 pages, LIFO batch:0
[    0.005605]   DMA32 zone: 12778 pages used for memmap
[    0.005606]   DMA32 zone: 817779 pages, LIFO batch:63
[    0.013424]   Normal zone: 17357 pages used for memmap
[    0.013427]   Normal zone: 1110848 pages, LIFO batch:63
[    0.014234] ACPI: PM-Timer IO Port: 0x408
[    0.014235] ACPI: Local APIC address 0xfee00000
[    0.014241] ACPI: LAPIC_NMI (acpi_id[0x00] high edge lint[0x1])
[    0.014241] ACPI: LAPIC_NMI (acpi_id[0x01] high edge lint[0x1])
[    0.014242] ACPI: LAPIC_NMI (acpi_id[0x02] high edge lint[0x1])
[    0.014242] ACPI: LAPIC_NMI (acpi_id[0x03] high edge lint[0x1])
[    0.014242] ACPI: LAPIC_NMI (acpi_id[0x04] high edge lint[0x1])
[    0.014243] ACPI: LAPIC_NMI (acpi_id[0x05] high edge lint[0x1])
[    0.014243] ACPI: LAPIC_NMI (acpi_id[0x06] high edge lint[0x1])
[    0.014244] ACPI: LAPIC_NMI (acpi_id[0x07] high edge lint[0x1])
[    0.014244] ACPI: LAPIC_NMI (acpi_id[0x08] high edge lint[0x1])
[    0.014244] ACPI: LAPIC_NMI (acpi_id[0x09] high edge lint[0x1])
[    0.014245] ACPI: LAPIC_NMI (acpi_id[0x0a] high edge lint[0x1])
[    0.014245] ACPI: LAPIC_NMI (acpi_id[0x0b] high edge lint[0x1])
[    0.014245] ACPI: LAPIC_NMI (acpi_id[0x0c] high edge lint[0x1])
[    0.014246] ACPI: LAPIC_NMI (acpi_id[0x0d] high edge lint[0x1])
[    0.014246] ACPI: LAPIC_NMI (acpi_id[0x0e] high edge lint[0x1])
[    0.014247] ACPI: LAPIC_NMI (acpi_id[0x0f] high edge lint[0x1])
[    0.014260] IOAPIC[0]: apic_id 33, version 33, address 0xfec00000, GSI 0-23
[    0.014264] IOAPIC[1]: apic_id 34, version 33, address 0xfec01000, GSI 24-55
[    0.014265] ACPI: INT_SRC_OVR (bus 0 bus_irq 0 global_irq 2 dfl dfl)
[    0.014266] ACPI: INT_SRC_OVR (bus 0 bus_irq 9 global_irq 9 low level)
[    0.014267] ACPI: IRQ0 used by override.
[    0.014268] ACPI: IRQ9 used by override.
[    0.014269] Using ACPI (MADT) for SMP configuration information
[    0.014270] ACPI: HPET id: 0x10228210 base: 0xfed00000
[    0.014279] e820: update [mem 0xb43c0000-0xb49aefff] usable ==> reserved
[    0.014287] smpboot: Allowing 16 CPUs, 0 hotplug CPUs
[    0.014307] PM: hibernation: Registered nosave memory: [mem 0x00000000-0x00000fff]
[    0.014308] PM: hibernation: Registered nosave memory: [mem 0x0009f000-0x000bffff]
[    0.014309] PM: hibernation: Registered nosave memory: [mem 0x000c0000-0x000fffff]
[    0.014310] PM: hibernation: Registered nosave memory: [mem 0x09b00000-0x09dfffff]
[    0.014311] PM: hibernation: Registered nosave memory: [mem 0x09f00000-0x09f0cfff]
[    0.014312] PM: hibernation: Registered nosave memory: [mem 0xb43c0000-0xb49aefff]
[    0.014313] PM: hibernation: Registered nosave memory: [mem 0xb5079000-0xb5079fff]
[    0.014314] PM: hibernation: Registered nosave memory: [mem 0xb5086000-0xb5086fff]
[    0.014314] PM: hibernation: Registered nosave memory: [mem 0xb5087000-0xb5087fff]
[    0.014315] PM: hibernation: Registered nosave memory: [mem 0xb5095000-0xb5095fff]
[    0.014316] PM: hibernation: Registered nosave memory: [mem 0xb5096000-0xb5096fff]
[    0.014317] PM: hibernation: Registered nosave memory: [mem 0xb50b5000-0xb50b5fff]
[    0.014318] PM: hibernation: Registered nosave memory: [mem 0xb6209000-0xb6209fff]
[    0.014319] PM: hibernation: Registered nosave memory: [mem 0xbab69000-0xbbd68fff]
[    0.014320] PM: hibernation: Registered nosave memory: [mem 0xc9f7f000-0xccf7efff]
[    0.014321] PM: hibernation: Registered nosave memory: [mem 0xccf7f000-0xcdf7efff]
[    0.014321] PM: hibernation: Registered nosave memory: [mem 0xcdf7f000-0xcdffefff]
[    0.014322] PM: hibernation: Registered nosave memory: [mem 0xce000000-0xceffffff]
[    0.014322] PM: hibernation: Registered nosave memory: [mem 0xcf000000-0xf7ffffff]
[    0.014323] PM: hibernation: Registered nosave memory: [mem 0xf8000000-0xfbffffff]
[    0.014323] PM: hibernation: Registered nosave memory: [mem 0xfc000000-0xfddfffff]
[    0.014323] PM: hibernation: Registered nosave memory: [mem 0xfde00000-0xfdefffff]
[    0.014324] PM: hibernation: Registered nosave memory: [mem 0xfdf00000-0xfebfffff]
[    0.014324] PM: hibernation: Registered nosave memory: [mem 0xfec00000-0xfec00fff]
[    0.014324] PM: hibernation: Registered nosave memory: [mem 0xfec01000-0xfec0ffff]
[    0.014325] PM: hibernation: Registered nosave memory: [mem 0xfec10000-0xfec10fff]
[    0.014325] PM: hibernation: Registered nosave memory: [mem 0xfec11000-0xfed7ffff]
[    0.014325] PM: hibernation: Registered nosave memory: [mem 0xfed80000-0xfed80fff]
[    0.014326] PM: hibernation: Registered nosave memory: [mem 0xfed81000-0xfedfffff]
[    0.014326] PM: hibernation: Registered nosave memory: [mem 0xfee00000-0xfee00fff]
[    0.014326] PM: hibernation: Registered nosave memory: [mem 0xfee01000-0xfeffffff]
[    0.014327] PM: hibernation: Registered nosave memory: [mem 0xff000000-0xfff1ffff]
[    0.014327] PM: hibernation: Registered nosave memory: [mem 0xfff20000-0xffffffff]
[    0.014329] [mem 0xcf000000-0xf7ffffff] available for PCI devices
[    0.014330] Booting paravirtualized kernel on bare hardware
[    0.014333] clocksource: refined-jiffies: mask: 0xffffffff max_cycles: 0xffffffff, max_idle_ns: 7645519600211568 ns
[    0.017654] setup_percpu: NR_CPUS:512 nr_cpumask_bits:512 nr_cpu_ids:16 nr_node_ids:1
[    0.018460] percpu: Embedded 58 pages/cpu s200704 r8192 d28672 u262144
[    0.018466] pcpu-alloc: s200704 r8192 d28672 u262144 alloc=1*2097152
[    0.018468] pcpu-alloc: [0] 00 01 02 03 04 05 06 07 [0] 08 09 10 11 12 13 14 15 
[    0.018490] Built 1 zonelists, mobility grouping on.  Total pages: 1902403
[    0.018490] Policy zone: Normal
[    0.018491] Kernel command line: BOOT_IMAGE=/boot/vmlinuz-5.10.9-1-default root=UUID=ca37cd4c-3972-4adc-8bc0-4ef58521a319 splash=silent resume=/dev/disk/by-uuid/d4a44229-f984-4439-bba3-022698f6b4af quiet mitigations=auto
[    0.018527] printk: log_buf_len individual max cpu contribution: 32768 bytes
[    0.018527] printk: log_buf_len total cpu_extra contributions: 491520 bytes
[    0.018528] printk: log_buf_len min size: 262144 bytes
[    0.019364] printk: log_buf_len: 1048576 bytes
[    0.019365] printk: early log buf free: 244576(93%)
[    0.020557] Dentry cache hash table entries: 1048576 (order: 11, 8388608 bytes, linear)
[    0.021199] Inode-cache hash table entries: 524288 (order: 10, 4194304 bytes, linear)
[    0.021242] mem auto-init: stack:off, heap alloc:off, heap free:off
[    0.041780] Memory: 3158100K/7730500K available (14344K kernel code, 2573K rwdata, 8460K rodata, 2092K init, 13672K bss, 403864K reserved, 0K cma-reserved)
[    0.041789] random: get_random_u64 called from __kmem_cache_create+0x28/0x520 with crng_init=1
[    0.041908] SLUB: HWalign=64, Order=0-3, MinObjects=0, CPUs=16, Nodes=1
[    0.041919] ftrace: allocating 41211 entries in 161 pages
[    0.051541] ftrace: allocated 161 pages with 3 groups
[    0.051652] rcu: Hierarchical RCU implementation.
[    0.051652] rcu: 	RCU event tracing is enabled.
[    0.051653] rcu: 	RCU restricting CPUs from NR_CPUS=512 to nr_cpu_ids=16.
[    0.051653] 	Trampoline variant of Tasks RCU enabled.
[    0.051654] 	Rude variant of Tasks RCU enabled.
[    0.051654] 	Tracing variant of Tasks RCU enabled.
[    0.051654] rcu: RCU calculated value of scheduler-enlistment delay is 25 jiffies.
[    0.051655] rcu: Adjusting geometry for rcu_fanout_leaf=16, nr_cpu_ids=16
[    0.054097] NR_IRQS: 33024, nr_irqs: 1096, preallocated irqs: 16
[    0.054412] random: crng done (trusting CPU's manufacturer)
[    0.054433] Console: colour dummy device 80x25
[    0.054443] printk: console [tty0] enabled
[    0.054457] ACPI: Core revision 20200925
[    0.054647] clocksource: hpet: mask: 0xffffffff max_cycles: 0xffffffff, max_idle_ns: 133484873504 ns
[    0.054664] APIC: Switch to symmetric I/O mode setup
[    0.055368] AMD-Vi: ivrs, add hid:AMDI0020, uid:\_SB.FUR0, rdevid:160
[    0.055368] AMD-Vi: ivrs, add hid:AMDI0020, uid:\_SB.FUR1, rdevid:160
[    0.055369] AMD-Vi: ivrs, add hid:AMDI0020, uid:\_SB.FUR2, rdevid:160
[    0.055370] AMD-Vi: ivrs, add hid:AMDI0020, uid:\_SB.FUR3, rdevid:160
[    0.151225] Switched APIC routing to physical flat.
[    0.151942] ..TIMER: vector=0x30 apic1=0 pin1=2 apic2=-1 pin2=-1
[    0.170672] clocksource: tsc-early: mask: 0xffffffffffffffff max_cycles: 0x29b8ffcb8a8, max_idle_ns: 440795266789 ns
[    0.170678] Calibrating delay loop (skipped), value calculated using timer frequency.. 5789.01 BogoMIPS (lpj=11578036)
[    0.170680] pid_max: default: 32768 minimum: 301
[    0.174734] LSM: Security Framework initializing
[    0.174775] AppArmor: AppArmor initialized
[    0.174830] Mount-cache hash table entries: 16384 (order: 5, 131072 bytes, linear)
[    0.174847] Mountpoint-cache hash table entries: 16384 (order: 5, 131072 bytes, linear)
[    0.175113] x86/cpu: User Mode Instruction Prevention (UMIP) activated
[    0.175169] LVT offset 1 assigned for vector 0xf9
[    0.175265] LVT offset 2 assigned for vector 0xf4
[    0.175289] Last level iTLB entries: 4KB 1024, 2MB 1024, 4MB 512
[    0.175289] Last level dTLB entries: 4KB 2048, 2MB 2048, 4MB 1024, 1GB 0
[    0.175293] Spectre V1 : Mitigation: usercopy/swapgs barriers and __user pointer sanitization
[    0.175296] Spectre V2 : Mitigation: Full AMD retpoline
[    0.175296] Spectre V2 : Spectre v2 / SpectreRSB mitigation: Filling RSB on context switch
[    0.175297] Spectre V2 : Enabling Restricted Speculation for firmware calls
[    0.175298] Spectre V2 : mitigation: Enabling conditional Indirect Branch Prediction Barrier
[    0.175299] Spectre V2 : User space: Mitigation: STIBP via seccomp and prctl
[    0.175300] Speculative Store Bypass: Mitigation: Speculative Store Bypass disabled via prctl and seccomp
[    0.175583] Freeing SMP alternatives memory: 36K
[    0.286817] smpboot: CPU0: AMD Ryzen 7 4800H with Radeon Graphics (family: 0x17, model: 0x60, stepping: 0x1)
[    0.286992] Performance Events: Fam17h+ core perfctr, AMD PMU driver.
[    0.286997] ... version:                0
[    0.286997] ... bit width:              48
[    0.286998] ... generic registers:      6
[    0.286998] ... value mask:             0000ffffffffffff
[    0.286998] ... max period:             00007fffffffffff
[    0.286999] ... fixed-purpose events:   0
[    0.286999] ... event mask:             000000000000003f
[    0.287054] rcu: Hierarchical SRCU implementation.
[    0.287379] NMI watchdog: Enabled. Permanently consumes one hw-PMU counter.
[    0.287523] smp: Bringing up secondary CPUs ...
[    0.287597] x86: Booting SMP configuration:
[    0.287598] .... node  #0, CPUs:        #1  #2  #3  #4  #5  #6  #7  #8
[    0.304998] TSC synchronization [CPU#0 -> CPU#8]:
[    0.304999] Measured 4727 cycles TSC warp between CPUs, turning off TSC clock.
[    0.305000] tsc: Marking TSC unstable due to check_tsc_sync_source failed
[    0.305002]   #9 #10 #11 #12 #13 #14 #15
[    0.306956] smp: Brought up 1 node, 16 CPUs
[    0.306956] smpboot: Max logical packages: 1
[    0.306956] smpboot: Total of 16 processors activated (92624.28 BogoMIPS)
[    0.317918] node 0 deferred pages initialised in 8ms
[    0.318719] devtmpfs: initialized
[    0.318736] x86/mm: Memory block size: 128MB
[    0.319462] PM: Registering ACPI NVS region [mem 0x09f00000-0x09f0cfff] (53248 bytes)
[    0.319462] PM: Registering ACPI NVS region [mem 0xccf7f000-0xcdf7efff] (16777216 bytes)
[    0.319462] clocksource: jiffies: mask: 0xffffffff max_cycles: 0xffffffff, max_idle_ns: 7645041785100000 ns
[    0.319462] futex hash table entries: 4096 (order: 6, 262144 bytes, linear)
[    0.319462] pinctrl core: initialized pinctrl subsystem
[    0.319462] PM: RTC time: 02:22:37, date: 2021-02-03
[    0.319561] NET: Registered protocol family 16
[    0.319617] DMA: preallocated 1024 KiB GFP_KERNEL pool for atomic allocations
[    0.319622] DMA: preallocated 1024 KiB GFP_KERNEL|GFP_DMA pool for atomic allocations
[    0.319625] DMA: preallocated 1024 KiB GFP_KERNEL|GFP_DMA32 pool for atomic allocations
[    0.319630] audit: initializing netlink subsys (disabled)
[    0.319634] audit: type=2000 audit(1612318957.172:1): state=initialized audit_enabled=0 res=1
[    0.319634] thermal_sys: Registered thermal governor 'fair_share'
[    0.319634] thermal_sys: Registered thermal governor 'bang_bang'
[    0.319634] thermal_sys: Registered thermal governor 'step_wise'
[    0.319634] thermal_sys: Registered thermal governor 'user_space'
[    0.319634] cpuidle: using governor ladder
[    0.319634] cpuidle: using governor menu
[    0.319634] Simple Boot Flag at 0x44 set to 0x1
[    0.319634] ACPI: bus type PCI registered
[    0.319634] acpiphp: ACPI Hot Plug PCI Controller Driver version: 0.5
[    0.319634] PCI: MMCONFIG for domain 0000 [bus 00-3f] at [mem 0xf8000000-0xfbffffff] (base 0xf8000000)
[    0.319634] PCI: MMCONFIG at [mem 0xf8000000-0xfbffffff] reserved in E820
[    0.319634] PCI: Using configuration type 1 for base access
[    0.322760] HugeTLB registered 1.00 GiB page size, pre-allocated 0 pages
[    0.322760] HugeTLB registered 2.00 MiB page size, pre-allocated 0 pages
[    0.326716] ACPI: Added _OSI(Module Device)
[    0.326717] ACPI: Added _OSI(Processor Device)
[    0.326717] ACPI: Added _OSI(3.0 _SCP Extensions)
[    0.326717] ACPI: Added _OSI(Processor Aggregator Device)
[    0.326718] ACPI: Added _OSI(Linux-Dell-Video)
[    0.326718] ACPI: Added _OSI(Linux-Lenovo-NV-HDMI-Audio)
[    0.326719] ACPI: Added _OSI(Linux-HPI-Hybrid-Graphics)
[    0.336593] ACPI: 16 ACPI AML tables successfully acquired and loaded
[    0.337780] ACPI: [Firmware Bug]: BIOS _OSI(Linux) query ignored
[    0.339486] ACPI: EC: EC started
[    0.339486] ACPI: EC: interrupt blocked
[    0.358806] ACPI: EC: EC_CMD/EC_SC=0x66, EC_DATA=0x62
[    0.358812] ACPI: \_SB_.PCI0.LPC0.EC0_: Boot DSDT EC used to handle transactions
[    0.358813] ACPI: Interpreter enabled
[    0.358849] ACPI: (supports S0 S3 S4 S5)
[    0.358851] ACPI: Using IOAPIC for interrupt routing
[    0.359216] PCI: Using host bridge windows from ACPI; if necessary, use "pci=nocrs" and report a bug
[    0.359898] ACPI: Enabled 4 GPEs in block 00 to 1F
[    0.360599] ACPI: Power Resource [PG00] (on)
[    0.384750] ACPI: Power Resource [P0S0] (on)
[    0.384768] ACPI: Power Resource [P3S0] (on)
[    0.384848] ACPI: Power Resource [P0S1] (on)
[    0.384865] ACPI: Power Resource [P3S1] (on)
[    0.389801] ACPI: PCI Root Bridge [PCI0] (domain 0000 [bus 00-ff])
[    0.389805] acpi PNP0A08:00: _OSC: OS supports [ExtendedConfig ASPM ClockPM Segments MSI EDR HPX-Type3]
[    0.389920] acpi PNP0A08:00: _OSC: platform does not support [SHPCHotplug LTR DPC]
[    0.390028] acpi PNP0A08:00: _OSC: OS now controls [PCIeHotplug PME AER PCIeCapability]
[    0.390037] acpi PNP0A08:00: [Firmware Info]: MMCONFIG for domain 0000 [bus 00-3f] only partially covers this bridge
[    0.390219] PCI host bridge to bus 0000:00
[    0.390220] pci_bus 0000:00: root bus resource [io  0x0000-0x0cf7 window]
[    0.390221] pci_bus 0000:00: root bus resource [io  0x0d00-0xffff window]
[    0.390222] pci_bus 0000:00: root bus resource [mem 0x000a0000-0x000bffff window]
[    0.390222] pci_bus 0000:00: root bus resource [mem 0x000c0000-0x000c3fff window]
[    0.390223] pci_bus 0000:00: root bus resource [mem 0x000c4000-0x000c7fff window]
[    0.390224] pci_bus 0000:00: root bus resource [mem 0x000c8000-0x000cbfff window]
[    0.390224] pci_bus 0000:00: root bus resource [mem 0x000cc000-0x000cffff window]
[    0.390225] pci_bus 0000:00: root bus resource [mem 0x000d0000-0x000d3fff window]
[    0.390225] pci_bus 0000:00: root bus resource [mem 0x000d4000-0x000d7fff window]
[    0.390226] pci_bus 0000:00: root bus resource [mem 0x000d8000-0x000dbfff window]
[    0.390226] pci_bus 0000:00: root bus resource [mem 0x000dc000-0x000dffff window]
[    0.390227] pci_bus 0000:00: root bus resource [mem 0x000e0000-0x000e3fff window]
[    0.390227] pci_bus 0000:00: root bus resource [mem 0x000e4000-0x000e7fff window]
[    0.390228] pci_bus 0000:00: root bus resource [mem 0x000e8000-0x000ebfff window]
[    0.390228] pci_bus 0000:00: root bus resource [mem 0x000ec000-0x000effff window]
[    0.390229] pci_bus 0000:00: root bus resource [mem 0xd0000000-0xf7ffffff window]
[    0.390229] pci_bus 0000:00: root bus resource [mem 0xfc000000-0xfed3ffff window]
[    0.390230] pci_bus 0000:00: root bus resource [mem 0x250200000-0xfcffffffff window]
[    0.390231] pci_bus 0000:00: root bus resource [bus 00-ff]
[    0.390240] pci 0000:00:00.0: [1022:1630] type 00 class 0x060000
[    0.390305] pci 0000:00:00.2: [1022:1631] type 00 class 0x080600
[    0.390372] pci 0000:00:01.0: [1022:1632] type 00 class 0x060000
[    0.390422] pci 0000:00:01.1: [1022:1633] type 01 class 0x060400
[    0.390475] pci 0000:00:01.1: PME# supported from D0 D3hot D3cold
[    0.390554] pci 0000:00:01.2: [1022:1634] type 01 class 0x060400
[    0.390606] pci 0000:00:01.2: PME# supported from D0 D3hot D3cold
[    0.390692] pci 0000:00:02.0: [1022:1632] type 00 class 0x060000
[    0.390744] pci 0000:00:02.1: [1022:1634] type 01 class 0x060400
[    0.390796] pci 0000:00:02.1: PME# supported from D0 D3hot D3cold
[    0.390867] pci 0000:00:02.2: [1022:1634] type 01 class 0x060400
[    0.390919] pci 0000:00:02.2: PME# supported from D0 D3hot D3cold
[    0.391001] pci 0000:00:08.0: [1022:1632] type 00 class 0x060000
[    0.391051] pci 0000:00:08.1: [1022:1635] type 01 class 0x060400
[    0.391070] pci 0000:00:08.1: enabling Extended Tags
[    0.391096] pci 0000:00:08.1: PME# supported from D0 D3hot D3cold
[    0.391155] pci 0000:00:08.2: [1022:1635] type 01 class 0x060400
[    0.391173] pci 0000:00:08.2: enabling Extended Tags
[    0.391199] pci 0000:00:08.2: PME# supported from D0 D3hot D3cold
[    0.391283] pci 0000:00:14.0: [1022:790b] type 00 class 0x0c0500
[    0.391388] pci 0000:00:14.3: [1022:790e] type 00 class 0x060100
[    0.391495] pci 0000:00:18.0: [1022:1448] type 00 class 0x060000
[    0.391523] pci 0000:00:18.1: [1022:1449] type 00 class 0x060000
[    0.391552] pci 0000:00:18.2: [1022:144a] type 00 class 0x060000
[    0.391580] pci 0000:00:18.3: [1022:144b] type 00 class 0x060000
[    0.391609] pci 0000:00:18.4: [1022:144c] type 00 class 0x060000
[    0.391637] pci 0000:00:18.5: [1022:144d] type 00 class 0x060000
[    0.391666] pci 0000:00:18.6: [1022:144e] type 00 class 0x060000
[    0.391694] pci 0000:00:18.7: [1022:144f] type 00 class 0x060000
[    0.391782] pci 0000:01:00.0: [10de:1f95] type 00 class 0x030000
[    0.391791] pci 0000:01:00.0: reg 0x10: [mem 0xd0000000-0xd0ffffff]
[    0.391799] pci 0000:01:00.0: reg 0x14: [mem 0xfcc0000000-0xfccfffffff 64bit pref]
[    0.391807] pci 0000:01:00.0: reg 0x1c: [mem 0xfcd0000000-0xfcd1ffffff 64bit pref]
[    0.391811] pci 0000:01:00.0: reg 0x24: [io  0x3000-0x307f]
[    0.391816] pci 0000:01:00.0: reg 0x30: [mem 0xfff80000-0xffffffff pref]
[    0.391867] pci 0000:01:00.0: PME# supported from D0 D3hot D3cold
[    0.391933] pci 0000:01:00.0: 63.008 Gb/s available PCIe bandwidth, limited by 8.0 GT/s PCIe x8 link at 0000:00:01.1 (capable of 126.016 Gb/s with 8.0 GT/s PCIe x16 link)
[    0.392046] pci 0000:01:00.1: [10de:10fa] type 00 class 0x040300
[    0.392055] pci 0000:01:00.1: reg 0x10: [mem 0xd1000000-0xd1003fff]
[    0.392158] pci 0000:00:01.1: PCI bridge to [bus 01]
[    0.392161] pci 0000:00:01.1:   bridge window [io  0x3000-0x3fff]
[    0.392162] pci 0000:00:01.1:   bridge window [mem 0xd0000000-0xd10fffff]
[    0.392164] pci 0000:00:01.1:   bridge window [mem 0xfcc0000000-0xfcd1ffffff 64bit pref]
[    0.392213] pci 0000:02:00.0: [1344:5405] type 00 class 0x010802
[    0.392225] pci 0000:02:00.0: reg 0x10: [mem 0xd1800000-0xd1803fff 64bit]
[    0.392366] pci 0000:00:01.2: PCI bridge to [bus 02]
[    0.392370] pci 0000:00:01.2:   bridge window [mem 0xd1800000-0xd18fffff]
[    0.392420] pci 0000:03:00.0: [10ec:8168] type 00 class 0x020000
[    0.392436] pci 0000:03:00.0: reg 0x10: [io  0x2000-0x20ff]
[    0.392457] pci 0000:03:00.0: reg 0x18: [mem 0xd1704000-0xd1704fff 64bit]
[    0.392469] pci 0000:03:00.0: reg 0x20: [mem 0xd1700000-0xd1703fff 64bit]
[    0.392555] pci 0000:03:00.0: supports D1 D2
[    0.392556] pci 0000:03:00.0: PME# supported from D0 D1 D2 D3hot D3cold
[    0.392674] pci 0000:00:02.1: PCI bridge to [bus 03]
[    0.392677] pci 0000:00:02.1:   bridge window [io  0x2000-0x2fff]
[    0.392678] pci 0000:00:02.1:   bridge window [mem 0xd1700000-0xd17fffff]
[    0.392937] pci 0000:04:00.0: [8086:2723] type 00 class 0x028000
[    0.392985] pci 0000:04:00.0: reg 0x10: [mem 0xd1600000-0xd1603fff 64bit]
[    0.393120] pci 0000:04:00.0: PME# supported from D0 D3hot D3cold
[    0.393498] pci 0000:00:02.2: PCI bridge to [bus 04]
[    0.393501] pci 0000:00:02.2:   bridge window [mem 0xd1600000-0xd16fffff]
[    0.393560] pci 0000:05:00.0: [1002:1636] type 00 class 0x030000
[    0.393569] pci 0000:05:00.0: reg 0x10: [mem 0xfce0000000-0xfcefffffff 64bit pref]
[    0.393576] pci 0000:05:00.0: reg 0x18: [mem 0xfcf0000000-0xfcf01fffff 64bit pref]
[    0.393580] pci 0000:05:00.0: reg 0x20: [io  0x1000-0x10ff]
[    0.393584] pci 0000:05:00.0: reg 0x24: [mem 0xd1500000-0xd157ffff]
[    0.393591] pci 0000:05:00.0: enabling Extended Tags
[    0.393600] pci 0000:05:00.0: BAR 0: assigned to efifb
[    0.393635] pci 0000:05:00.0: PME# supported from D1 D2 D3hot D3cold
[    0.393712] pci 0000:05:00.2: [1022:15df] type 00 class 0x108000
[    0.393724] pci 0000:05:00.2: reg 0x18: [mem 0xd1400000-0xd14fffff]
[    0.393732] pci 0000:05:00.2: reg 0x24: [mem 0xd15c8000-0xd15c9fff]
[    0.393737] pci 0000:05:00.2: enabling Extended Tags
[    0.393806] pci 0000:05:00.3: [1022:1639] type 00 class 0x0c0330
[    0.393815] pci 0000:05:00.3: reg 0x10: [mem 0xd1300000-0xd13fffff 64bit]
[    0.393836] pci 0000:05:00.3: enabling Extended Tags
[    0.393863] pci 0000:05:00.3: PME# supported from D0 D3hot D3cold
[    0.393909] pci 0000:05:00.4: [1022:1639] type 00 class 0x0c0330
[    0.393918] pci 0000:05:00.4: reg 0x10: [mem 0xd1200000-0xd12fffff 64bit]
[    0.393939] pci 0000:05:00.4: enabling Extended Tags
[    0.393966] pci 0000:05:00.4: PME# supported from D0 D3hot D3cold
[    0.394014] pci 0000:05:00.5: [1022:15e2] type 00 class 0x048000
[    0.394020] pci 0000:05:00.5: reg 0x10: [mem 0xd1580000-0xd15bffff]
[    0.394038] pci 0000:05:00.5: enabling Extended Tags
[    0.394063] pci 0000:05:00.5: PME# supported from D0 D3hot D3cold
[    0.394118] pci 0000:05:00.6: [1022:15e3] type 00 class 0x040300
[    0.394124] pci 0000:05:00.6: reg 0x10: [mem 0xd15c0000-0xd15c7fff]
[    0.394142] pci 0000:05:00.6: enabling Extended Tags
[    0.394167] pci 0000:05:00.6: PME# supported from D0 D3hot D3cold
[    0.394227] pci 0000:00:08.1: PCI bridge to [bus 05]
[    0.394229] pci 0000:00:08.1:   bridge window [io  0x1000-0x1fff]
[    0.394231] pci 0000:00:08.1:   bridge window [mem 0xd1200000-0xd15fffff]
[    0.394233] pci 0000:00:08.1:   bridge window [mem 0xfce0000000-0xfcf01fffff 64bit pref]
[    0.394271] pci 0000:06:00.0: [1022:7901] type 00 class 0x010601
[    0.394295] pci 0000:06:00.0: reg 0x24: [mem 0xd1101000-0xd11017ff]
[    0.394302] pci 0000:06:00.0: enabling Extended Tags
[    0.394388] pci 0000:06:00.1: [1022:7901] type 00 class 0x010601
[    0.394413] pci 0000:06:00.1: reg 0x24: [mem 0xd1100000-0xd11007ff]
[    0.394420] pci 0000:06:00.1: enabling Extended Tags
[    0.394489] pci 0000:00:08.2: PCI bridge to [bus 06]
[    0.394492] pci 0000:00:08.2:   bridge window [mem 0xd1100000-0xd11fffff]
[    0.394978] ACPI: PCI Interrupt Link [LNKA] (IRQs 3 5 6 10 11) *0, disabled.
[    0.395035] ACPI: PCI Interrupt Link [LNKB] (IRQs 3 5 6 10 11) *0, disabled.
[    0.395078] ACPI: PCI Interrupt Link [LNKC] (IRQs 3 5 6 10 11) *0, disabled.
[    0.395132] ACPI: PCI Interrupt Link [LNKD] (IRQs 3 5 6 10 11) *0, disabled.
[    0.395183] ACPI: PCI Interrupt Link [LNKE] (IRQs 3 5 6 10 11) *0, disabled.
[    0.395222] ACPI: PCI Interrupt Link [LNKF] (IRQs 3 5 6 10 11) *0, disabled.
[    0.395265] ACPI: PCI Interrupt Link [LNKG] (IRQs 3 5 6 10 11) *0, disabled.
[    0.395306] ACPI: PCI Interrupt Link [LNKH] (IRQs 3 5 6 10 11) *0, disabled.
[    0.395834] ACPI: EC: interrupt unblocked
[    0.395835] ACPI: EC: event unblocked
[    0.395840] ACPI: EC: EC_CMD/EC_SC=0x66, EC_DATA=0x62
[    0.395840] ACPI: EC: GPE=0x3
[    0.395841] ACPI: \_SB_.PCI0.LPC0.EC0_: Boot DSDT EC initialization complete
[    0.395841] ACPI: \_SB_.PCI0.LPC0.EC0_: EC: Used to handle transactions and events
[    0.395880] iommu: Default domain type: Passthrough 
[    0.395880] pci 0000:01:00.0: vgaarb: VGA device added: decodes=io+mem,owns=none,locks=none
[    0.395880] pci 0000:05:00.0: vgaarb: VGA device added: decodes=io+mem,owns=none,locks=none
[    0.395880] pci 0000:01:00.0: vgaarb: bridge control possible
[    0.395880] pci 0000:05:00.0: vgaarb: bridge control possible
[    0.395880] pci 0000:05:00.0: vgaarb: setting as boot device
[    0.395880] vgaarb: loaded
[    0.395880] SCSI subsystem initialized
[    0.395880] libata version 3.00 loaded.
[    0.398729] pps_core: LinuxPPS API ver. 1 registered
[    0.398730] pps_core: Software ver. 5.3.6 - Copyright 2005-2007 Rodolfo Giometti <giometti@linux.it>
[    0.398731] PTP clock support registered
[    0.398736] EDAC MC: Ver: 3.0.0
[    0.399052] Registered efivars operations
[    0.399052] NetLabel: Initializing
[    0.399052] NetLabel:  domain hash size = 128
[    0.399052] NetLabel:  protocols = UNLABELED CIPSOv4 CALIPSO
[    0.399052] NetLabel:  unlabeled traffic allowed by default
[    0.399052] PCI: Using ACPI for IRQ routing
[    0.400663] PCI: pci_cache_line_size set to 64 bytes
[    0.401149] e820: reserve RAM buffer [mem 0x0009f000-0x0009ffff]
[    0.401150] e820: reserve RAM buffer [mem 0x09b00000-0x0bffffff]
[    0.401151] e820: reserve RAM buffer [mem 0x09f00000-0x0bffffff]
[    0.401151] e820: reserve RAM buffer [mem 0xb43c0000-0xb7ffffff]
[    0.401152] e820: reserve RAM buffer [mem 0xb5079018-0xb7ffffff]
[    0.401152] e820: reserve RAM buffer [mem 0xb5087018-0xb7ffffff]
[    0.401153] e820: reserve RAM buffer [mem 0xb5096018-0xb7ffffff]
[    0.401154] e820: reserve RAM buffer [mem 0xb6209000-0xb7ffffff]
[    0.401154] e820: reserve RAM buffer [mem 0xbab69000-0xbbffffff]
[    0.401155] e820: reserve RAM buffer [mem 0xc9f7f000-0xcbffffff]
[    0.401155] e820: reserve RAM buffer [mem 0xce000000-0xcfffffff]
[    0.401155] e820: reserve RAM buffer [mem 0x20f340000-0x20fffffff]
[    0.402702] hpet0: at MMIO 0xfed00000, IRQs 2, 8, 0
[    0.402704] hpet0: 3 comparators, 32-bit 14.318180 MHz counter
[    0.403925] clocksource: Switched to clocksource hpet
[    0.411086] VFS: Disk quotas dquot_6.6.0
[    0.411100] VFS: Dquot-cache hash table entries: 512 (order 0, 4096 bytes)
[    0.411197] AppArmor: AppArmor Filesystem Enabled
[    0.411212] pnp: PnP ACPI init
[    0.411398] system 00:00: [mem 0xfec00000-0xfec01fff] could not be reserved
[    0.411400] system 00:00: [mem 0xfee00000-0xfee00fff] has been reserved
[    0.411400] system 00:00: [mem 0xfde00000-0xfdefffff] has been reserved
[    0.411405] system 00:00: Plug and Play ACPI device, IDs PNP0c02 (active)
[    0.411499] pnp 00:01: Plug and Play ACPI device, IDs PNP0b00 (active)
[    0.411516] pnp 00:02: Plug and Play ACPI device, IDs FUJ7401 PNP0303 (active)
[    0.411538] system 00:03: [io  0x0400-0x04cf] has been reserved
[    0.411538] system 00:03: [io  0x04d0-0x04d1] has been reserved
[    0.411539] system 00:03: [io  0x04d6] has been reserved
[    0.411540] system 00:03: [io  0x0c00-0x0c01] has been reserved
[    0.411540] system 00:03: [io  0x0c14] has been reserved
[    0.411541] system 00:03: [io  0x0c50-0x0c52] has been reserved
[    0.411541] system 00:03: [io  0x0c6c] has been reserved
[    0.411542] system 00:03: [io  0x0c6f] has been reserved
[    0.411542] system 00:03: [io  0x0cd0-0x0cdb] has been reserved
[    0.411544] system 00:03: Plug and Play ACPI device, IDs PNP0c02 (active)
[    0.411583] system 00:04: [mem 0x000e0000-0x000fffff] could not be reserved
[    0.411584] system 00:04: [mem 0xff000000-0xffffffff] could not be reserved
[    0.411585] system 00:04: Plug and Play ACPI device, IDs PNP0c01 (active)
[    0.412160] pnp: PnP ACPI: found 5 devices
[    0.419797] clocksource: acpi_pm: mask: 0xffffff max_cycles: 0xffffff, max_idle_ns: 2085701024 ns
[    0.419907] NET: Registered protocol family 2
[    0.420162] tcp_listen_portaddr_hash hash table entries: 4096 (order: 4, 65536 bytes, linear)
[    0.420180] TCP established hash table entries: 65536 (order: 7, 524288 bytes, linear)
[    0.420343] TCP bind hash table entries: 65536 (order: 8, 1048576 bytes, linear)
[    0.420539] TCP: Hash tables configured (established 65536 bind 65536)
[    0.420639] MPTCP token hash table entries: 8192 (order: 5, 196608 bytes, linear)
[    0.420672] UDP hash table entries: 4096 (order: 5, 131072 bytes, linear)
[    0.420700] UDP-Lite hash table entries: 4096 (order: 5, 131072 bytes, linear)
[    0.420795] NET: Registered protocol family 1
[    0.420803] NET: Registered protocol family 44
[    0.420812] pci 0000:01:00.0: can't claim BAR 6 [mem 0xfff80000-0xffffffff pref]: no compatible bridge window
[    0.420830] pci 0000:01:00.0: BAR 6: assigned [mem 0xd1080000-0xd10fffff pref]
[    0.420834] pci 0000:00:01.1: PCI bridge to [bus 01]
[    0.420837] pci 0000:00:01.1:   bridge window [io  0x3000-0x3fff]
[    0.420842] pci 0000:00:01.1:   bridge window [mem 0xd0000000-0xd10fffff]
[    0.420845] pci 0000:00:01.1:   bridge window [mem 0xfcc0000000-0xfcd1ffffff 64bit pref]
[    0.420850] pci 0000:00:01.2: PCI bridge to [bus 02]
[    0.420854] pci 0000:00:01.2:   bridge window [mem 0xd1800000-0xd18fffff]
[    0.420860] pci 0000:00:02.1: PCI bridge to [bus 03]
[    0.420862] pci 0000:00:02.1:   bridge window [io  0x2000-0x2fff]
[    0.420866] pci 0000:00:02.1:   bridge window [mem 0xd1700000-0xd17fffff]
[    0.420871] pci 0000:00:02.2: PCI bridge to [bus 04]
[    0.420875] pci 0000:00:02.2:   bridge window [mem 0xd1600000-0xd16fffff]
[    0.420882] pci 0000:00:08.1: PCI bridge to [bus 05]
[    0.420885] pci 0000:00:08.1:   bridge window [io  0x1000-0x1fff]
[    0.420888] pci 0000:00:08.1:   bridge window [mem 0xd1200000-0xd15fffff]
[    0.420891] pci 0000:00:08.1:   bridge window [mem 0xfce0000000-0xfcf01fffff 64bit pref]
[    0.420896] pci 0000:00:08.2: PCI bridge to [bus 06]
[    0.420899] pci 0000:00:08.2:   bridge window [mem 0xd1100000-0xd11fffff]
[    0.420907] pci_bus 0000:00: resource 4 [io  0x0000-0x0cf7 window]
[    0.420909] pci_bus 0000:00: resource 5 [io  0x0d00-0xffff window]
[    0.420910] pci_bus 0000:00: resource 6 [mem 0x000a0000-0x000bffff window]
[    0.420912] pci_bus 0000:00: resource 7 [mem 0x000c0000-0x000c3fff window]
[    0.420914] pci_bus 0000:00: resource 8 [mem 0x000c4000-0x000c7fff window]
[    0.420915] pci_bus 0000:00: resource 9 [mem 0x000c8000-0x000cbfff window]
[    0.420917] pci_bus 0000:00: resource 10 [mem 0x000cc000-0x000cffff window]
[    0.420919] pci_bus 0000:00: resource 11 [mem 0x000d0000-0x000d3fff window]
[    0.420920] pci_bus 0000:00: resource 12 [mem 0x000d4000-0x000d7fff window]
[    0.420922] pci_bus 0000:00: resource 13 [mem 0x000d8000-0x000dbfff window]
[    0.420924] pci_bus 0000:00: resource 14 [mem 0x000dc000-0x000dffff window]
[    0.420925] pci_bus 0000:00: resource 15 [mem 0x000e0000-0x000e3fff window]
[    0.420927] pci_bus 0000:00: resource 16 [mem 0x000e4000-0x000e7fff window]
[    0.420928] pci_bus 0000:00: resource 17 [mem 0x000e8000-0x000ebfff window]
[    0.420930] pci_bus 0000:00: resource 18 [mem 0x000ec000-0x000effff window]
[    0.420932] pci_bus 0000:00: resource 19 [mem 0xd0000000-0xf7ffffff window]
[    0.420933] pci_bus 0000:00: resource 20 [mem 0xfc000000-0xfed3ffff window]
[    0.420935] pci_bus 0000:00: resource 21 [mem 0x250200000-0xfcffffffff window]
[    0.420937] pci_bus 0000:01: resource 0 [io  0x3000-0x3fff]
[    0.420939] pci_bus 0000:01: resource 1 [mem 0xd0000000-0xd10fffff]
[    0.420940] pci_bus 0000:01: resource 2 [mem 0xfcc0000000-0xfcd1ffffff 64bit pref]
[    0.420942] pci_bus 0000:02: resource 1 [mem 0xd1800000-0xd18fffff]
[    0.420944] pci_bus 0000:03: resource 0 [io  0x2000-0x2fff]
[    0.420946] pci_bus 0000:03: resource 1 [mem 0xd1700000-0xd17fffff]
[    0.420947] pci_bus 0000:04: resource 1 [mem 0xd1600000-0xd16fffff]
[    0.420949] pci_bus 0000:05: resource 0 [io  0x1000-0x1fff]
[    0.420951] pci_bus 0000:05: resource 1 [mem 0xd1200000-0xd15fffff]
[    0.420952] pci_bus 0000:05: resource 2 [mem 0xfce0000000-0xfcf01fffff 64bit pref]
[    0.420954] pci_bus 0000:06: resource 1 [mem 0xd1100000-0xd11fffff]
[    0.421173] pci 0000:01:00.1: D0 power state depends on 0000:01:00.0
[    0.475655] pci 0000:05:00.4: quirk_usb_early_handoff+0x0/0x700 took 47674 usecs
[    0.475663] PCI: CLS 64 bytes, default 64
[    0.475690] Trying to unpack rootfs image as initramfs...
[    1.231325] Freeing initrd memory: 15280K
[    1.231380] pci 0000:00:00.2: AMD-Vi: Unable to read/write to IOMMU perf counter.
[    1.231496] pci 0000:00:00.2: can't derive routing for PCI INT A
[    1.231497] pci 0000:00:00.2: PCI INT A: not connected
[    1.231526] pci 0000:00:01.0: Adding to iommu group 0
[    1.231532] pci 0000:00:01.1: Adding to iommu group 1
[    1.231540] pci 0000:00:01.2: Adding to iommu group 2
[    1.231550] pci 0000:00:02.0: Adding to iommu group 3
[    1.231556] pci 0000:00:02.1: Adding to iommu group 4
[    1.231563] pci 0000:00:02.2: Adding to iommu group 5
[    1.231574] pci 0000:00:08.0: Adding to iommu group 6
[    1.231580] pci 0000:00:08.1: Adding to iommu group 6
[    1.231585] pci 0000:00:08.2: Adding to iommu group 6
[    1.231595] pci 0000:00:14.0: Adding to iommu group 7
[    1.231600] pci 0000:00:14.3: Adding to iommu group 7
[    1.231621] pci 0000:00:18.0: Adding to iommu group 8
[    1.231626] pci 0000:00:18.1: Adding to iommu group 8
[    1.231631] pci 0000:00:18.2: Adding to iommu group 8
[    1.231637] pci 0000:00:18.3: Adding to iommu group 8
[    1.231642] pci 0000:00:18.4: Adding to iommu group 8
[    1.231647] pci 0000:00:18.5: Adding to iommu group 8
[    1.231652] pci 0000:00:18.6: Adding to iommu group 8
[    1.231658] pci 0000:00:18.7: Adding to iommu group 8
[    1.231668] pci 0000:01:00.0: Adding to iommu group 9
[    1.231675] pci 0000:01:00.1: Adding to iommu group 9
[    1.231682] pci 0000:02:00.0: Adding to iommu group 10
[    1.231688] pci 0000:03:00.0: Adding to iommu group 11
[    1.231694] pci 0000:04:00.0: Adding to iommu group 12
[    1.231706] pci 0000:05:00.0: Adding to iommu group 6
[    1.231710] pci 0000:05:00.2: Adding to iommu group 6
[    1.231712] pci 0000:05:00.3: Adding to iommu group 6
[    1.231716] pci 0000:05:00.4: Adding to iommu group 6
[    1.231718] pci 0000:05:00.5: Adding to iommu group 6
[    1.231721] pci 0000:05:00.6: Adding to iommu group 6
[    1.231725] pci 0000:06:00.0: Adding to iommu group 6
[    1.231727] pci 0000:06:00.1: Adding to iommu group 6
[    1.232163] pci 0000:00:00.2: AMD-Vi: Found IOMMU cap 0x40
[    1.232164] pci 0000:00:00.2: AMD-Vi: Extended features (0x206d73ef22254ade):
[    1.232165]  PPR X2APIC NX GT IA GA PC GA_vAPIC
[    1.232167] AMD-Vi: Interrupt remapping enabled
[    1.232167] AMD-Vi: Virtual APIC enabled
[    1.232168] AMD-Vi: X2APIC enabled
[    1.232355] AMD-Vi: Lazy IO/TLB flushing enabled
[    1.232356] PCI-DMA: Using software bounce buffering for IO (SWIOTLB)
[    1.232357] software IO TLB: mapped [mem 0x00000000c4fee000-0x00000000c8fee000] (64MB)
[    1.232938] RAPL PMU: API unit is 2^-32 Joules, 1 fixed counters, 163840 ms ovfl timer
[    1.232939] RAPL PMU: hw unit of domain package 2^-16 Joules
[    1.232942] amd_uncore: 4  amd_df counters detected
[    1.232944] amd_uncore: 6  amd_l3 counters detected
[    1.233841] LVT offset 0 assigned for vector 0x400
[    1.234297] perf: AMD IBS detected (0x000003ff)
[    1.234325] check: Scanning for low memory corruption every 60 seconds
[    1.234694] Initialise system trusted keyrings
[    1.234712] Key type blacklist registered
[    1.234800] workingset: timestamp_bits=37 max_order=21 bucket_order=0
[    1.235476] zbud: loaded
[    1.235823] integrity: Platform Keyring initialized
[    1.238262] Key type asymmetric registered
[    1.238263] Asymmetric key parser 'x509' registered
[    1.238270] Block layer SCSI generic (bsg) driver version 0.4 loaded (major 247)
[    1.238361] io scheduler mq-deadline registered
[    1.238362] io scheduler kyber registered
[    1.238377] io scheduler bfq registered
[    1.242107] pcieport 0000:00:01.1: PME: Signaling with IRQ 26
[    1.242226] pcieport 0000:00:01.2: PME: Signaling with IRQ 27
[    1.242328] pcieport 0000:00:02.1: PME: Signaling with IRQ 28
[    1.242428] pcieport 0000:00:02.2: PME: Signaling with IRQ 29
[    1.242526] pcieport 0000:00:08.1: PME: Signaling with IRQ 30
[    1.242721] pcieport 0000:00:08.2: PME: Signaling with IRQ 31
[    1.242806] shpchp: Standard Hot Plug PCI Controller Driver version: 0.4
[    1.242823] efifb: probing for efifb
[    1.242889] efifb: framebuffer at 0xfce0000000, using 8100k, total 8100k
[    1.242890] efifb: mode is 1920x1080x32, linelength=7680, pages=1
[    1.242890] efifb: scrolling: redraw
[    1.242891] efifb: Truecolor: size=8:8:8:8, shift=24:16:8:0
[    1.243000] Console: switching to colour frame buffer device 240x67
[    1.245616] fb0: EFI VGA frame buffer device
[    1.245673] Monitor-Mwait will be used to enter C-1 state
[    1.245692] ACPI: \_SB_.PLTF.C000: Found 3 idle states
[    1.245944] ACPI: \_SB_.PLTF.C001: Found 3 idle states
[    1.246058] ACPI: \_SB_.PLTF.C002: Found 3 idle states
[    1.246296] ACPI: \_SB_.PLTF.C003: Found 3 idle states
[    1.246366] ACPI: \_SB_.PLTF.C004: Found 3 idle states
[    1.246531] ACPI: \_SB_.PLTF.C005: Found 3 idle states
[    1.246618] ACPI: \_SB_.PLTF.C006: Found 3 idle states
[    1.247040] ACPI: \_SB_.PLTF.C007: Found 3 idle states
[    1.247283] ACPI: \_SB_.PLTF.C008: Found 3 idle states
[    1.247685] ACPI: \_SB_.PLTF.C009: Found 3 idle states
[    1.248079] ACPI: \_SB_.PLTF.C00A: Found 3 idle states
[    1.248452] ACPI: \_SB_.PLTF.C00B: Found 3 idle states
[    1.249106] ACPI: \_SB_.PLTF.C00C: Found 3 idle states
[    1.249455] ACPI: \_SB_.PLTF.C00D: Found 3 idle states
[    1.249637] ACPI: \_SB_.PLTF.C00E: Found 3 idle states
[    1.249830] ACPI: \_SB_.PLTF.C00F: Found 3 idle states
[    1.250183] Serial: 8250/16550 driver, 32 ports, IRQ sharing enabled
[    1.251293] Non-volatile memory driver v1.3
[    1.251310] Linux agpgart interface v0.103
[    1.260890] ahci 0000:06:00.0: version 3.0
[    1.261045] ahci 0000:06:00.0: AHCI 0001.0301 32 slots 1 ports 6 Gbps 0x1 impl SATA mode
[    1.261047] ahci 0000:06:00.0: flags: 64bit ncq sntf ilck pm led clo only pmp fbs pio slum part 
[    1.261317] scsi host0: ahci
[    1.261373] ata1: SATA max UDMA/133 abar m2048@0xd1101000 port 0xd1101100 irq 33
[    1.261511] ahci 0000:06:00.1: AHCI 0001.0301 32 slots 1 ports 6 Gbps 0x1 impl SATA mode
[    1.261512] ahci 0000:06:00.1: flags: 64bit ncq sntf ilck pm led clo only pmp fbs pio slum part 
[    1.261804] scsi host1: ahci
[    1.261856] ata2: SATA max UDMA/133 abar m2048@0xd1100000 port 0xd1100100 irq 35
[    1.261896] i8042: PNP: PS/2 Controller [PNP0303:KBC0] at 0x60,0x64 irq 1
[    1.261897] i8042: PNP: PS/2 appears to have AUX port disabled, if this is incorrect please boot with i8042.nopnp
[    1.262986] serio: i8042 KBD port at 0x60,0x64 irq 1
[    1.263081] mousedev: PS/2 mouse device common for all mice
[    1.263113] rtc_cmos 00:01: RTC can wake from S4
[    1.263287] rtc_cmos 00:01: registered as rtc0
[    1.263358] rtc_cmos 00:01: setting system clock to 2021-02-03T02:22:38 UTC (1612318958)
[    1.263386] rtc_cmos 00:01: alarms up to one month, 114 bytes nvram, hpet irqs
[    1.263858] ledtrig-cpu: registered to indicate activity on CPUs
[    1.263860] EFI Variables Facility v0.08 2004-May-17
[    1.266435] hid: raw HID events driver (C) Jiri Kosina
[    1.266519] drop_monitor: Initializing network drop monitor service
[    1.266620] NET: Registered protocol family 10
[    1.268615] input: AT Translated Set 2 keyboard as /devices/platform/i8042/serio0/input/input0
[    1.273357] Segment Routing with IPv6
[    1.273359] RPL Segment Routing with IPv6
[    1.275320] microcode: CPU0: patch_level=0x08600103
[    1.275333] microcode: CPU1: patch_level=0x08600103
[    1.275362] microcode: CPU2: patch_level=0x08600103
[    1.275382] microcode: CPU3: patch_level=0x08600103
[    1.275392] microcode: CPU4: patch_level=0x08600103
[    1.275410] microcode: CPU5: patch_level=0x08600103
[    1.275443] microcode: CPU6: patch_level=0x08600103
[    1.275464] microcode: CPU7: patch_level=0x08600103
[    1.275494] microcode: CPU8: patch_level=0x08600103
[    1.275517] microcode: CPU9: patch_level=0x08600103
[    1.275522] microcode: CPU10: patch_level=0x08600103
[    1.275537] microcode: CPU11: patch_level=0x08600103
[    1.275568] microcode: CPU12: patch_level=0x08600103
[    1.275588] microcode: CPU13: patch_level=0x08600103
[    1.275599] microcode: CPU14: patch_level=0x08600103
[    1.275610] microcode: CPU15: patch_level=0x08600103
[    1.275615] microcode: Microcode Update Driver: v2.2.
[    1.276099] resctrl: L3 allocation detected
[    1.276101] resctrl: L3DATA allocation detected
[    1.276102] resctrl: L3CODE allocation detected
[    1.276103] resctrl: MB allocation detected
[    1.276103] resctrl: L3 monitoring detected
[    1.276108] IPI shorthand broadcast: enabled
[    1.276203] registered taskstats version 1
[    1.276207] Loading compiled-in X.509 certificates
[    1.276254] Loaded X.509 cert 'openSUSE Secure Boot Signkey: c8bdc7ac1a1d85966217fd93ebfc14f4a200b814'
[    1.276285] zswap: loaded using pool lzo/zbud
[    1.276536] page_owner is disabled
[    1.276651] Key type ._fscrypt registered
[    1.276651] Key type .fscrypt registered
[    1.276651] Key type fscrypt-provisioning registered
[    1.280413] Key type encrypted registered
[    1.280419] AppArmor: AppArmor sha1 policy hashing enabled
[    1.281702] integrity: Loading X.509 certificate: UEFI:db
[    1.281751] integrity: Loaded X.509 cert 'Microsoft Windows Production PCA 2011: a92902398e16c49778cd90f99e4f9ae17c55af53'
[    1.281752] integrity: Loading X.509 certificate: UEFI:db
[    1.281778] integrity: Loaded X.509 cert 'Microsoft Corporation UEFI CA 2011: 13adbf4309bd82709c8cd54f316ed522988a1bd4'
[    1.281779] integrity: Loading X.509 certificate: UEFI:db
[    1.282049] integrity: Loaded X.509 cert 'OK Certificate: c8c73a37546046ab495c33f4d0856052'
[    1.282050] integrity: Loading X.509 certificate: UEFI:db
[    1.282052] integrity: Problem loading X.509 certificate -65
[    1.282071] integrity: Error adding keys to platform keyring UEFI:db
[    1.282071] integrity: Loading X.509 certificate: UEFI:db
[    1.282083] integrity: Loaded X.509 cert 'EUJinn: 2d9ec14a26c9fcae420ef406a6e9492b'
[    1.283412] integrity: Loading X.509 certificate: UEFI:MokListRT
[    1.283555] integrity: Loaded X.509 cert 'ubuntu Secure Boot Module Signature key: 56f628d560e6dd89f6701cb550faa80049abc76a'
[    1.283555] integrity: Loading X.509 certificate: UEFI:MokListRT
[    1.283662] integrity: Loaded X.509 cert 'Kernel OBS Project: 1fb41512acbc8eebdf828d877e4367bf6c719af3'
[    1.283662] integrity: Loading X.509 certificate: UEFI:MokListRT
[    1.283769] integrity: Loaded X.509 cert 'openSUSE Secure Boot CA: 6842600de22c4c477e95be23dfea9513e5971762'
[    1.283774] ima: Allocated hash algorithm: sha256
[    1.297764] ima: No architecture policies found
[    1.297788] evm: Initialising EVM extended attributes:
[    1.297790] evm: security.selinux
[    1.297791] evm: security.apparmor
[    1.297792] evm: security.ima
[    1.297793] evm: security.capability
[    1.297794] evm: HMAC attrs: 0x1
[    1.298529] PM:   Magic number: 9:231:358
[    1.298536] machinecheck machinecheck14: hash matches
[    1.298854] RAS: Correctable Errors collector initialized.
[    1.574931] ata2: SATA link down (SStatus 0 SControl 300)
[    1.734947] ata1: SATA link up 6.0 Gbps (SStatus 133 SControl 300)
[    1.736144] ata1.00: ATA-10: WDC WD10SPZX-08Z10, 05.01A05, max UDMA/133
[    1.736149] ata1.00: 1953525168 sectors, multi 16: LBA48 NCQ (depth 32), AA
[    1.737445] ata1.00: configured for UDMA/133
[    1.737690] scsi 0:0:0:0: Direct-Access     ATA      WDC WD10SPZX-08Z 1A05 PQ: 0 ANSI: 5
[    1.737973] sd 0:0:0:0: [sda] 1953525168 512-byte logical blocks: (1.00 TB/932 GiB)
[    1.737977] sd 0:0:0:0: [sda] 4096-byte physical blocks
[    1.737989] sd 0:0:0:0: [sda] Write Protect is off
[    1.737992] sd 0:0:0:0: [sda] Mode Sense: 00 3a 00 00
[    1.738008] sd 0:0:0:0: [sda] Write cache: enabled, read cache: enabled, doesn't support DPO or FUA
[    1.861562]  sda: sda1 sda2 sda3 sda4
[    1.862850] sd 0:0:0:0: [sda] Attached SCSI disk
[    1.863042] Unstable clock detected, switching default tracing clock to "global"
               If you want to keep using the local clock, then add:
                 "trace_clock=local"
               on the kernel command line
[    1.865600] Freeing unused decrypted memory: 2036K
[    1.866211] Freeing unused kernel image (initmem) memory: 2092K
[    1.874778] Write protecting the kernel read-only data: 26624k
[    1.875592] Freeing unused kernel image (text/rodata gap) memory: 2036K
[    1.876373] Freeing unused kernel image (rodata/data gap) memory: 1780K
[    1.876385] Run /init as init process
[    1.876387]   with arguments:
[    1.876387]     /init
[    1.876388]   with environment:
[    1.876388]     HOME=/
[    1.876389]     TERM=linux
[    1.876389]     BOOT_IMAGE=/boot/vmlinuz-5.10.9-1-default
[    1.876390]     splash=silent
[    1.893842] systemd[1]: systemd 246.9+suse.78.g520e53b6d8 running in system mode. (+PAM +AUDIT +SELINUX -IMA +APPARMOR -SMACK +SYSVINIT +UTMP +LIBCRYPTSETUP +GCRYPT +GNUTLS +ACL +XZ +LZ4 +ZSTD +SECCOMP +BLKID +ELFUTILS +KMOD +IDN2 -IDN +PCRE2 default-hierarchy=hybrid)
[    1.915990] systemd[1]: Detected architecture x86-64.
[    1.915997] systemd[1]: Running in initial RAM disk.
[    1.941534] systemd[1]: Set hostname to <Kaguya>.
[    1.985972] systemd[1]: /usr/lib/systemd/system/plymouth-start.service:15: Unit configured to use KillMode=none. This is unsafe, as it disables systemd's process lifecycle management for the service. Please update your service to use a safer KillMode=, such as 'mixed' or 'control-group'. Support for KillMode=none is deprecated and will eventually be removed.
[    1.991040] systemd[1]: Queued start job for default target Initrd Default Target.
[    1.991183] systemd[1]: Reached target Local File Systems.
[    1.991235] systemd[1]: Reached target Slices.
[    1.991253] systemd[1]: Reached target Swap.
[    1.991274] systemd[1]: Reached target Timers.
[    1.991341] systemd[1]: Listening on Journal Socket (/dev/log).
[    1.991394] systemd[1]: Listening on Journal Socket.
[    1.991456] systemd[1]: Listening on udev Control Socket.
[    1.991501] systemd[1]: Listening on udev Kernel Socket.
[    1.991522] systemd[1]: Reached target Sockets.
[    1.992598] systemd[1]: Started Entropy Daemon based on the HAVEGE algorithm.
[    1.993118] systemd[1]: Starting Create list of static device nodes for the current kernel...
[    1.994319] systemd[1]: Starting Journal Service...
[    1.995330] systemd[1]: Starting Load Kernel Modules...
[    1.996272] systemd[1]: Starting Setup Virtual Console...
[    1.997009] systemd[1]: Finished Create list of static device nodes for the current kernel.
[    1.998245] systemd[1]: Starting Create Static Device Nodes in /dev...
[    2.002850] systemd[1]: Finished Create Static Device Nodes in /dev.
[    2.010187] corefreqk: loading out-of-tree module taints kernel.
[    2.010289] corefreqk: module verification failed: signature and/or required key missing - tainting kernel
[    2.026589] systemd[1]: Finished Setup Virtual Console.
[    2.027414] systemd[1]: Starting dracut ask for additional cmdline parameters...
[    2.038027] systemd[1]: Started Journal Service.
[    2.075982] CoreFreq(12:13): Processor [ 8F_60] Architecture [Zen2/Renoir] SMT [16/16]
[    2.079522] alua: device handler registered
[    2.080321] emc: device handler registered
[    2.081233] rdac: device handler registered
[    2.088462] device-mapper: uevent: version 1.0.3
[    2.088523] device-mapper: ioctl: 4.43.0-ioctl (2020-10-01) initialised: dm-devel@redhat.com
[    2.092906] sd 0:0:0:0: Attached scsi generic sg0 type 0
[    2.174906] raid6: avx2x4   gen() 30845 MB/s
[    2.242886] raid6: avx2x4   xor()  6994 MB/s
[    2.311012] raid6: avx2x2   gen() 31068 MB/s
[    2.379120] raid6: avx2x2   xor() 24740 MB/s
[    2.447161] raid6: avx2x1   gen() 28807 MB/s
[    2.515053] raid6: avx2x1   xor() 18223 MB/s
[    2.582893] raid6: sse2x4   gen() 17870 MB/s
[    2.650899] raid6: sse2x4   xor()  6280 MB/s
[    2.718943] raid6: sse2x2   gen() 19833 MB/s
[    2.786939] raid6: sse2x2   xor() 12879 MB/s
[    2.854942] raid6: sse2x1   gen() 15632 MB/s
[    2.923143] raid6: sse2x1   xor()  9471 MB/s
[    2.923144] raid6: using algorithm avx2x2 gen() 31068 MB/s
[    2.923144] raid6: .... xor() 24740 MB/s, rmw enabled
[    2.923145] raid6: using avx2x2 recovery algorithm
[    2.924293] xor: automatically using best checksumming function   avx       
[    2.999244] Btrfs loaded, crc32c=crc32c-intel, assert=on
[    3.061151] input: Lid Switch as /devices/LNXSYSTM:00/LNXSYBUS:00/PNP0C0D:00/input/input1
[    3.061216] ACPI: Lid Switch [LID0]
[    3.061243] input: Power Button as /devices/LNXSYSTM:00/LNXSYBUS:00/PNP0C0C:00/input/input2
[    3.061277] ACPI: Power Button [PWRB]
[    3.061318] input: Power Button as /devices/LNXSYSTM:00/LNXPWRBN:00/input/input3
[    3.061362] ACPI: Power Button [PWRF]
[    3.062982] i2c_hid i2c-MSFT0001:00: supply vdd not found, using dummy regulator
[    3.062998] i2c_hid i2c-MSFT0001:00: supply vddl not found, using dummy regulator
[    3.070018] [Firmware Bug]: ACPI(PEGP) defines _DOD but not _DOS
[    3.070068] ACPI: Video Device [PEGP] (multi-head: yes  rom: no  post: no)
[    3.070484] acpi device:01: registered as cooling_device16
[    3.070516] input: Video Bus as /devices/LNXSYSTM:00/LNXSYBUS:00/PNP0A08:00/device:00/LNXVIDEO:00/input/input4
[    3.070620] ACPI: Video Device [VGA] (multi-head: yes  rom: no  post: no)
[    3.070819] acpi device:0f: registered as cooling_device17
[    3.070853] input: Video Bus as /devices/LNXSYSTM:00/LNXSYBUS:00/PNP0A08:00/device:0e/LNXVIDEO:01/input/input5
[    3.073921] acpi PNP0C14:01: duplicate WMI GUID 05901221-D566-11D1-B2F0-00A0C9062910 (first instance was on PNP0C14:00)
[    3.074063] acpi PNP0C14:02: duplicate WMI GUID 05901221-D566-11D1-B2F0-00A0C9062910 (first instance was on PNP0C14:00)
[    3.074130] acpi PNP0C14:03: duplicate WMI GUID 05901221-D566-11D1-B2F0-00A0C9062910 (first instance was on PNP0C14:00)
[    3.079167] ccp 0000:05:00.2: enabling device (0000 -> 0002)
[    3.079376] ccp 0000:05:00.2: ccp: unable to access the device: you might be running a broken BIOS.
[    3.084328] cryptd: max_cpu_qlen set to 1000
[    3.085392] nvme nvme0: pci function 0000:02:00.0
[    3.092796] ACPI: bus type USB registered
[    3.092846] usbcore: registered new interface driver usbfs
[    3.092854] usbcore: registered new interface driver hub
[    3.092871] usbcore: registered new device driver usb
[    3.093314] AVX2 version of gcm_enc/dec engaged.
[    3.093316] AES CTR mode by8 optimization enabled
[    3.094481] ccp 0000:05:00.2: tee enabled
[    3.094487] ccp 0000:05:00.2: psp enabled
[    3.111843] xhci_hcd 0000:05:00.3: xHCI Host Controller
[    3.111851] xhci_hcd 0000:05:00.3: new USB bus registered, assigned bus number 1
[    3.111940] xhci_hcd 0000:05:00.3: hcc params 0x0268ffe5 hci version 0x110 quirks 0x0000000000000410
[    3.112281] usb usb1: New USB device found, idVendor=1d6b, idProduct=0002, bcdDevice= 5.10
[    3.112282] usb usb1: New USB device strings: Mfr=3, Product=2, SerialNumber=1
[    3.112284] usb usb1: Product: xHCI Host Controller
[    3.112284] usb usb1: Manufacturer: Linux 5.10.9-1-default xhci-hcd
[    3.112285] usb usb1: SerialNumber: 0000:05:00.3
[    3.112401] hub 1-0:1.0: USB hub found
[    3.112408] hub 1-0:1.0: 4 ports detected
[    3.112601] xhci_hcd 0000:05:00.3: xHCI Host Controller
[    3.112603] xhci_hcd 0000:05:00.3: new USB bus registered, assigned bus number 2
[    3.112605] xhci_hcd 0000:05:00.3: Host supports USB 3.1 Enhanced SuperSpeed
[    3.112613] usb usb2: We don't know the algorithms for LPM for this host, disabling LPM.
[    3.112623] usb usb2: New USB device found, idVendor=1d6b, idProduct=0003, bcdDevice= 5.10
[    3.112624] usb usb2: New USB device strings: Mfr=3, Product=2, SerialNumber=1
[    3.112625] usb usb2: Product: xHCI Host Controller
[    3.112625] usb usb2: Manufacturer: Linux 5.10.9-1-default xhci-hcd
[    3.112626] usb usb2: SerialNumber: 0000:05:00.3
[    3.112747] hub 2-0:1.0: USB hub found
[    3.112753] hub 2-0:1.0: 2 ports detected
[    3.112985] xhci_hcd 0000:05:00.4: xHCI Host Controller
[    3.112989] xhci_hcd 0000:05:00.4: new USB bus registered, assigned bus number 3
[    3.113080] xhci_hcd 0000:05:00.4: hcc params 0x0268ffe5 hci version 0x110 quirks 0x0000000000000410
[    3.113417] usb usb3: New USB device found, idVendor=1d6b, idProduct=0002, bcdDevice= 5.10
[    3.113418] usb usb3: New USB device strings: Mfr=3, Product=2, SerialNumber=1
[    3.113419] usb usb3: Product: xHCI Host Controller
[    3.113420] usb usb3: Manufacturer: Linux 5.10.9-1-default xhci-hcd
[    3.113421] usb usb3: SerialNumber: 0000:05:00.4
[    3.113508] hub 3-0:1.0: USB hub found
[    3.113513] hub 3-0:1.0: 4 ports detected
[    3.113706] xhci_hcd 0000:05:00.4: xHCI Host Controller
[    3.113708] xhci_hcd 0000:05:00.4: new USB bus registered, assigned bus number 4
[    3.113710] xhci_hcd 0000:05:00.4: Host supports USB 3.1 Enhanced SuperSpeed
[    3.113721] usb usb4: We don't know the algorithms for LPM for this host, disabling LPM.
[    3.113731] usb usb4: New USB device found, idVendor=1d6b, idProduct=0003, bcdDevice= 5.10
[    3.113732] usb usb4: New USB device strings: Mfr=3, Product=2, SerialNumber=1
[    3.113733] usb usb4: Product: xHCI Host Controller
[    3.113733] usb usb4: Manufacturer: Linux 5.10.9-1-default xhci-hcd
[    3.113734] usb usb4: SerialNumber: 0000:05:00.4
[    3.113809] hub 4-0:1.0: USB hub found
[    3.113813] hub 4-0:1.0: 2 ports detected
[    3.129469] nvme nvme0: 16/0/0 default/read/poll queues
[    3.132990]  nvme0n1: p1 p2 p3 p4 p5
[    3.167256] battery: ACPI: Battery Slot [BAT0] (battery present)
[    3.337893] input: MSFT0001:00 04F3:3186 Mouse as /devices/platform/AMDI0010:03/i2c-0/i2c-MSFT0001:00/0018:04F3:3186.0001/input/input6
[    3.337960] input: MSFT0001:00 04F3:3186 Touchpad as /devices/platform/AMDI0010:03/i2c-0/i2c-MSFT0001:00/0018:04F3:3186.0001/input/input7
[    3.338015] hid-generic 0018:04F3:3186.0001: input,hidraw0: I2C HID v1.00 Mouse [MSFT0001:00 04F3:3186] on i2c-MSFT0001:00
[    3.352079] BTRFS: device fsid ca37cd4c-3972-4adc-8bc0-4ef58521a319 devid 1 transid 19864 /dev/nvme0n1p5 scanned by systemd-udevd (421)
[    3.457454] usb 1-3: new high-speed USB device number 2 using xhci_hcd
[    3.457457] usb 3-1: new high-speed USB device number 2 using xhci_hcd
[    3.492741] input: MSFT0001:00 04F3:3186 Mouse as /devices/platform/AMDI0010:03/i2c-0/i2c-MSFT0001:00/0018:04F3:3186.0001/input/input8
[    3.493045] input: MSFT0001:00 04F3:3186 Touchpad as /devices/platform/AMDI0010:03/i2c-0/i2c-MSFT0001:00/0018:04F3:3186.0001/input/input9
[    3.493268] hid-multitouch 0018:04F3:3186.0001: input,hidraw0: I2C HID v1.00 Mouse [MSFT0001:00 04F3:3186] on i2c-MSFT0001:00
[    3.619776] usb 3-1: New USB device found, idVendor=05e3, idProduct=0610, bcdDevice=23.07
[    3.619779] usb 3-1: New USB device strings: Mfr=1, Product=2, SerialNumber=0
[    3.619780] usb 3-1: Product: USB2.1 Hub
[    3.619781] usb 3-1: Manufacturer: GenesysLogic
[    3.658206] hub 3-1:1.0: USB hub found
[    3.658762] hub 3-1:1.0: 2 ports detected
[    3.707384] usb 1-3: New USB device found, idVendor=174f, idProduct=244c, bcdDevice= 0.13
[    3.707386] usb 1-3: New USB device strings: Mfr=3, Product=1, SerialNumber=2
[    3.707387] usb 1-3: Product: Integrated Camera
[    3.707388] usb 1-3: Manufacturer: Generic
[    3.707388] usb 1-3: SerialNumber: 0001
[    3.757534] usb 4-1: new SuperSpeed Gen 1 USB device number 2 using xhci_hcd
[    3.781434] BTRFS info (device nvme0n1p5): disk space caching is enabled
[    3.781436] BTRFS info (device nvme0n1p5): has skinny extents
[    3.782035] usb 4-1: New USB device found, idVendor=05e3, idProduct=0620, bcdDevice=23.07
[    3.782040] usb 4-1: New USB device strings: Mfr=1, Product=2, SerialNumber=0
[    3.782041] usb 4-1: Product: USB3.2 Hub
[    3.782043] usb 4-1: Manufacturer: GenesysLogic
[    3.788228] BTRFS info (device nvme0n1p5): enabling ssd optimizations
[    3.801994] hub 4-1:1.0: USB hub found
[    3.802275] hub 4-1:1.0: 2 ports detected
[    3.914758] usb 3-3: new full-speed USB device number 3 using xhci_hcd
[    4.093884] usb 3-3: New USB device found, idVendor=8087, idProduct=0029, bcdDevice= 0.01
[    4.093889] usb 3-3: New USB device strings: Mfr=0, Product=0, SerialNumber=0
[    4.130833] systemd[1]: RTC configured in localtime, applying delta of 330 minutes to system time.
[    4.134186] systemd[1]: systemd 246.9+suse.78.g520e53b6d8 running in system mode. (+PAM +AUDIT +SELINUX -IMA +APPARMOR -SMACK +SYSVINIT +UTMP +LIBCRYPTSETUP +GCRYPT +GNUTLS +ACL +XZ +LZ4 +ZSTD +SECCOMP +BLKID +ELFUTILS +KMOD +IDN2 -IDN +PCRE2 default-hierarchy=hybrid)
[    4.157711] systemd[1]: Detected architecture x86-64.
[    4.158608] systemd[1]: Set hostname to <Kaguya>.
[    4.230704] usb 3-4: new full-speed USB device number 4 using xhci_hcd
[    4.248031] systemd[1]: /usr/lib/systemd/system/plymouth-start.service:15: Unit configured to use KillMode=none. This is unsafe, as it disables systemd's process lifecycle management for the service. Please update your service to use a safer KillMode=, such as 'mixed' or 'control-group'. Support for KillMode=none is deprecated and will eventually be removed.
[    4.269781] systemd[1]: /usr/lib/systemd/system/gpm.service:11: Standard output type syslog is obsolete, automatically updating to journal. Please update your unit file, and consider removing the setting altogether.
[    4.272610] systemd[1]: /usr/lib/systemd/system/mcelog.service:11: Standard output type syslog is obsolete, automatically updating to journal. Please update your unit file, and consider removing the setting altogether.
[    4.320674] systemd[1]: initrd-switch-root.service: Succeeded.
[    4.320815] systemd[1]: Stopped Switch Root.
[    4.321072] systemd[1]: haveged.service: Scheduled restart job, restart counter is at 1.
[    4.321171] systemd[1]: systemd-journald.service: Scheduled restart job, restart counter is at 1.
[    4.321302] systemd[1]: Created slice system-getty.slice.
[    4.321489] systemd[1]: Created slice system-modprobe.slice.
[    4.321651] systemd[1]: Created slice system-systemd\x2dfsck.slice.
[    4.321803] systemd[1]: Created slice User and Session Slice.
[    4.322027] systemd[1]: Set up automount Arbitrary Executable File Formats File System Automount Point.
[    4.322072] systemd[1]: Stopped target Switch Root.
[    4.322094] systemd[1]: Stopped target Initrd File Systems.
[    4.322108] systemd[1]: Stopped target Initrd Root File System.
[    4.322157] systemd[1]: Reached target Remote File Systems.
[    4.322192] systemd[1]: Reached target Slices.
[    4.322276] systemd[1]: Listening on Device-mapper event daemon FIFOs.
[    4.322365] systemd[1]: Listening on LVM2 poll daemon socket.
[    4.322417] systemd[1]: Listening on initctl Compatibility Named Pipe.
[    4.322500] systemd[1]: Listening on udev Control Socket.
[    4.322567] systemd[1]: Listening on udev Kernel Socket.
[    4.323022] systemd[1]: Activating swap /dev/disk/by-uuid/d4a44229-f984-4439-bba3-022698f6b4af...
[    4.323714] systemd[1]: Mounting Huge Pages File System...
[    4.324462] systemd[1]: Mounting POSIX Message Queue File System...
[    4.325352] systemd[1]: Mounting Kernel Debug File System...
[    4.326200] systemd[1]: Mounting Kernel Trace File System...
[    4.327354] systemd[1]: Starting Create list of static device nodes for the current kernel...
[    4.328474] systemd[1]: Starting Monitoring of LVM2 mirrors, snapshots etc. using dmeventd or progress polling...
[    4.329573] systemd[1]: Starting Load Kernel Module configfs...
[    4.330889] systemd[1]: Starting Load Kernel Module drm...
[    4.331986] systemd[1]: Starting Load Kernel Module fuse...
[    4.332229] systemd[1]: plymouth-start.service: Succeeded.
[    4.332274] systemd[1]: plymouth-start.service: Unit process 391 (plymouthd) remains running after unit stopped.
[    4.332379] systemd[1]: Stopped Show Plymouth Boot Screen.
[    4.332625] systemd[1]: Condition check resulted in Dispatch Password Requests to Console Directory Watch being skipped.
[    4.332684] systemd[1]: Reached target Local Encrypted Volumes.
[    4.332956] systemd[1]: plymouth-switch-root.service: Succeeded.
[    4.333233] systemd[1]: Stopped Plymouth switch root service.
[    4.333801] systemd[1]: Condition check resulted in Set Up Additional Binary Formats being skipped.
[    4.333902] systemd[1]: systemd-fsck-root.service: Succeeded.
[    4.334057] systemd[1]: Stopped File System Check on Root Device.
[    4.334149] systemd[1]: Stopped Journal Service.
[    4.334321] systemd[1]: Stopped Entropy Daemon based on the HAVEGE algorithm.
[    4.335121] systemd[1]: Started Entropy Daemon based on the HAVEGE algorithm.
[    4.336934] systemd[1]: Starting Journal Service...
[    4.338423] systemd[1]: Starting Load Kernel Modules...
[    4.339577] systemd[1]: Starting Remount Root and Kernel File Systems...
[    4.340310] systemd[1]: Starting Coldplug All udev Devices...
[    4.340942] systemd[1]: sysroot.mount: Succeeded.
[    4.341430] systemd[1]: Mounted Huge Pages File System.
[    4.341621] systemd[1]: Mounted POSIX Message Queue File System.
[    4.341721] systemd[1]: Mounted Kernel Debug File System.
[    4.341888] systemd[1]: Mounted Kernel Trace File System.
[    4.342629] systemd[1]: Finished Create list of static device nodes for the current kernel.
[    4.343139] systemd[1]: modprobe@configfs.service: Succeeded.
[    4.343325] systemd[1]: Finished Load Kernel Module configfs.
[    4.344280] systemd[1]: Mounting Kernel Configuration File System...
[    4.344863] BTRFS info (device nvme0n1p5): disk space caching is enabled
[    4.345306] systemd[1]: Finished Load Kernel Modules.
[    4.346623] systemd[1]: Finished Remount Root and Kernel File Systems.
[    4.347072] systemd[1]: Mounted Kernel Configuration File System.
[    4.347278] systemd[1]: Condition check resulted in First Boot Wizard being skipped.
[    4.347765] systemd[1]: Condition check resulted in Rebuild Hardware Database being skipped.
[    4.348280] fuse: init (API version 7.32)
[    4.348643] systemd[1]: Starting Apply Kernel Variables...
[    4.348841] systemd[1]: Condition check resulted in Create System Users being skipped.
[    4.349570] systemd[1]: Starting Create Static Device Nodes in /dev...
[    4.349827] systemd[1]: modprobe@fuse.service: Succeeded.
[    4.349979] systemd[1]: Finished Load Kernel Module fuse.
[    4.350731] systemd[1]: Mounting FUSE Control File System...
[    4.353631] systemd[1]: Mounted FUSE Control File System.
[    4.358278] systemd[1]: Finished Apply Kernel Variables.
[    4.359294] systemd[1]: Finished Create Static Device Nodes in /dev.
[    4.360371] systemd[1]: Starting Rule-based Manager for Device Events and Files...
[    4.360493] systemd[1]: Started Journal Service.
[    4.426848] usb 3-4: New USB device found, idVendor=048d, idProduct=c100, bcdDevice=10.00
[    4.426856] usb 3-4: New USB device strings: Mfr=1, Product=2, SerialNumber=0
[    4.426859] usb 3-4: Product: ITE Device(8910)
[    4.426861] usb 3-4: Manufacturer: ITE Tech. Inc.
[    4.434808] Adding 18301632k swap on /dev/sda4.  Priority:-2 extents:1 across:18301632k FS
[    4.488426] ACPI: AC Adapter [ADP0] (on-line)
[    4.500228] acpi_cpufreq: overriding BIOS provided _PSD data
[    4.533082] input: Ideapad extra buttons as /devices/pci0000:00/0000:00:14.3/PNP0C09:00/VPC2004:00/input/input10
[    4.540969] piix4_smbus 0000:00:14.0: SMBus Host Controller at 0xb00, revision 0
[    4.540974] piix4_smbus 0000:00:14.0: Using register 0x02 for SMBus port selection
[    4.541055] piix4_smbus 0000:00:14.0: Auxiliary SMBus Host Controller at 0xb20
[    4.542712] sp5100_tco: SP5100/SB800 TCO WatchDog Timer Driver
[    4.542878] sp5100-tco sp5100-tco: Using 0xfeb00000 for watchdog MMIO address
[    4.542992] sp5100-tco sp5100-tco: initialized. heartbeat=60 sec (nowayout=0)
[    4.544589] audit: type=1400 audit(1612299161.779:2): apparmor="STATUS" operation="profile_load" profile="unconfined" name="lsb_release" pid=649 comm="apparmor_parser"
[    4.544643] audit: type=1400 audit(1612299161.779:3): apparmor="STATUS" operation="profile_load" profile="unconfined" name="/usr/bin/lessopen.sh" pid=655 comm="apparmor_parser"
[    4.544688] audit: type=1400 audit(1612299161.779:4): apparmor="STATUS" operation="profile_load" profile="unconfined" name="klogd" pid=652 comm="apparmor_parser"
[    4.546654] audit: type=1400 audit(1612299161.779:5): apparmor="STATUS" operation="profile_load" profile="unconfined" name="syslogd" pid=654 comm="apparmor_parser"
[    4.546658] audit: type=1400 audit(1612299161.779:6): apparmor="STATUS" operation="profile_load" profile="unconfined" name="php-fpm" pid=651 comm="apparmor_parser"
[    4.546981] audit: type=1400 audit(1612299161.783:7): apparmor="STATUS" operation="profile_load" profile="unconfined" name="dovecot-anvil" pid=656 comm="apparmor_parser"
[    4.547507] audit: type=1400 audit(1612299161.783:8): apparmor="STATUS" operation="profile_load" profile="unconfined" name="nvidia_modprobe" pid=650 comm="apparmor_parser"
[    4.547511] audit: type=1400 audit(1612299161.783:9): apparmor="STATUS" operation="profile_load" profile="unconfined" name="nvidia_modprobe//kmod" pid=650 comm="apparmor_parser"
[    4.547982] audit: type=1400 audit(1612299161.783:10): apparmor="STATUS" operation="profile_load" profile="unconfined" name="syslog-ng" pid=653 comm="apparmor_parser"
[    4.635941] input: PC Speaker as /devices/platform/pcspkr/input/input11
[    4.639780] pstore: Efi pstore disabled, enforce via pstore.backend=efi
[    4.639782] pstore: On a broken BIOS, this can severely harm your system
[    4.639782] pstore: Only enable efi based pstore when you know what you are doing
[    4.875709] cfg80211: Loading compiled-in X.509 certificates for regulatory database
[    4.875878] cfg80211: Loaded X.509 cert 'sforshee: 00b28ddf47aef9cea7'
[    5.134353] Intel(R) Wireless WiFi driver for Linux
[    5.134701] iwlwifi 0000:04:00.0: enabling device (0000 -> 0002)
[    5.147643] kvm: Nested Virtualization enabled
[    5.147651] SVM: kvm: Nested Paging enabled
[    5.147651] SVM: Virtual VMLOAD VMSAVE supported
[    5.147651] SVM: Virtual GIF supported
[    5.152018] MCE: In-kernel MCE decoding enabled.
[    5.153306] input: ITE Tech. Inc. ITE Device(8910) Keyboard as /devices/pci0000:00/0000:00:08.1/0000:05:00.4/usb3/3-4/3-4:1.0/0003:048D:C100.0002/input/input12
[    5.154885] EDAC amd64: F17h_M60h detected (node 0).
[    5.154925] EDAC amd64: Node 0: DRAM ECC disabled.
[    5.157839] libphy: r8169: probed
[    5.158023] r8169 0000:03:00.0 eth0: RTL8168h/8111h, 8c:8c:aa:21:2e:59, XID 541, IRQ 93
[    5.158025] r8169 0000:03:00.0 eth0: jumbo features [frames: 9194 bytes, tx checksumming: ko]
[    5.184271] iwlwifi 0000:04:00.0: api flags index 2 larger than supported by driver
[    5.184286] iwlwifi 0000:04:00.0: TLV_FW_FSEQ_VERSION: FSEQ Version: 89.3.35.22
[    5.184639] iwlwifi 0000:04:00.0: loaded firmware version 59.601f3a66.0 cc-a0-59.ucode op_mode iwlmvm
[    5.210603] nvidia: module license 'NVIDIA' taints kernel.
[    5.210606] Disabling lock debugging due to kernel taint
[    5.211148] input: ITE Tech. Inc. ITE Device(8910) Consumer Control as /devices/pci0000:00/0000:00:08.1/0000:05:00.4/usb3/3-4/3-4:1.0/0003:048D:C100.0002/input/input13
[    5.211231] input: ITE Tech. Inc. ITE Device(8910) Wireless Radio Control as /devices/pci0000:00/0000:00:08.1/0000:05:00.4/usb3/3-4/3-4:1.0/0003:048D:C100.0002/input/input14
[    5.211392] hid-generic 0003:048D:C100.0002: input,hiddev96,hidraw1: USB HID v1.10 Keyboard [ITE Tech. Inc. ITE Device(8910)] on usb-0000:05:00.4-4/input0
[    5.211419] usbcore: registered new interface driver usbhid
[    5.211419] usbhid: USB HID core driver
[    5.216182] EXT4-fs (sda3): mounted filesystem with ordered data mode. Opts: data=ordered
[    5.226445] r8169 0000:03:00.0 eno1: renamed from eth0
[    5.398781] nvidia-nvlink: Nvlink Core is being initialized, major device number 239

[    5.399284] nvidia 0000:01:00.0: enabling device (0100 -> 0103)
[    5.399410] nvidia 0000:01:00.0: vgaarb: changed VGA decodes: olddecodes=io+mem,decodes=none:owns=none
[    5.442484] NVRM: loading NVIDIA UNIX x86_64 Kernel Module  460.32.03  Sun Dec 27 19:00:34 UTC 2020
[    5.548113] EDAC amd64: F17h_M60h detected (node 0).
[    5.548163] EDAC amd64: Node 0: DRAM ECC disabled.
[    5.549241] snd_rn_pci_acp3x 0000:05:00.5: enabling device (0000 -> 0002)
[    5.564351] AMD-Vi: AMD IOMMUv2 driver by Joerg Roedel <jroedel@suse.de>
[    5.570154] snd_hda_intel 0000:01:00.1: enabling device (0000 -> 0002)
[    5.570237] snd_hda_intel 0000:01:00.1: Disabling MSI
[    5.570240] snd_hda_intel 0000:01:00.1: Handle vga_switcheroo audio client
[    5.570317] snd_hda_intel 0000:05:00.6: enabling device (0000 -> 0002)
[    5.590145] iwlwifi 0000:04:00.0: Detected Intel(R) Wi-Fi 6 AX200 160MHz, REV=0x340
[    5.599798] input: HDA NVidia HDMI/DP,pcm=3 as /devices/pci0000:00/0000:00:01.1/0000:01:00.1/sound/card0/input15
[    5.599843] input: HDA NVidia HDMI/DP,pcm=7 as /devices/pci0000:00/0000:00:01.1/0000:01:00.1/sound/card0/input16
[    5.599876] input: HDA NVidia HDMI/DP,pcm=8 as /devices/pci0000:00/0000:00:01.1/0000:01:00.1/sound/card0/input17
[    5.599908] input: HDA NVidia HDMI/DP,pcm=9 as /devices/pci0000:00/0000:00:01.1/0000:01:00.1/sound/card0/input18
[    5.599962] input: HDA NVidia HDMI/DP,pcm=10 as /devices/pci0000:00/0000:00:01.1/0000:01:00.1/sound/card0/input19
[    5.604261] nvidia_uvm: module uses symbols from proprietary module nvidia, inheriting taint.
[    5.708077] EDAC amd64: F17h_M60h detected (node 0).
[    5.708125] EDAC amd64: Node 0: DRAM ECC disabled.
[    5.708714] nvidia-uvm: Loaded the UVM driver, major device number 237.
[    5.709406] snd_hda_codec_realtek hdaudioC1D0: autoconfig for ALC257: line_outs=1 (0x14/0x0/0x0/0x0/0x0) type:speaker
[    5.709408] snd_hda_codec_realtek hdaudioC1D0:    speaker_outs=0 (0x0/0x0/0x0/0x0/0x0)
[    5.709409] snd_hda_codec_realtek hdaudioC1D0:    hp_outs=1 (0x21/0x0/0x0/0x0/0x0)
[    5.709409] snd_hda_codec_realtek hdaudioC1D0:    mono: mono_out=0x0
[    5.709410] snd_hda_codec_realtek hdaudioC1D0:    inputs:
[    5.709411] snd_hda_codec_realtek hdaudioC1D0:      Mic=0x19
[    5.709411] snd_hda_codec_realtek hdaudioC1D0:      Internal Mic=0x12
[    5.757676] input: HDA Digital PCBeep as /devices/pci0000:00/0000:00:08.1/0000:05:00.6/sound/card1/input20
[    5.757744] input: HD-Audio Generic Mic as /devices/pci0000:00/0000:00:08.1/0000:05:00.6/sound/card1/input21
[    5.757795] input: HD-Audio Generic Headphone as /devices/pci0000:00/0000:00:08.1/0000:05:00.6/sound/card1/input22
[    5.764596] nvidia-modeset: Loading NVIDIA Kernel Mode Setting Driver for UNIX platforms  460.32.03  Sun Dec 27 18:51:11 UTC 2020
[    5.772658] [drm] [nvidia-drm] [GPU ID 0x00000100] Loading driver
[    5.772660] [drm] Initialized nvidia-drm 0.0.0 20160202 for 0000:01:00.0 on minor 0
[    5.819024] iwlwifi 0000:04:00.0: base HW address: 08:5b:d6:eb:66:7b
[    5.833296] thermal thermal_zone0: failed to read out thermal zone (-61)
[    5.835832] iwlwifi 0000:04:00.0 wlp4s0: renamed from wlan0
[    5.835877] bpfilter: Loaded bpfilter_umh pid 1259
[    5.836125] Started bpfilter
[    5.991608] i2c_hid i2c-MSFT0001:00: i2c_hid_get_input: incomplete report (14/28160)
[    5.992285] i2c_hid i2c-MSFT0001:00: i2c_hid_get_input: IRQ triggered but there's no data
[    6.422674] mc: Linux media interface: v0.10
[    6.435981] videodev: Linux video capture interface: v2.00
[    6.461349] Bluetooth: Core ver 2.22
[    6.461376] NET: Registered protocol family 31
[    6.461376] Bluetooth: HCI device and connection manager initialized
[    6.461379] Bluetooth: HCI socket layer initialized
[    6.461380] Bluetooth: L2CAP socket layer initialized
[    6.461382] Bluetooth: SCO socket layer initialized
[    6.586114] usbcore: registered new interface driver btusb
[    6.589783] Bluetooth: hci0: Firmware revision 0.0 build 127 week 48 2020
[    6.602917] uvcvideo: Found UVC 1.10 device Integrated Camera (174f:244c)
[    6.624406] input: Integrated Camera: Integrated C as /devices/pci0000:00/0000:00:08.1/0000:05:00.3/usb1/1-3/1-3:1.0/input/input23
[    6.624483] usbcore: registered new interface driver uvcvideo
[    6.624484] USB Video Class driver (1.1.1)
[    6.744105] Bluetooth: BNEP (Ethernet Emulation) ver 1.3
[    6.744117] Bluetooth: BNEP filters: protocol multicast
[    6.744121] Bluetooth: BNEP socket layer initialized
[    6.761315] EDAC amd64: F17h_M60h detected (node 0).
[    6.761388] EDAC amd64: Node 0: DRAM ECC disabled.
[    6.763965] [drm] amdgpu kernel modesetting enabled.
[    6.763988] vga_switcheroo: detected switching method \_SB_.PCI0.GP17.VGA_.ATPX handle
[    6.764309] ATPX version 1, functions 0x00000001
[    6.764341] ATPX Hybrid Graphics
[    6.764422] Virtual CRAT table created for CPU
[    6.764431] amdgpu: Topology: Add CPU node
[    6.764497] checking generic (fce0000000 7e9000) vs hw (fce0000000 10000000)
[    6.764498] fb0: switching to amdgpudrmfb from EFI VGA
[    6.764666] Console: switching to colour dummy device 80x25
[    6.764702] amdgpu 0000:05:00.0: vgaarb: deactivate vga console
[    6.764759] amdgpu 0000:05:00.0: enabling device (0006 -> 0007)
[    6.764810] [drm] initializing kernel modesetting (RENOIR 0x1002:0x1636 0x17AA:0x3A3E 0xC6).
[    6.764812] amdgpu 0000:05:00.0: amdgpu: Trusted Memory Zone (TMZ) feature disabled as experimental (default)
[    6.764876] [drm] register mmio base: 0xD1500000
[    6.764877] [drm] register mmio size: 524288
[    6.764879] [drm] PCIE atomic ops is not supported
[    6.766076] [drm] add ip block number 0 <soc15_common>
[    6.766077] [drm] add ip block number 1 <gmc_v9_0>
[    6.766077] [drm] add ip block number 2 <vega10_ih>
[    6.766079] [drm] add ip block number 3 <psp>
[    6.766080] [drm] add ip block number 4 <smu>
[    6.766081] [drm] add ip block number 5 <gfx_v9_0>
[    6.766082] [drm] add ip block number 6 <sdma_v4_0>
[    6.766083] [drm] add ip block number 7 <dm>
[    6.766083] [drm] add ip block number 8 <vcn_v2_0>
[    6.766084] [drm] add ip block number 9 <jpeg_v2_0>
[    6.766100] amdgpu 0000:05:00.0: amdgpu: Fetched VBIOS from VFCT
[    6.766103] amdgpu: ATOM BIOS: 113-RENOIR-025
[    6.766206] NET: Registered protocol family 38
[    6.766745] Generic FE-GE Realtek PHY r8169-300:00: attached PHY driver [Generic FE-GE Realtek PHY] (mii_bus:phy_addr=r8169-300:00, irq=IGNORE)
[    6.768082] [drm] VCN decode is enabled in VM mode
[    6.768084] [drm] VCN encode is enabled in VM mode
[    6.768085] [drm] JPEG decode is enabled in VM mode
[    6.768124] [drm] vm size is 262144 GB, 4 levels, block size is 9-bit, fragment size is 9-bit
[    6.768131] amdgpu 0000:05:00.0: amdgpu: VRAM: 512M 0x000000F400000000 - 0x000000F41FFFFFFF (512M used)
[    6.768132] amdgpu 0000:05:00.0: amdgpu: GART: 1024M 0x0000000000000000 - 0x000000003FFFFFFF
[    6.768133] amdgpu 0000:05:00.0: amdgpu: AGP: 267419648M 0x000000F800000000 - 0x0000FFFFFFFFFFFF
[    6.768137] [drm] Detected VRAM RAM=512M, BAR=512M
[    6.768138] [drm] RAM width 64bits DDR4
[    6.768189] [TTM] Zone  kernel: Available graphics memory: 3736628 KiB
[    6.768190] [TTM] Zone   dma32: Available graphics memory: 2097152 KiB
[    6.768190] [TTM] Initializing pool allocator
[    6.768193] [TTM] Initializing DMA pool allocator
[    6.768222] [drm] amdgpu: 512M of VRAM memory ready
[    6.768225] [drm] amdgpu: 3072M of GTT memory ready.
[    6.768226] [drm] GART: num cpu pages 262144, num gpu pages 262144
[    6.768340] [drm] PCIE GART of 1024M enabled (table at 0x000000F400900000).
[    6.787078] [drm] Loading DMUB firmware via PSP: version=0x00000000
[    6.805679] [drm] Found VCN firmware Version ENC: 1.7 DEC: 4 VEP: 0 Revision: 17
[    6.805692] [drm] PSP loading VCN firmware
[    7.463745] [drm] reserve 0x400000 from 0xf41f800000 for PSP TMR
[    7.480974] r8169 0000:03:00.0 eno1: Link is Down
[    7.512183] EDAC amd64: F17h_M60h detected (node 0).
[    7.512222] EDAC amd64: Node 0: DRAM ECC disabled.
[    7.633579] EDAC amd64: F17h_M60h detected (node 0).
[    7.633632] EDAC amd64: Node 0: DRAM ECC disabled.
[    7.642745] amdgpu 0000:05:00.0: amdgpu: RAS: optional ras ta ucode is not available
[    7.666763] amdgpu 0000:05:00.0: amdgpu: RAP: optional rap ta ucode is not available
[    7.666969] amdgpu 0000:05:00.0: amdgpu: smu driver if version = 0x0000000e, smu fw if version = 0x0000000c, smu fw version = 0x00373100 (55.49.0)
[    7.666971] amdgpu 0000:05:00.0: amdgpu: SMU driver if version not matched
[    7.667158] amdgpu 0000:05:00.0: amdgpu: SMU is initialized successfully!
[    7.668532] [drm] kiq ring mec 2 pipe 1 q 0
[    7.669309] [drm] Display Core initialized with v3.2.104!
[    7.682266] [drm] DMUB hardware initialized: version=0x01000000
[    7.722096] ACPI: \: failed to evaluate _DSM (0x1001)
[    7.722098] ACPI: \: failed to evaluate _DSM (0x1001)
[    7.752139] amdgpu: XXX update_connector_ext_caps: eDP-1: signal=128, max_cll=0, min_cll=0
[    7.752142] amdgpu: XXX update_connector_ext_caps: eDP-1: aux_support=1, aux_max=50, aux_min=0
[    7.753803] amdgpu: XXX amdgpu_dm_register_backlight_device
[    7.753805] amdgpu: XXX amdgpu_dm_update_backlight_caps: caps_valid=0 aux_support=0 min=0 max=0
[    7.764168] [drm] VCN decode and encode initialized successfully(under DPG Mode).
[    7.764190] [drm] JPEG decode initialized successfully.
[    7.765359] kfd kfd: Allocated 3969056 bytes on gart
[    7.765832] Virtual CRAT table created for GPU
[    7.766195] amdgpu: Topology: Add dGPU node [0x1636:0x1002]
[    7.766199] kfd kfd: added device 1002:1636
[    7.766202] amdgpu 0000:05:00.0: amdgpu: SE 1, SH per SE 2, CU per SH 18, active_cu_number 27
[    7.767228] [drm] fb mappable at 0x210CE0000
[    7.767230] [drm] vram apper at 0x210000000
[    7.767230] [drm] size 8294400
[    7.767230] [drm] fb depth is 24
[    7.767230] [drm]    pitch is 7680
[    7.767320] fbcon: amdgpudrmfb (fb0) is primary device
[    7.801079] Console: switching to colour frame buffer device 240x67
[    7.807813] EDAC amd64: F17h_M60h detected (node 0).
[    7.807878] EDAC amd64: Node 0: DRAM ECC disabled.
[    7.814739] amdgpu 0000:05:00.0: [drm] fb0: amdgpudrmfb frame buffer device
[    7.842854] amdgpu 0000:05:00.0: amdgpu: ring gfx uses VM inv eng 0 on hub 0
[    7.842857] amdgpu 0000:05:00.0: amdgpu: ring comp_1.0.0 uses VM inv eng 1 on hub 0
[    7.842858] amdgpu 0000:05:00.0: amdgpu: ring comp_1.1.0 uses VM inv eng 4 on hub 0
[    7.842860] amdgpu 0000:05:00.0: amdgpu: ring comp_1.2.0 uses VM inv eng 5 on hub 0
[    7.842861] amdgpu 0000:05:00.0: amdgpu: ring comp_1.3.0 uses VM inv eng 6 on hub 0
[    7.842862] amdgpu 0000:05:00.0: amdgpu: ring comp_1.0.1 uses VM inv eng 7 on hub 0
[    7.842863] amdgpu 0000:05:00.0: amdgpu: ring comp_1.1.1 uses VM inv eng 8 on hub 0
[    7.842864] amdgpu 0000:05:00.0: amdgpu: ring comp_1.2.1 uses VM inv eng 9 on hub 0
[    7.842866] amdgpu 0000:05:00.0: amdgpu: ring comp_1.3.1 uses VM inv eng 10 on hub 0
[    7.842867] amdgpu 0000:05:00.0: amdgpu: ring kiq_2.1.0 uses VM inv eng 11 on hub 0
[    7.842868] amdgpu 0000:05:00.0: amdgpu: ring sdma0 uses VM inv eng 0 on hub 1
[    7.842870] amdgpu 0000:05:00.0: amdgpu: ring vcn_dec uses VM inv eng 1 on hub 1
[    7.842871] amdgpu 0000:05:00.0: amdgpu: ring vcn_enc0 uses VM inv eng 4 on hub 1
[    7.842872] amdgpu 0000:05:00.0: amdgpu: ring vcn_enc1 uses VM inv eng 5 on hub 1
[    7.842874] amdgpu 0000:05:00.0: amdgpu: ring jpeg_dec uses VM inv eng 6 on hub 1
[    7.847840] [drm] Initialized amdgpu 3.40.0 20150101 for 0000:05:00.0 on minor 1
[    7.903588] amdgpu: XXX amdgpu_dm_update_backlight_caps: caps_valid=1 aux_support=0 min=0 max=255
[    7.903590] amdgpu: XXX amdgpu_dm_backlight_update_status: 255 / 50000, aux=1
[    7.924016] EDAC amd64: F17h_M60h detected (node 0).
[    7.924057] EDAC amd64: Node 0: DRAM ECC disabled.
[    7.984135] ACPI: \: failed to evaluate _DSM (0x1001)
[    7.984137] ACPI: \: failed to evaluate _DSM (0x1001)
[    8.043573] EDAC amd64: F17h_M60h detected (node 0).
[    8.043621] EDAC amd64: Node 0: DRAM ECC disabled.
[    8.044379] NET: Registered protocol family 17
[    8.180558] EDAC amd64: F17h_M60h detected (node 0).
[    8.180605] EDAC amd64: Node 0: DRAM ECC disabled.
[    8.307873] EDAC amd64: F17h_M60h detected (node 0).
[    8.307922] EDAC amd64: Node 0: DRAM ECC disabled.
[    8.388053] EDAC amd64: F17h_M60h detected (node 0).
[    8.388101] EDAC amd64: Node 0: DRAM ECC disabled.
[    8.443976] EDAC amd64: F17h_M60h detected (node 0).
[    8.444025] EDAC amd64: Node 0: DRAM ECC disabled.
[    8.523921] EDAC amd64: F17h_M60h detected (node 0).
[    8.523971] EDAC amd64: Node 0: DRAM ECC disabled.
[    8.567733] EDAC amd64: F17h_M60h detected (node 0).
[    8.567781] EDAC amd64: Node 0: DRAM ECC disabled.
[    8.648042] EDAC amd64: F17h_M60h detected (node 0).
[    8.648090] EDAC amd64: Node 0: DRAM ECC disabled.
[   31.906283] wlp4s0: authenticate with 00:6d:61:ee:5d:36
[   31.916125] wlp4s0: send auth to 00:6d:61:ee:5d:36 (try 1/3)
[   31.946883] wlp4s0: authenticated
[   31.950765] wlp4s0: associate with 00:6d:61:ee:5d:36 (try 1/3)
[   31.955424] wlp4s0: RX AssocResp from 00:6d:61:ee:5d:36 (capab=0x411 status=0 aid=4)
[   31.983939] wlp4s0: associated
[   32.033537] IPv6: ADDRCONF(NETDEV_CHANGE): wlp4s0: link becomes ready
[   63.207385] ACPI Warning: \_SB.PCI0.GPP0.PEGP._DSM: Argument #4 type mismatch - Found [Buffer], ACPI requires [Package] (20200925/nsarguments-61)
[   63.552101] NVRM: nv_acpi_dsm_method: DSM data invalid!
[   70.856105] Bluetooth: RFCOMM TTY layer initialized
[   70.856115] Bluetooth: RFCOMM socket layer initialized
[   70.856121] Bluetooth: RFCOMM ver 1.11
[  109.234798] amdgpu: XXX amdgpu_dm_backlight_update_status: 255 / 50000, aux=1
[  109.251811] amdgpu: XXX amdgpu_dm_backlight_update_status: 254 / 49804, aux=1
[  109.299907] amdgpu: XXX amdgpu_dm_backlight_update_status: 253 / 49608, aux=1
[  109.316715] amdgpu: XXX amdgpu_dm_backlight_update_status: 252 / 49412, aux=1
[  109.332529] amdgpu: XXX amdgpu_dm_backlight_update_status: 251 / 49216, aux=1
[  109.348344] amdgpu: XXX amdgpu_dm_backlight_update_status: 249 / 48824, aux=1
[  109.359890] amdgpu: XXX amdgpu_dm_backlight_update_status: 246 / 48235, aux=1
[  109.360541] amdgpu: XXX amdgpu_dm_backlight_update_status: 241 / 47255, aux=1
[  109.361150] amdgpu: XXX amdgpu_dm_backlight_update_status: 249 / 48824, aux=1
[  109.364013] amdgpu: XXX amdgpu_dm_backlight_update_status: 248 / 48627, aux=1
[  109.395890] amdgpu: XXX amdgpu_dm_backlight_update_status: 247 / 48431, aux=1
[  109.412686] amdgpu: XXX amdgpu_dm_backlight_update_status: 246 / 48235, aux=1
[  109.428541] amdgpu: XXX amdgpu_dm_backlight_update_status: 245 / 48039, aux=1
[  109.444402] amdgpu: XXX amdgpu_dm_backlight_update_status: 243 / 47647, aux=1
[  109.460237] amdgpu: XXX amdgpu_dm_backlight_update_status: 241 / 47255, aux=1
[  109.476068] amdgpu: XXX amdgpu_dm_backlight_update_status: 239 / 46863, aux=1
[  109.491905] amdgpu: XXX amdgpu_dm_backlight_update_status: 236 / 46275, aux=1
[  109.508711] amdgpu: XXX amdgpu_dm_backlight_update_status: 234 / 45882, aux=1
[  109.523202] amdgpu: XXX amdgpu_dm_backlight_update_status: 231 / 45294, aux=1
[  109.523856] amdgpu: XXX amdgpu_dm_backlight_update_status: 221 / 43333, aux=1
[  109.524481] amdgpu: XXX amdgpu_dm_backlight_update_status: 234 / 45882, aux=1
[  109.525225] amdgpu: XXX amdgpu_dm_backlight_update_status: 233 / 45686, aux=1
[  109.556306] amdgpu: XXX amdgpu_dm_backlight_update_status: 232 / 45490, aux=1
[  109.572137] amdgpu: XXX amdgpu_dm_backlight_update_status: 231 / 45294, aux=1
[  109.588028] amdgpu: XXX amdgpu_dm_backlight_update_status: 230 / 45098, aux=1
[  109.603926] amdgpu: XXX amdgpu_dm_backlight_update_status: 229 / 44902, aux=1
[  109.620793] amdgpu: XXX amdgpu_dm_backlight_update_status: 227 / 44510, aux=1
[  109.636681] amdgpu: XXX amdgpu_dm_backlight_update_status: 225 / 44118, aux=1
[  109.652539] amdgpu: XXX amdgpu_dm_backlight_update_status: 223 / 43725, aux=1
[  109.668391] amdgpu: XXX amdgpu_dm_backlight_update_status: 221 / 43333, aux=1
[  109.684223] amdgpu: XXX amdgpu_dm_backlight_update_status: 220 / 43137, aux=1
[  109.700026] amdgpu: XXX amdgpu_dm_backlight_update_status: 218 / 42745, aux=1
[  109.711523] amdgpu: XXX amdgpu_dm_backlight_update_status: 217 / 42549, aux=1
[  109.712197] amdgpu: XXX amdgpu_dm_backlight_update_status: 205 / 40196, aux=1
[  109.712942] amdgpu: XXX amdgpu_dm_backlight_update_status: 218 / 42745, aux=1
[  109.715823] amdgpu: XXX amdgpu_dm_backlight_update_status: 217 / 42549, aux=1
[  109.748797] amdgpu: XXX amdgpu_dm_backlight_update_status: 216 / 42353, aux=1
[  109.780765] amdgpu: XXX amdgpu_dm_backlight_update_status: 215 / 42157, aux=1
[  109.796606] amdgpu: XXX amdgpu_dm_backlight_update_status: 213 / 41765, aux=1
[  109.812469] amdgpu: XXX amdgpu_dm_backlight_update_status: 212 / 41569, aux=1
[  109.828318] amdgpu: XXX amdgpu_dm_backlight_update_status: 210 / 41176, aux=1
[  109.844154] amdgpu: XXX amdgpu_dm_backlight_update_status: 209 / 40980, aux=1
[  109.860035] amdgpu: XXX amdgpu_dm_backlight_update_status: 207 / 40588, aux=1
[  109.875876] amdgpu: XXX amdgpu_dm_backlight_update_status: 206 / 40392, aux=1
[  109.892690] amdgpu: XXX amdgpu_dm_backlight_update_status: 205 / 40196, aux=1
[  109.905198] amdgpu: XXX amdgpu_dm_backlight_update_status: 204 / 40000, aux=1
[  109.905841] amdgpu: XXX amdgpu_dm_backlight_update_status: 192 / 37647, aux=1
[  109.906468] amdgpu: XXX amdgpu_dm_backlight_update_status: 205 / 40196, aux=1
[  109.908303] amdgpu: XXX amdgpu_dm_backlight_update_status: 204 / 40000, aux=1
[  109.956352] amdgpu: XXX amdgpu_dm_backlight_update_status: 203 / 39804, aux=1
[  109.972222] amdgpu: XXX amdgpu_dm_backlight_update_status: 202 / 39608, aux=1
[  109.988052] amdgpu: XXX amdgpu_dm_backlight_update_status: 200 / 39216, aux=1
[  110.003923] amdgpu: XXX amdgpu_dm_backlight_update_status: 199 / 39020, aux=1
[  110.020813] amdgpu: XXX amdgpu_dm_backlight_update_status: 197 / 38627, aux=1
